{
  "case": "C2_coef_2",
  "ir_source": "ir/C2_coef_2.json",
  "ir_sha256": "sha256:dd74a9cb8d893c6d526ed42c662454e6e3f41df0b753b4a819e0d96d8e6b560b",
  "final_ir_sha256": "sha256:11e5c0bb05adacb501316432d01d05904a65c789e73ec56edddec002e19dfb15",
  "pipeline": {
    "trace_is_identity": false,
    "entries": [
      { "pass": "propositional_simplification", "outcome": "no_op" },
      { "pass": "definition_unfolding", "outcome": "applied" }
    ],
    "rewrite_trace_hash": "sha256:b4fbfaee7ae8353e54a5224b317599c81ef31eb0360d73825945e5a7e0ead9b0"
  },
  "fragment": "LIA",
  "hypotheses_in_final_ir": 3,
  "farkas_compiled_inputs": [
    { "name": "hhi", "compiled": "Le(_pb_atom_0 + -4398046511103 <= 0)" },
    { "name": "hP", "compiled": "Eq(0 = 0)" },
    { "name": "_pb_nonneg_atom_0", "compiled": "Le(-_pb_atom_0 <= 0)" },
    {
      "name": "neg_goal",
      "compiled": "Le(-2*_pb_atom_0 + 18446744069414584321 <= 0)"
    }
  ],
  "hypotheses_not_compilable": [],
  "witness_existence_probe": {
    "status": "witness_exists",
    "support": 2,
    "max_abs_coefficient": "2",
    "witness": {
      "coefficients": [
        { "hypothesis": "hhi", "coefficient": "2" },
        { "hypothesis": "neg_goal", "coefficient": "1" }
      ]
    },
    "farkas_verify": { "verdict": "verified" }
  },
  "backends": {
    "z3": {
      "smtlib_logic": "QF_LIA",
      "solver_response": "unsat",
      "solver_ms": 8,
      "proof_body_present": true,
      "proof_bytes": 1081,
      "native_extraction": {
        "attempted": true,
        "result": "error",
        "ms": 0,
        "kind": "no_farkas_th_lemma",
        "detail": "no Farkas-flavored th-lemma in proof (likely opaque arith form)"
      },
      "fallback_search": {
        "result": "ok",
        "ms": 0,
        "witness": {
          "coefficients": [
            { "hypothesis": "hhi", "coefficient": "2" },
            { "hypothesis": "hP", "coefficient": "-3" },
            { "hypothesis": "neg_goal", "coefficient": "1" }
          ]
        },
        "farkas_verify": { "verdict": "verified" }
      }
    },
    "cvc5": {
      "smtlib_logic": "QF_LIA",
      "solver_response": "unsat",
      "solver_ms": 4,
      "proof_body_present": true,
      "proof_bytes": 3541,
      "native_extraction": {
        "attempted": true,
        "result": "error",
        "ms": 0,
        "kind": "unmatched_literal",
        "detail": "no IR input matches clause literal (not (<= (* -1 _pb_atom_0) (* -1 9223372034707292161))) (compiled Le(-_pb_atom_0 + 9223372034707292161))"
      },
      "case_split_extraction": "error: no_la_generic",
      "fallback_search": {
        "result": "ok",
        "ms": 0,
        "witness": {
          "coefficients": [
            { "hypothesis": "hhi", "coefficient": "2" },
            { "hypothesis": "hP", "coefficient": "-3" },
            { "hypothesis": "neg_goal", "coefficient": "1" }
          ]
        },
        "farkas_verify": { "verdict": "verified" }
      }
    },
    "cvc4": {
      "smtlib_logic": "QF_LIA",
      "solver_response": "unsat",
      "solver_ms": 3,
      "proof_body_present": false,
      "native_extraction": "cvc4 has no proof-trace path (adapter goes straight to the internal closer)",
      "fallback_search": {
        "result": "ok",
        "ms": 0,
        "witness": {
          "coefficients": [
            { "hypothesis": "hhi", "coefficient": "2" },
            { "hypothesis": "hP", "coefficient": "-3" },
            { "hypothesis": "neg_goal", "coefficient": "1" }
          ]
        },
        "farkas_verify": { "verdict": "verified" }
      }
    }
  },
  "adapter_minted": {
    "z3": {
      "outcome": "cert",
      "cert": {
        "tier": 1,
        "format": "farkas",
        "payload": {
          "witness_kind": "farkas",
          "witness_data": {
            "coefficients": [
              { "hypothesis": "hhi", "coefficient": "2" },
              { "hypothesis": "hP", "coefficient": "-3" },
              { "hypothesis": "neg_goal", "coefficient": "1" }
            ]
          }
        }
      }
    },
    "cvc5": {
      "outcome": "cert",
      "cert": {
        "tier": 1,
        "format": "farkas",
        "payload": {
          "witness_kind": "farkas",
          "witness_data": {
            "coefficients": [
              { "hypothesis": "hhi", "coefficient": "2" },
              { "hypothesis": "hP", "coefficient": "-3" },
              { "hypothesis": "neg_goal", "coefficient": "1" }
            ]
          }
        }
      }
    },
    "cvc4": {
      "outcome": "cert",
      "cert": {
        "tier": 1,
        "format": "farkas",
        "payload": {
          "witness_kind": "farkas",
          "witness_data": {
            "coefficients": [
              { "hypothesis": "hhi", "coefficient": "2" },
              { "hypothesis": "hP", "coefficient": "-3" },
              { "hypothesis": "neg_goal", "coefficient": "1" }
            ]
          }
        }
      }
    }
  },
  "fallback_bound_sweep": {
    "smallest_successful_bound": 3,
    "ms": 0,
    "witness": {
      "coefficients": [
        { "hypothesis": "hhi", "coefficient": "2" },
        { "hypothesis": "hP", "coefficient": "-3" },
        { "hypothesis": "neg_goal", "coefficient": "1" }
      ]
    }
  }
}
