unsat
(
(assume a0 (! (< v 4398046511104) :named @p_1))
(assume a1 (= 18446744069414584321 18446744069414584321))
(assume a2 (<= 0 v))
(assume a3 (! (not (! (< (! (* 262144 v) :named @p_2) 18446744069414584321) :named @p_3)) :named @p_4))
(step t0 (cl (not (! (= (! (< (! (+ v (! (* -1 v) :named @p_7)) :named @p_8) (! (+ 4398046511104 (! (* -1 70368744161281) :named @p_5)) :named @p_6)) :named @p_9) false) :named @p_23)) (not @p_9) false) :rule equiv_pos2)
(step t1 (cl (! (= @p_9 (! (not (! (>= @p_8 @p_6) :named @p_24)) :named @p_25)) :named @p_34)) :rule hole :args ("TRUST_THEORY_REWRITE" @p_34 3 6))
(step t2 (cl (! (= @p_8 0) :named @p_33)) :rule hole :args ("TRUST_THEORY_REWRITE" @p_33 3 7))
(step t3 (cl (= 4398046511104 4398046511104)) :rule refl)
(step t4 (cl (! (= @p_5 -70368744161281) :named @p_32)) :rule hole :args ("TRUST_THEORY_REWRITE" @p_32 3 7))
(step t5 (cl (= @p_6 (! (+ 4398046511104 -70368744161281) :named @p_30))) :rule cong :premises (t3 t4))
(step t6 (cl (! (= @p_30 -65970697650177) :named @p_31)) :rule hole :args ("TRUST_THEORY_REWRITE" @p_31 3 7))
(step t7 (cl (= @p_6 -65970697650177)) :rule trans :premises (t5 t6))
(step t8 (cl (= @p_24 (! (>= 0 -65970697650177) :named @p_28))) :rule cong :premises (t2 t7))
(step t9 (cl (! (= @p_28 true) :named @p_29)) :rule hole :args ("TRUST_THEORY_REWRITE" @p_29 3 7))
(step t10 (cl (= @p_24 true)) :rule trans :premises (t8 t9))
(step t11 (cl (= @p_25 (! (not true) :named @p_26))) :rule cong :premises (t10))
(step t12 (cl (! (= @p_26 false) :named @p_27)) :rule hole :args ("TRUST_THEORY_REWRITE" @p_27 1 7))
(step t13 (cl (= @p_25 false)) :rule trans :premises (t11 t12))
(step t14 (cl @p_23) :rule trans :premises (t1 t13))
(step t15 (cl (not @p_1) (not (! (<= @p_7 @p_5) :named @p_10)) @p_9) :rule la_generic :args (1/1 1/1 1/1))
(step t16 (cl (=> (! (and (! (< -1 0) :named @p_12) (! (>= v 70368744161281) :named @p_11)) :named @p_13) @p_10)) :rule la_mult_neg)
(step t17 (cl (not @p_13) @p_10) :rule implies :premises (t16))
(step t18 (cl @p_13 (not @p_12) (! (not @p_11) :named @p_15)) :rule and_neg)
(step t19 (cl (= (! (= @p_12 true) :named @p_22) @p_12)) :rule equiv_simplify)
(step t20 (cl (not @p_22) @p_12) :rule equiv1 :premises (t19))
(step t21 (cl @p_22) :rule rare_rewrite :args ("evaluate"))
(step t22 (cl @p_12) :rule resolution :premises (t20 t21))
(step t23 (cl (not (! (= @p_4 @p_11) :named @p_14)) (not @p_4) @p_11) :rule equiv_pos2)
(step t24 (cl (! (= @p_3 (! (not (! (>= @p_2 18446744069414584321) :named @p_18)) :named @p_19)) :named @p_21)) :rule hole :args ("TRUST_THEORY_REWRITE" @p_21 3 6))
(step t25 (cl (! (= @p_18 @p_11) :named @p_20)) :rule hole :args ("TRUST_THEORY_REWRITE" @p_20 3 7))
(step t26 (cl (= @p_19 @p_15)) :rule cong :premises (t25))
(step t27 (cl (= @p_3 @p_15)) :rule trans :premises (t24 t26))
(step t28 (cl (= @p_4 (! (not @p_15) :named @p_16))) :rule cong :premises (t27))
(step t29 (cl (! (= @p_16 @p_11) :named @p_17)) :rule hole :args ("TRUST_THEORY_REWRITE" @p_17 1 7))
(step t30 (cl @p_14) :rule trans :premises (t28 t29))
(step t31 (cl @p_11) :rule resolution :premises (t23 t30 a3))
(step t32 (cl @p_13) :rule resolution :premises (t18 t22 t31))
(step t33 (cl @p_10) :rule resolution :premises (t17 t32))
(step t34 (cl @p_9) :rule resolution :premises (t15 a0 t33))
(step t35 (cl false) :rule resolution :premises (t0 t14 t34))
(step t36 (cl (not false)) :rule false)
(step t37 (cl) :rule resolution :premises (t35 t36))
)
