Build completed successfully (6 jobs).
Build completed successfully (14 jobs).
⚠ [2/21] Replayed ProofBroker.IR
warning: ProofBroker/IR.lean:17:0: `Lean.RBMap` is deprecated; use `Std.TreeMap` instead
'Lean.Data.RBMap' has been deprecated: please replace this import by

import Init.Data.Ord.Basic
import Init.Data.Nat.Linear
import Init.Data.Array.Basic
import Init.WFTactics
⚠ [12/21] Replayed ProofBroker.Alethe
warning: ProofBroker/Alethe.lean:293:13: `String.trim` has been deprecated: Use `String.trimAscii` instead

Note: The updated constant has a different type:
  String → String.Slice
instead of
  String → String
⚠ [17/21] Replayed ProofBroker.Tactic
warning: ProofBroker/Tactic.lean:4269:37: `Lean.levelOne` has been deprecated: Use `Lean.Level.one` instead

Note: The updated constant is in a different namespace. Dot notation may need to be changed (e.g., from `x.levelOne` to `Level.one x`).
Build completed successfully (21 jobs).
Traceback (most recent call last):
  File "/home/jeans/Repos/research/proof-broker/experiments/r6/envelope_episode.py", line 328, in <module>
    main()
    ~~~~^^
  File "/home/jeans/Repos/research/proof-broker/experiments/r6/envelope_episode.py", line 313, in main
    execute(run, task, args.case, args.packages_dir)
    ~~~~~~~^^^^^^^^^^^^^^^^^^^^^^^^^^^^^^^^^^^^^^^^^
  File "/home/jeans/Repos/research/proof-broker/experiments/r6/envelope_episode.py", line 267, in execute
    session.invoke(tools['receiver'], case)
    ~~~~~~~~~~~~~~^^^^^^^^^^^^^^^^^^^^^^^^^
  File "/home/jeans/Repos/research/proof-broker/experiments/r6/envelope_episode.py", line 130, in invoke
    raise wire.BoundaryFailure('request_budget_exhaustion', 'proposal', 'Frozen transmission budget exhausted')
envelope_payload.BoundaryFailure: Frozen transmission budget exhausted
