Build completed successfully (6 jobs).
Build completed successfully (14 jobs).
⚠ [2/21] Replayed ProofBroker.IR
warning: ProofBroker/IR.lean:17:0: `Lean.RBMap` is deprecated; use `Std.TreeMap` instead
'Lean.Data.RBMap' has been deprecated: please replace this import by

import Init.Data.Ord.Basic
import Init.Data.Nat.Linear
import Init.Data.Array.Basic
import Init.WFTactics
⚠ [12/21] Replayed ProofBroker.Alethe
warning: ProofBroker/Alethe.lean:293:13: `String.trim` has been deprecated: Use `String.trimAscii` instead

Note: The updated constant has a different type:
  String → String.Slice
instead of
  String → String
⚠ [17/21] Replayed ProofBroker.Tactic
warning: ProofBroker/Tactic.lean:4269:37: `Lean.levelOne` has been deprecated: Use `Lean.Level.one` instead

Note: The updated constant is in a different namespace. Dot notation may need to be changed (e.g., from `x.levelOne` to `Level.one x`).
Build completed successfully (21 jobs).
Traceback (most recent call last):
  File "/home/jeans/Repos/research/proof-broker/experiments/r6/envelope_episode.py", line 328, in <module>
    main()
    ~~~~^^
  File "/home/jeans/Repos/research/proof-broker/experiments/r6/envelope_episode.py", line 313, in main
    execute(run, task, args.case, args.packages_dir)
    ~~~~~~~^^^^^^^^^^^^^^^^^^^^^^^^^^^^^^^^^^^^^^^^^
  File "/home/jeans/Repos/research/proof-broker/experiments/r6/envelope_episode.py", line 265, in execute
    response = session.invoke(tools['receiver'], case)
  File "/home/jeans/Repos/research/proof-broker/experiments/r6/envelope_episode.py", line 168, in invoke
    raise failure
  File "/home/jeans/Repos/research/proof-broker/experiments/r6/envelope_episode.py", line 147, in invoke
    output = episode.stage(root, 'proposal-1', receiver,
        [case if case in {'timeout', 'transport_error'} else 'normal'],
        [(root/'serialized-envelope.json', '/wire.json'), (root/'canned-response.json', '/canned.json')],
        wall=config['request_wall_seconds'], cpu=config['request_cpu_seconds'],
        memory=config['request_memory_bytes'], output_limit=config['request_output_bytes'])
  File "/home/jeans/Repos/research/proof-broker/experiments/r6/episode.py", line 108, in stage
    raise StageFailure(name, category, f'{name}: stage failed; see {records}', stats)
episode.StageFailure: proposal-1: stage failed; see /home/jeans/Repos/research/proof-broker/experiments/r6/runs/envelope-checkpoint-v1/d1_timeout/stages/proposal-1
