{"run": "l069-draw2", "fresh": false, "decision": "continue", "outcome": "proof", "reasons": [], "consumed": 64, "committed_micro_usd": 6553600}
{"run": "l070-draw2", "fresh": false, "decision": "continue", "outcome": "proof", "reasons": [], "consumed": 64, "committed_micro_usd": 6553600}
{"run": "l071-draw2", "fresh": false, "decision": "continue", "outcome": "proof", "reasons": [], "consumed": 64, "committed_micro_usd": 6553600}
{"run": "l078-draw2", "fresh": false, "decision": "continue", "outcome": "proof", "reasons": [], "consumed": 64, "committed_micro_usd": 6553600}
{"run": "l096-draw2", "fresh": false, "decision": "continue", "outcome": "proof", "reasons": [], "consumed": 64, "committed_micro_usd": 6553600}
{"run": "l166-draw2", "fresh": false, "decision": "continue", "outcome": "closer_refusal", "reasons": [], "consumed": 64, "committed_micro_usd": 6553600}
{"run": "l170-draw2", "fresh": false, "decision": "continue", "outcome": "witness_rejected", "reasons": [], "consumed": 64, "committed_micro_usd": 6553600}
{"run": "l175-draw2", "fresh": false, "decision": "continue", "outcome": "closer_refusal", "reasons": [], "consumed": 64, "committed_micro_usd": 6553600}
{"run": "l178-draw2", "fresh": false, "decision": "continue", "outcome": "closer_refusal", "reasons": [], "consumed": 64, "committed_micro_usd": 6553600}
{"run": "l204-draw2", "fresh": false, "decision": "continue", "outcome": "closer_refusal", "reasons": [], "consumed": 64, "committed_micro_usd": 6553600}
{"run": "l099-draw2", "fresh": false, "decision": "continue", "outcome": "proof", "reasons": [], "consumed": 64, "committed_micro_usd": 6553600}
{"run": "l069-draw3", "fresh": false, "decision": "continue", "outcome": "proof", "reasons": [], "consumed": 64, "committed_micro_usd": 6553600}
{"run": "l070-draw3", "fresh": false, "decision": "continue", "outcome": "proof", "reasons": [], "consumed": 64, "committed_micro_usd": 6553600}
{"run": "l071-draw3", "fresh": false, "decision": "continue", "outcome": "proof", "reasons": [], "consumed": 64, "committed_micro_usd": 6553600}
{"run": "l078-draw3", "fresh": false, "decision": "continue", "outcome": "proof", "reasons": [], "consumed": 64, "committed_micro_usd": 6553600}
{"run": "l096-draw3", "fresh": false, "decision": "continue", "outcome": "proof", "reasons": [], "consumed": 64, "committed_micro_usd": 6553600}
{"run": "l166-draw3", "fresh": false, "decision": "continue", "outcome": "closer_refusal", "reasons": [], "consumed": 64, "committed_micro_usd": 6553600}
{"run": "l170-draw3", "fresh": false, "decision": "continue", "outcome": "witness_rejected", "reasons": [], "consumed": 64, "committed_micro_usd": 6553600}
{"run": "l175-draw3", "fresh": false, "decision": "continue", "outcome": "closer_refusal", "reasons": [], "consumed": 64, "committed_micro_usd": 6553600}
{"run": "l178-draw3", "fresh": false, "decision": "continue", "outcome": "closer_refusal", "reasons": [], "consumed": 64, "committed_micro_usd": 6553600}
{"run": "l204-draw3", "fresh": false, "decision": "continue", "outcome": "closer_refusal", "reasons": [], "consumed": 64, "committed_micro_usd": 6553600}
{"run": "l099-draw3", "fresh": false, "decision": "continue", "outcome": "proof", "reasons": [], "consumed": 64, "committed_micro_usd": 6553600}
{"run": "l069-draw4", "fresh": false, "decision": "continue", "outcome": "proof", "reasons": [], "consumed": 64, "committed_micro_usd": 6553600}
{"run": "l070-draw4", "fresh": false, "decision": "continue", "outcome": "proof", "reasons": [], "consumed": 64, "committed_micro_usd": 6553600}
{"run": "l071-draw4", "fresh": false, "decision": "continue", "outcome": "proof", "reasons": [], "consumed": 64, "committed_micro_usd": 6553600}
{"run": "l078-draw4", "fresh": false, "decision": "continue", "outcome": "proof", "reasons": [], "consumed": 64, "committed_micro_usd": 6553600}
{"run": "l096-draw4", "fresh": false, "decision": "continue", "outcome": "proof", "reasons": [], "consumed": 64, "committed_micro_usd": 6553600}
{"run": "l166-draw4", "fresh": false, "decision": "continue", "outcome": "closer_refusal", "reasons": [], "consumed": 64, "committed_micro_usd": 6553600}
{"run": "l170-draw4", "fresh": false, "decision": "continue", "outcome": "witness_rejected", "reasons": [], "consumed": 64, "committed_micro_usd": 6553600}
{"run": "l175-draw4", "fresh": false, "decision": "continue", "outcome": "closer_refusal", "reasons": [], "consumed": 64, "committed_micro_usd": 6553600}
{"run": "l178-draw4", "fresh": false, "decision": "continue", "outcome": "closer_refusal", "reasons": [], "consumed": 64, "committed_micro_usd": 6553600}
{"run": "l204-draw4", "fresh": false, "decision": "continue", "outcome": "closer_refusal", "reasons": [], "consumed": 64, "committed_micro_usd": 6553600}
{"run": "l099-draw4", "fresh": false, "decision": "continue", "outcome": "proof", "reasons": [], "consumed": 64, "committed_micro_usd": 6553600}
{"run": "l069-draw5", "fresh": false, "decision": "continue", "outcome": "proof", "reasons": [], "consumed": 64, "committed_micro_usd": 6553600}
{"run": "l070-draw5", "fresh": false, "decision": "continue", "outcome": "proof", "reasons": [], "consumed": 64, "committed_micro_usd": 6553600}
{"run": "l071-draw5", "fresh": false, "decision": "continue", "outcome": "proof", "reasons": [], "consumed": 64, "committed_micro_usd": 6553600}
{"run": "l078-draw5", "fresh": false, "decision": "continue", "outcome": "proof", "reasons": [], "consumed": 64, "committed_micro_usd": 6553600}
{"run": "l096-draw5", "fresh": false, "decision": "continue", "outcome": "proof", "reasons": [], "consumed": 64, "committed_micro_usd": 6553600}
{"run": "l166-draw5", "fresh": false, "decision": "continue", "outcome": "closer_refusal", "reasons": [], "consumed": 64, "committed_micro_usd": 6553600}
{"run": "l170-draw5", "fresh": false, "decision": "continue", "outcome": "witness_rejected", "reasons": [], "consumed": 64, "committed_micro_usd": 6553600}
{"run": "l175-draw5", "fresh": false, "decision": "continue", "outcome": "closer_refusal", "reasons": [], "consumed": 64, "committed_micro_usd": 6553600}
{"run": "l178-draw5", "fresh": false, "decision": "continue", "outcome": "closer_refusal", "reasons": [], "consumed": 64, "committed_micro_usd": 6553600}
{"run": "l204-draw5", "fresh": false, "decision": "continue", "outcome": "closer_refusal", "reasons": [], "consumed": 64, "committed_micro_usd": 6553600}
{"run": "l099-draw5", "fresh": false, "decision": "continue", "outcome": "proof", "reasons": [], "consumed": 64, "committed_micro_usd": 6553600}
{"run": "l069-draw6", "fresh": false, "decision": "continue", "outcome": "proof", "reasons": [], "consumed": 64, "committed_micro_usd": 6553600}
{"run": "l070-draw6", "fresh": false, "decision": "continue", "outcome": "proof", "reasons": [], "consumed": 64, "committed_micro_usd": 6553600}
{"run": "l071-draw6", "fresh": false, "decision": "continue", "outcome": "proof", "reasons": [], "consumed": 64, "committed_micro_usd": 6553600}
{"run": "l078-draw6", "fresh": false, "decision": "continue", "outcome": "proof", "reasons": [], "consumed": 64, "committed_micro_usd": 6553600}
{"run": "l096-draw6", "fresh": false, "decision": "continue", "outcome": "proof", "reasons": [], "consumed": 64, "committed_micro_usd": 6553600}
{"run": "l166-draw6", "fresh": false, "decision": "continue", "outcome": "closer_refusal", "reasons": [], "consumed": 64, "committed_micro_usd": 6553600}
{"run": "l170-draw6", "fresh": false, "decision": "continue", "outcome": "witness_rejected", "reasons": [], "consumed": 64, "committed_micro_usd": 6553600}
{"run": "l175-draw6", "fresh": false, "decision": "continue", "outcome": "closer_refusal", "reasons": [], "consumed": 64, "committed_micro_usd": 6553600}
{"run": "l178-draw6", "fresh": false, "decision": "continue", "outcome": "closer_refusal", "reasons": [], "consumed": 64, "committed_micro_usd": 6553600}
{"run": "l204-draw6", "fresh": false, "decision": "retry", "outcome": "released", "reasons": [], "consumed": 64, "committed_micro_usd": 6553600}
{"preflight": {"existing_block2_slots": 54, "resume": "l204-draw6-attempt2"}}
Build completed successfully (6 jobs).
Build completed successfully (14 jobs).
⚠ [2/21] Replayed ProofBroker.IR
warning: ProofBroker/IR.lean:17:0: `Lean.RBMap` is deprecated; use `Std.TreeMap` instead
'Lean.Data.RBMap' has been deprecated: please replace this import by

import Init.Data.Ord.Basic
import Init.Data.Nat.Linear
import Init.Data.Array.Basic
import Init.WFTactics
⚠ [12/21] Replayed ProofBroker.Alethe
warning: ProofBroker/Alethe.lean:293:13: `String.trim` has been deprecated: Use `String.trimAscii` instead

Note: The updated constant has a different type:
  String → String.Slice
instead of
  String → String
⚠ [17/21] Replayed ProofBroker.Tactic
warning: ProofBroker/Tactic.lean:4305:37: `Lean.levelOne` has been deprecated: Use `Lean.Level.one` instead

Note: The updated constant is in a different namespace. Dot notation may need to be changed (e.g., from `x.levelOne` to `Level.one x`).
Build completed successfully (21 jobs).
{
 "accepted": false,
 "mode": "live",
 "proof_accepted": false,
 "failure_category": "reconstruction_refused",
 "credential_use_accepted": true,
 "publication_accepted": null,
 "publication_pending": true,
 "ledger_reconciled": true,
 "evidence_complete": true,
 "accounting": {
  "attempts_reserved": 1,
  "reservation_state": "reserved",
  "reservation": {
   "reserved_micro_usd": 102400,
   "message_utf8_bytes": 3462,
   "input_tokens_reserved": 16384,
   "output_tokens_reserved": 4096,
   "input_token_bound_status": "byte_ceiling_plus_framing_assumption",
   "billing_guarantee": false,
   "reservation_id": "f8901acda4ab46f7a09471a4e4e1c8d7",
   "request_sha256": "e475df7e36a5cb9880ec7dda12470d635573fe85f6de6140f65097f922407f05",
   "arguments_sha256": "89fbb6205fba2d3f826e3dbb016e46866a1d0581ad5df6843c4cf901dcabfeed",
   "policy_sha256": "9b6153f29eaf4d314ccc82a8b0d8cbf16c4124f034895869a5e8544b4edb8316",
   "pricing_admission_sha256": "1d43436a2e17e8a6d8f34381928212be5c31d77efb4246ad667dce67317011d9",
   "ledger_row_hash": "8c5e3c50a4e91b0127d355015c2837333310ad8e40f436defae83e80fdfc6697",
   "ledger_sha256": "43b9cfa2c9ec70e446c099325a8d6d9900d1d4a38c28046e07b7189caace5029"
  },
  "reservation_id": "f8901acda4ab46f7a09471a4e4e1c8d7",
  "transport_record_observed": true,
  "connection_attempts": 1,
  "headers_started": 1,
  "transmissions_observed": 1,
  "transmissions_returned": 1,
  "grant_committed": true,
  "send_outcome": "returned",
  "ledger_outcome": "send_grant",
  "ledger_reconciled": true,
  "reconciliation_evidence_complete": true,
  "evidence_complete": true,
  "allowance_consumed": 1,
  "endpoint_receipts": 0,
  "usage": {
   "status": "provider_reported",
   "cost_usd": null,
   "input_tokens": 979,
   "output_tokens": 229,
   "total_tokens": 1208,
   "cached_tokens": 0,
   "reasoning_tokens": 153
  },
  "usage_status": "provider_reported",
  "priced_usage_ceiling_micro_usd": 5883,
  "live": true,
  "live_usage_ceiling_usd": 0.005883,
  "scope": "one authorized provider transmission; the ceiling prices reported usage and is not a bill; allowance_consumed is the authoritative disposition (null when unknown), transmissions_observed the sender's own count or null when unobserved"
 }
}
{"run": "l204-draw6-attempt2", "fresh": true, "exit": 0, "decision": "continue", "outcome": "closer_refusal", "reasons": [], "consumed": 65, "committed_micro_usd": 6656000}
Build completed successfully (6 jobs).
Build completed successfully (14 jobs).
⚠ [2/21] Replayed ProofBroker.IR
warning: ProofBroker/IR.lean:17:0: `Lean.RBMap` is deprecated; use `Std.TreeMap` instead
'Lean.Data.RBMap' has been deprecated: please replace this import by

import Init.Data.Ord.Basic
import Init.Data.Nat.Linear
import Init.Data.Array.Basic
import Init.WFTactics
⚠ [12/21] Replayed ProofBroker.Alethe
warning: ProofBroker/Alethe.lean:293:13: `String.trim` has been deprecated: Use `String.trimAscii` instead

Note: The updated constant has a different type:
  String → String.Slice
instead of
  String → String
⚠ [17/21] Replayed ProofBroker.Tactic
warning: ProofBroker/Tactic.lean:4305:37: `Lean.levelOne` has been deprecated: Use `Lean.Level.one` instead

Note: The updated constant is in a different namespace. Dot notation may need to be changed (e.g., from `x.levelOne` to `Level.one x`).
Build completed successfully (21 jobs).
{
 "accepted": false,
 "mode": "live",
 "proof_accepted": true,
 "failure_category": null,
 "credential_use_accepted": true,
 "publication_accepted": null,
 "publication_pending": true,
 "ledger_reconciled": true,
 "evidence_complete": true,
 "accounting": {
  "attempts_reserved": 1,
  "reservation_state": "reserved",
  "reservation": {
   "reserved_micro_usd": 102400,
   "message_utf8_bytes": 3153,
   "input_tokens_reserved": 16384,
   "output_tokens_reserved": 4096,
   "input_token_bound_status": "byte_ceiling_plus_framing_assumption",
   "billing_guarantee": false,
   "reservation_id": "a4de7ef0303d4ff69161de050651b404",
   "request_sha256": "fb1cbeae50d2fb6feef13d94eeb7ef492f4e4535d8c34989bd4d6df31fe3127b",
   "arguments_sha256": "af6941d64edcd63ef14bb212f85c571ce6c44a726038f7f6100bd2088d600408",
   "policy_sha256": "9b6153f29eaf4d314ccc82a8b0d8cbf16c4124f034895869a5e8544b4edb8316",
   "pricing_admission_sha256": "df987e28043f2dc4d2ea176caa553ba13535d1234e4db718c51119cdfb85382b",
   "ledger_row_hash": "11bbd8062713255e8f44059b0a9da1a3a4a4f8a66edce9d23efd5e6bbb72cf2d",
   "ledger_sha256": "eb013cfad5111ed3d30755cad54668ba8a3f00dd85553ea439c84bac9005a134"
  },
  "reservation_id": "a4de7ef0303d4ff69161de050651b404",
  "transport_record_observed": true,
  "connection_attempts": 1,
  "headers_started": 1,
  "transmissions_observed": 1,
  "transmissions_returned": 1,
  "grant_committed": true,
  "send_outcome": "returned",
  "ledger_outcome": "send_grant",
  "ledger_reconciled": true,
  "reconciliation_evidence_complete": true,
  "evidence_complete": true,
  "allowance_consumed": 1,
  "endpoint_receipts": 0,
  "usage": {
   "status": "provider_reported",
   "cost_usd": null,
   "input_tokens": 898,
   "output_tokens": 202,
   "total_tokens": 1100,
   "cached_tokens": 0,
   "reasoning_tokens": 119
  },
  "usage_status": "provider_reported",
  "priced_usage_ceiling_micro_usd": 5275,
  "live": true,
  "live_usage_ceiling_usd": 0.005275,
  "scope": "one authorized provider transmission; the ceiling prices reported usage and is not a bill; allowance_consumed is the authoritative disposition (null when unknown), transmissions_observed the sender's own count or null when unobserved"
 }
}
{"run": "l099-draw6", "fresh": true, "exit": 0, "decision": "continue", "outcome": "proof", "reasons": [], "consumed": 66, "committed_micro_usd": 6758400}
Build completed successfully (6 jobs).
Build completed successfully (14 jobs).
⚠ [2/21] Replayed ProofBroker.IR
warning: ProofBroker/IR.lean:17:0: `Lean.RBMap` is deprecated; use `Std.TreeMap` instead
'Lean.Data.RBMap' has been deprecated: please replace this import by

import Init.Data.Ord.Basic
import Init.Data.Nat.Linear
import Init.Data.Array.Basic
import Init.WFTactics
⚠ [12/21] Replayed ProofBroker.Alethe
warning: ProofBroker/Alethe.lean:293:13: `String.trim` has been deprecated: Use `String.trimAscii` instead

Note: The updated constant has a different type:
  String → String.Slice
instead of
  String → String
⚠ [17/21] Replayed ProofBroker.Tactic
warning: ProofBroker/Tactic.lean:4305:37: `Lean.levelOne` has been deprecated: Use `Lean.Level.one` instead

Note: The updated constant is in a different namespace. Dot notation may need to be changed (e.g., from `x.levelOne` to `Level.one x`).
Build completed successfully (21 jobs).
{
 "accepted": false,
 "mode": "live",
 "proof_accepted": true,
 "failure_category": null,
 "credential_use_accepted": true,
 "publication_accepted": null,
 "publication_pending": true,
 "ledger_reconciled": true,
 "evidence_complete": true,
 "accounting": {
  "attempts_reserved": 1,
  "reservation_state": "reserved",
  "reservation": {
   "reserved_micro_usd": 102400,
   "message_utf8_bytes": 5090,
   "input_tokens_reserved": 16384,
   "output_tokens_reserved": 4096,
   "input_token_bound_status": "byte_ceiling_plus_framing_assumption",
   "billing_guarantee": false,
   "reservation_id": "4f04467299644401b7dbb7b0231e57f3",
   "request_sha256": "e886f2a3604b4e56ac201a36d3e8f1c983f1c824bb6e188402ee0ed08f1ac853",
   "arguments_sha256": "745e10ce13669bb572a667e6c798f6a53ea1432c15f9e3750b775ba5d4988105",
   "policy_sha256": "9b6153f29eaf4d314ccc82a8b0d8cbf16c4124f034895869a5e8544b4edb8316",
   "pricing_admission_sha256": "020b843e3f659ae1d061ffc8fc95ab8e756a31b404d37f91d68d394227a253db",
   "ledger_row_hash": "6e48dacce2c6ac6f78ab52799760b6ffb9393fdd76d946e21d08516ed9c9fc39",
   "ledger_sha256": "144b3270ed06f1cc7cacce276329297767386e7e3fc596c6e2707ba52ce19b59"
  },
  "reservation_id": "4f04467299644401b7dbb7b0231e57f3",
  "transport_record_observed": true,
  "connection_attempts": 1,
  "headers_started": 1,
  "transmissions_observed": 1,
  "transmissions_returned": 1,
  "grant_committed": true,
  "send_outcome": "returned",
  "ledger_outcome": "send_grant",
  "ledger_reconciled": true,
  "reconciliation_evidence_complete": true,
  "evidence_complete": true,
  "allowance_consumed": 1,
  "endpoint_receipts": 0,
  "usage": {
   "status": "provider_reported",
   "cost_usd": null,
   "input_tokens": 1488,
   "output_tokens": 505,
   "total_tokens": 1993,
   "cached_tokens": 0,
   "reasoning_tokens": 413
  },
  "usage_status": "provider_reported",
  "priced_usage_ceiling_micro_usd": 11295,
  "live": true,
  "live_usage_ceiling_usd": 0.011295,
  "scope": "one authorized provider transmission; the ceiling prices reported usage and is not a bill; allowance_consumed is the authoritative disposition (null when unknown), transmissions_observed the sender's own count or null when unobserved"
 }
}
{"run": "l069-draw7", "fresh": true, "exit": 0, "decision": "continue", "outcome": "proof", "reasons": [], "consumed": 67, "committed_micro_usd": 6860800}
Build completed successfully (6 jobs).
Build completed successfully (14 jobs).
⚠ [2/21] Replayed ProofBroker.IR
warning: ProofBroker/IR.lean:17:0: `Lean.RBMap` is deprecated; use `Std.TreeMap` instead
'Lean.Data.RBMap' has been deprecated: please replace this import by

import Init.Data.Ord.Basic
import Init.Data.Nat.Linear
import Init.Data.Array.Basic
import Init.WFTactics
⚠ [12/21] Replayed ProofBroker.Alethe
warning: ProofBroker/Alethe.lean:293:13: `String.trim` has been deprecated: Use `String.trimAscii` instead

Note: The updated constant has a different type:
  String → String.Slice
instead of
  String → String
⚠ [17/21] Replayed ProofBroker.Tactic
warning: ProofBroker/Tactic.lean:4305:37: `Lean.levelOne` has been deprecated: Use `Lean.Level.one` instead

Note: The updated constant is in a different namespace. Dot notation may need to be changed (e.g., from `x.levelOne` to `Level.one x`).
Build completed successfully (21 jobs).
{
 "accepted": false,
 "mode": "live",
 "proof_accepted": true,
 "failure_category": null,
 "credential_use_accepted": true,
 "publication_accepted": null,
 "publication_pending": true,
 "ledger_reconciled": true,
 "evidence_complete": true,
 "accounting": {
  "attempts_reserved": 1,
  "reservation_state": "reserved",
  "reservation": {
   "reserved_micro_usd": 102400,
   "message_utf8_bytes": 5206,
   "input_tokens_reserved": 16384,
   "output_tokens_reserved": 4096,
   "input_token_bound_status": "byte_ceiling_plus_framing_assumption",
   "billing_guarantee": false,
   "reservation_id": "0b8a6820ef24407794396d355f54c534",
   "request_sha256": "c6369e6e517e315e6d0aeef6d150990e0004d6281e4c3736bf8bdf1a75ab704c",
   "arguments_sha256": "50e6c9244b0f79049ede5e358c33879cac244a6b4b54d74dbe60936abd83691f",
   "policy_sha256": "9b6153f29eaf4d314ccc82a8b0d8cbf16c4124f034895869a5e8544b4edb8316",
   "pricing_admission_sha256": "0ae161545575492f59b260a7244622bd60d4884abd8ccbeddf17102ac1d03ad6",
   "ledger_row_hash": "9fd8abc0ef9a18238573ace9708a895f875bb4a896c7b5ba7b84f471ff6b2244",
   "ledger_sha256": "e165e0adc6c5811160c29f832c899c531ce32b979725c9eb629b4a0e10537de0"
  },
  "reservation_id": "0b8a6820ef24407794396d355f54c534",
  "transport_record_observed": true,
  "connection_attempts": 1,
  "headers_started": 1,
  "transmissions_observed": 1,
  "transmissions_returned": 1,
  "grant_committed": true,
  "send_outcome": "returned",
  "ledger_outcome": "send_grant",
  "ledger_reconciled": true,
  "reconciliation_evidence_complete": true,
  "evidence_complete": true,
  "allowance_consumed": 1,
  "endpoint_receipts": 0,
  "usage": {
   "status": "provider_reported",
   "cost_usd": null,
   "input_tokens": 1527,
   "output_tokens": 537,
   "total_tokens": 2064,
   "cached_tokens": 0,
   "reasoning_tokens": 454
  },
  "usage_status": "provider_reported",
  "priced_usage_ceiling_micro_usd": 11873,
  "live": true,
  "live_usage_ceiling_usd": 0.011873,
  "scope": "one authorized provider transmission; the ceiling prices reported usage and is not a bill; allowance_consumed is the authoritative disposition (null when unknown), transmissions_observed the sender's own count or null when unobserved"
 }
}
{"run": "l070-draw7", "fresh": true, "exit": 0, "decision": "continue", "outcome": "proof", "reasons": [], "consumed": 68, "committed_micro_usd": 6963200}
Build completed successfully (6 jobs).
Build completed successfully (14 jobs).
⚠ [2/21] Replayed ProofBroker.IR
warning: ProofBroker/IR.lean:17:0: `Lean.RBMap` is deprecated; use `Std.TreeMap` instead
'Lean.Data.RBMap' has been deprecated: please replace this import by

import Init.Data.Ord.Basic
import Init.Data.Nat.Linear
import Init.Data.Array.Basic
import Init.WFTactics
⚠ [12/21] Replayed ProofBroker.Alethe
warning: ProofBroker/Alethe.lean:293:13: `String.trim` has been deprecated: Use `String.trimAscii` instead

Note: The updated constant has a different type:
  String → String.Slice
instead of
  String → String
⚠ [17/21] Replayed ProofBroker.Tactic
warning: ProofBroker/Tactic.lean:4305:37: `Lean.levelOne` has been deprecated: Use `Lean.Level.one` instead

Note: The updated constant is in a different namespace. Dot notation may need to be changed (e.g., from `x.levelOne` to `Level.one x`).
Build completed successfully (21 jobs).
{
 "accepted": false,
 "mode": "live",
 "proof_accepted": true,
 "failure_category": null,
 "credential_use_accepted": true,
 "publication_accepted": null,
 "publication_pending": true,
 "ledger_reconciled": true,
 "evidence_complete": true,
 "accounting": {
  "attempts_reserved": 1,
  "reservation_state": "reserved",
  "reservation": {
   "reserved_micro_usd": 102400,
   "message_utf8_bytes": 5371,
   "input_tokens_reserved": 16384,
   "output_tokens_reserved": 4096,
   "input_token_bound_status": "byte_ceiling_plus_framing_assumption",
   "billing_guarantee": false,
   "reservation_id": "ab8737b0c14b40b2a5c8508a7d596ff7",
   "request_sha256": "b08d433d8700e32802e05e0a98dc3caba5f0e4d58fb6bbc0a46db07048d15c13",
   "arguments_sha256": "2edc52001e56df5dfff2950057839c9d39e8d7cf8aaa2a5aae4815162e49f328",
   "policy_sha256": "9b6153f29eaf4d314ccc82a8b0d8cbf16c4124f034895869a5e8544b4edb8316",
   "pricing_admission_sha256": "1a2fccb9357ad5a76ff79a057760faa59bc67de3290c058c7ba7ed12affb0447",
   "ledger_row_hash": "35ee16b403b6900ed59665aca4f12454d1e6a080b6181ba157bc458933b9cff4",
   "ledger_sha256": "be14351b862c5a2cb25c13b2bb87f2773dc65490030b76409e4157e343d900bd"
  },
  "reservation_id": "ab8737b0c14b40b2a5c8508a7d596ff7",
  "transport_record_observed": true,
  "connection_attempts": 1,
  "headers_started": 1,
  "transmissions_observed": 1,
  "transmissions_returned": 1,
  "grant_committed": true,
  "send_outcome": "returned",
  "ledger_outcome": "send_grant",
  "ledger_reconciled": true,
  "reconciliation_evidence_complete": true,
  "evidence_complete": true,
  "allowance_consumed": 1,
  "endpoint_receipts": 0,
  "usage": {
   "status": "provider_reported",
   "cost_usd": null,
   "input_tokens": 1569,
   "output_tokens": 722,
   "total_tokens": 2291,
   "cached_tokens": 0,
   "reasoning_tokens": 629
  },
  "usage_status": "provider_reported",
  "priced_usage_ceiling_micro_usd": 14753,
  "live": true,
  "live_usage_ceiling_usd": 0.014753,
  "scope": "one authorized provider transmission; the ceiling prices reported usage and is not a bill; allowance_consumed is the authoritative disposition (null when unknown), transmissions_observed the sender's own count or null when unobserved"
 }
}
{"run": "l071-draw7", "fresh": true, "exit": 0, "decision": "continue", "outcome": "proof", "reasons": [], "consumed": 69, "committed_micro_usd": 7065600}
Build completed successfully (6 jobs).
Build completed successfully (14 jobs).
⚠ [2/21] Replayed ProofBroker.IR
warning: ProofBroker/IR.lean:17:0: `Lean.RBMap` is deprecated; use `Std.TreeMap` instead
'Lean.Data.RBMap' has been deprecated: please replace this import by

import Init.Data.Ord.Basic
import Init.Data.Nat.Linear
import Init.Data.Array.Basic
import Init.WFTactics
⚠ [12/21] Replayed ProofBroker.Alethe
warning: ProofBroker/Alethe.lean:293:13: `String.trim` has been deprecated: Use `String.trimAscii` instead

Note: The updated constant has a different type:
  String → String.Slice
instead of
  String → String
⚠ [17/21] Replayed ProofBroker.Tactic
warning: ProofBroker/Tactic.lean:4305:37: `Lean.levelOne` has been deprecated: Use `Lean.Level.one` instead

Note: The updated constant is in a different namespace. Dot notation may need to be changed (e.g., from `x.levelOne` to `Level.one x`).
Build completed successfully (21 jobs).
{
 "accepted": false,
 "mode": "live",
 "proof_accepted": true,
 "failure_category": null,
 "credential_use_accepted": true,
 "publication_accepted": null,
 "publication_pending": true,
 "ledger_reconciled": true,
 "evidence_complete": true,
 "accounting": {
  "attempts_reserved": 1,
  "reservation_state": "reserved",
  "reservation": {
   "reserved_micro_usd": 102400,
   "message_utf8_bytes": 5444,
   "input_tokens_reserved": 16384,
   "output_tokens_reserved": 4096,
   "input_token_bound_status": "byte_ceiling_plus_framing_assumption",
   "billing_guarantee": false,
   "reservation_id": "c2962604301b47ca8ba2eb9c316c4e0a",
   "request_sha256": "5356cb659474154186bf6b6fa93f865528839215432b52995400ca5b924c0d0f",
   "arguments_sha256": "95d3185d248c1356f07132961f35dcee38283df3afe9ffd7d33a309a50957df8",
   "policy_sha256": "9b6153f29eaf4d314ccc82a8b0d8cbf16c4124f034895869a5e8544b4edb8316",
   "pricing_admission_sha256": "1faf05e1275dec421c6d90d793bcc82c7cf5187af2acd5905a96c0d3a51ee4de",
   "ledger_row_hash": "9afcf69fe28d115f2133eb655b705871306996a54468e6812a425143c1383a11",
   "ledger_sha256": "a78b4b3396e9d1f6582d6e65a9e0e1c15643f5f76f3812fd503768e8efd2c917"
  },
  "reservation_id": "c2962604301b47ca8ba2eb9c316c4e0a",
  "transport_record_observed": true,
  "connection_attempts": 1,
  "headers_started": 1,
  "transmissions_observed": 1,
  "transmissions_returned": 1,
  "grant_committed": true,
  "send_outcome": "returned",
  "ledger_outcome": "send_grant",
  "ledger_reconciled": true,
  "reconciliation_evidence_complete": true,
  "evidence_complete": true,
  "allowance_consumed": 1,
  "endpoint_receipts": 0,
  "usage": {
   "status": "provider_reported",
   "cost_usd": null,
   "input_tokens": 1584,
   "output_tokens": 784,
   "total_tokens": 2368,
   "cached_tokens": 0,
   "reasoning_tokens": 688
  },
  "usage_status": "provider_reported",
  "priced_usage_ceiling_micro_usd": 15720,
  "live": true,
  "live_usage_ceiling_usd": 0.01572,
  "scope": "one authorized provider transmission; the ceiling prices reported usage and is not a bill; allowance_consumed is the authoritative disposition (null when unknown), transmissions_observed the sender's own count or null when unobserved"
 }
}
{"run": "l078-draw7", "fresh": true, "exit": 0, "decision": "continue", "outcome": "proof", "reasons": [], "consumed": 70, "committed_micro_usd": 7168000}
Build completed successfully (6 jobs).
Build completed successfully (14 jobs).
⚠ [2/21] Replayed ProofBroker.IR
warning: ProofBroker/IR.lean:17:0: `Lean.RBMap` is deprecated; use `Std.TreeMap` instead
'Lean.Data.RBMap' has been deprecated: please replace this import by

import Init.Data.Ord.Basic
import Init.Data.Nat.Linear
import Init.Data.Array.Basic
import Init.WFTactics
⚠ [12/21] Replayed ProofBroker.Alethe
warning: ProofBroker/Alethe.lean:293:13: `String.trim` has been deprecated: Use `String.trimAscii` instead

Note: The updated constant has a different type:
  String → String.Slice
instead of
  String → String
⚠ [17/21] Replayed ProofBroker.Tactic
warning: ProofBroker/Tactic.lean:4305:37: `Lean.levelOne` has been deprecated: Use `Lean.Level.one` instead

Note: The updated constant is in a different namespace. Dot notation may need to be changed (e.g., from `x.levelOne` to `Level.one x`).
Build completed successfully (21 jobs).
{
 "accepted": false,
 "mode": "live",
 "proof_accepted": true,
 "failure_category": null,
 "credential_use_accepted": true,
 "publication_accepted": null,
 "publication_pending": true,
 "ledger_reconciled": true,
 "evidence_complete": true,
 "accounting": {
  "attempts_reserved": 1,
  "reservation_state": "reserved",
  "reservation": {
   "reserved_micro_usd": 102400,
   "message_utf8_bytes": 3153,
   "input_tokens_reserved": 16384,
   "output_tokens_reserved": 4096,
   "input_token_bound_status": "byte_ceiling_plus_framing_assumption",
   "billing_guarantee": false,
   "reservation_id": "13a58c6d5c5543eba823fc1b58de1860",
   "request_sha256": "4899761934d67daa6e8000611a8c3a8171a8c4e9c746cfb5fa465bd8f9b0a293",
   "arguments_sha256": "744e94fd71b25b5564c8e772e057b17d2211abfab7eb8eec7d602639802d2456",
   "policy_sha256": "9b6153f29eaf4d314ccc82a8b0d8cbf16c4124f034895869a5e8544b4edb8316",
   "pricing_admission_sha256": "b679fab3c0efbacaa5b9c54c4a526a4860e3e76df765eb85d7cefb59eebda3ae",
   "ledger_row_hash": "1da350528cd3284c99812f6fcfaad029dd6cda990190d40039e3e8e644f0389a",
   "ledger_sha256": "be533681888d7545160c1d71b505206e8148ce1035186bd7fba34c21c4699d83"
  },
  "reservation_id": "13a58c6d5c5543eba823fc1b58de1860",
  "transport_record_observed": true,
  "connection_attempts": 1,
  "headers_started": 1,
  "transmissions_observed": 1,
  "transmissions_returned": 1,
  "grant_committed": true,
  "send_outcome": "returned",
  "ledger_outcome": "send_grant",
  "ledger_reconciled": true,
  "reconciliation_evidence_complete": true,
  "evidence_complete": true,
  "allowance_consumed": 1,
  "endpoint_receipts": 0,
  "usage": {
   "status": "provider_reported",
   "cost_usd": null,
   "input_tokens": 893,
   "output_tokens": 183,
   "total_tokens": 1076,
   "cached_tokens": 0,
   "reasoning_tokens": 101
  },
  "usage_status": "provider_reported",
  "priced_usage_ceiling_micro_usd": 4978,
  "live": true,
  "live_usage_ceiling_usd": 0.004978,
  "scope": "one authorized provider transmission; the ceiling prices reported usage and is not a bill; allowance_consumed is the authoritative disposition (null when unknown), transmissions_observed the sender's own count or null when unobserved"
 }
}
{"run": "l096-draw7", "fresh": true, "exit": 0, "decision": "continue", "outcome": "proof", "reasons": [], "consumed": 71, "committed_micro_usd": 7270400}
Build completed successfully (6 jobs).
Build completed successfully (14 jobs).
⚠ [2/21] Replayed ProofBroker.IR
warning: ProofBroker/IR.lean:17:0: `Lean.RBMap` is deprecated; use `Std.TreeMap` instead
'Lean.Data.RBMap' has been deprecated: please replace this import by

import Init.Data.Ord.Basic
import Init.Data.Nat.Linear
import Init.Data.Array.Basic
import Init.WFTactics
⚠ [12/21] Replayed ProofBroker.Alethe
warning: ProofBroker/Alethe.lean:293:13: `String.trim` has been deprecated: Use `String.trimAscii` instead

Note: The updated constant has a different type:
  String → String.Slice
instead of
  String → String
⚠ [17/21] Replayed ProofBroker.Tactic
warning: ProofBroker/Tactic.lean:4305:37: `Lean.levelOne` has been deprecated: Use `Lean.Level.one` instead

Note: The updated constant is in a different namespace. Dot notation may need to be changed (e.g., from `x.levelOne` to `Level.one x`).
Build completed successfully (21 jobs).
{
 "accepted": false,
 "mode": "live",
 "proof_accepted": false,
 "failure_category": "reconstruction_refused",
 "credential_use_accepted": true,
 "publication_accepted": null,
 "publication_pending": true,
 "ledger_reconciled": true,
 "evidence_complete": true,
 "accounting": {
  "attempts_reserved": 1,
  "reservation_state": "reserved",
  "reservation": {
   "reserved_micro_usd": 102400,
   "message_utf8_bytes": 3888,
   "input_tokens_reserved": 16384,
   "output_tokens_reserved": 4096,
   "input_token_bound_status": "byte_ceiling_plus_framing_assumption",
   "billing_guarantee": false,
   "reservation_id": "92800bd7b8614949a860f9f9183535af",
   "request_sha256": "77e2bfd6a61eb11ea173e126f4d680391a8c793131924b867d7f8c021d8c70ee",
   "arguments_sha256": "c457025ea57497e5fe8c7aa8529141fce740dd3a715173f26110eafaa9f7e223",
   "policy_sha256": "9b6153f29eaf4d314ccc82a8b0d8cbf16c4124f034895869a5e8544b4edb8316",
   "pricing_admission_sha256": "85ba534efeedd46f0245e5245d46cc5faa569634e329ea8de7e141f043a2bbb8",
   "ledger_row_hash": "cae77317add8164f28c1a01b5cf247f679cac1c539962cd50f9895991f5e9d1e",
   "ledger_sha256": "ff23e0df63ce9f75b0ebb272cabe5f586b78106185716b69d0fbf70555feac65"
  },
  "reservation_id": "92800bd7b8614949a860f9f9183535af",
  "transport_record_observed": true,
  "connection_attempts": 1,
  "headers_started": 1,
  "transmissions_observed": 1,
  "transmissions_returned": 1,
  "grant_committed": true,
  "send_outcome": "returned",
  "ledger_outcome": "send_grant",
  "ledger_reconciled": true,
  "reconciliation_evidence_complete": true,
  "evidence_complete": true,
  "allowance_consumed": 1,
  "endpoint_receipts": 0,
  "usage": {
   "status": "provider_reported",
   "cost_usd": null,
   "input_tokens": 1096,
   "output_tokens": 381,
   "total_tokens": 1477,
   "cached_tokens": 0,
   "reasoning_tokens": 302
  },
  "usage_status": "provider_reported",
  "priced_usage_ceiling_micro_usd": 8455,
  "live": true,
  "live_usage_ceiling_usd": 0.008455,
  "scope": "one authorized provider transmission; the ceiling prices reported usage and is not a bill; allowance_consumed is the authoritative disposition (null when unknown), transmissions_observed the sender's own count or null when unobserved"
 }
}
{"run": "l166-draw7", "fresh": true, "exit": 0, "decision": "continue", "outcome": "closer_refusal", "reasons": [], "consumed": 72, "committed_micro_usd": 7372800}
Build completed successfully (6 jobs).
Build completed successfully (14 jobs).
⚠ [2/21] Replayed ProofBroker.IR
warning: ProofBroker/IR.lean:17:0: `Lean.RBMap` is deprecated; use `Std.TreeMap` instead
'Lean.Data.RBMap' has been deprecated: please replace this import by

import Init.Data.Ord.Basic
import Init.Data.Nat.Linear
import Init.Data.Array.Basic
import Init.WFTactics
⚠ [12/21] Replayed ProofBroker.Alethe
warning: ProofBroker/Alethe.lean:293:13: `String.trim` has been deprecated: Use `String.trimAscii` instead

Note: The updated constant has a different type:
  String → String.Slice
instead of
  String → String
⚠ [17/21] Replayed ProofBroker.Tactic
warning: ProofBroker/Tactic.lean:4305:37: `Lean.levelOne` has been deprecated: Use `Lean.Level.one` instead

Note: The updated constant is in a different namespace. Dot notation may need to be changed (e.g., from `x.levelOne` to `Level.one x`).
Build completed successfully (21 jobs).
{
 "accepted": false,
 "mode": "live",
 "proof_accepted": false,
 "failure_category": "certificate_verification",
 "credential_use_accepted": true,
 "publication_accepted": null,
 "publication_pending": true,
 "ledger_reconciled": true,
 "evidence_complete": true,
 "accounting": {
  "attempts_reserved": 1,
  "reservation_state": "reserved",
  "reservation": {
   "reserved_micro_usd": 102400,
   "message_utf8_bytes": 3882,
   "input_tokens_reserved": 16384,
   "output_tokens_reserved": 4096,
   "input_token_bound_status": "byte_ceiling_plus_framing_assumption",
   "billing_guarantee": false,
   "reservation_id": "e0fad2dcc8064ce09e334b5f7ddc724b",
   "request_sha256": "9cbad03ace75b3575c0ebc10e58b5ce22ace4cfe61157b53774492c838fd75f8",
   "arguments_sha256": "4e4409a1dbd29d741bfedd815b4b99dd13727aa1031bc21ae4529519f9a14663",
   "policy_sha256": "9b6153f29eaf4d314ccc82a8b0d8cbf16c4124f034895869a5e8544b4edb8316",
   "pricing_admission_sha256": "5cc3b581fb867343023211d247c94f1aaff59bbe6a6e06669175330395f18977",
   "ledger_row_hash": "f17c80876a601a775cf2385b18f97f59fb886a1717ecf5d16a8662f3a777e590",
   "ledger_sha256": "a8e052c258e76a124dea9bebbd6113d03ab644e1aed391f9f87485c2530e1857"
  },
  "reservation_id": "e0fad2dcc8064ce09e334b5f7ddc724b",
  "transport_record_observed": true,
  "connection_attempts": 1,
  "headers_started": 1,
  "transmissions_observed": 1,
  "transmissions_returned": 1,
  "grant_committed": true,
  "send_outcome": "returned",
  "ledger_outcome": "send_grant",
  "ledger_reconciled": true,
  "reconciliation_evidence_complete": true,
  "evidence_complete": true,
  "allowance_consumed": 1,
  "endpoint_receipts": 0,
  "usage": {
   "status": "provider_reported",
   "cost_usd": null,
   "input_tokens": 1109,
   "output_tokens": 596,
   "total_tokens": 1705,
   "cached_tokens": 0,
   "reasoning_tokens": 516
  },
  "usage_status": "provider_reported",
  "priced_usage_ceiling_micro_usd": 11713,
  "live": true,
  "live_usage_ceiling_usd": 0.011713,
  "scope": "one authorized provider transmission; the ceiling prices reported usage and is not a bill; allowance_consumed is the authoritative disposition (null when unknown), transmissions_observed the sender's own count or null when unobserved"
 }
}
{"run": "l170-draw7", "fresh": true, "exit": 0, "decision": "continue", "outcome": "witness_rejected", "reasons": [], "consumed": 73, "committed_micro_usd": 7475200}
Build completed successfully (6 jobs).
Build completed successfully (14 jobs).
⚠ [2/21] Replayed ProofBroker.IR
warning: ProofBroker/IR.lean:17:0: `Lean.RBMap` is deprecated; use `Std.TreeMap` instead
'Lean.Data.RBMap' has been deprecated: please replace this import by

import Init.Data.Ord.Basic
import Init.Data.Nat.Linear
import Init.Data.Array.Basic
import Init.WFTactics
⚠ [12/21] Replayed ProofBroker.Alethe
warning: ProofBroker/Alethe.lean:293:13: `String.trim` has been deprecated: Use `String.trimAscii` instead

Note: The updated constant has a different type:
  String → String.Slice
instead of
  String → String
⚠ [17/21] Replayed ProofBroker.Tactic
warning: ProofBroker/Tactic.lean:4305:37: `Lean.levelOne` has been deprecated: Use `Lean.Level.one` instead

Note: The updated constant is in a different namespace. Dot notation may need to be changed (e.g., from `x.levelOne` to `Level.one x`).
Build completed successfully (21 jobs).
{
 "accepted": false,
 "mode": "live",
 "proof_accepted": false,
 "failure_category": "reconstruction_refused",
 "credential_use_accepted": true,
 "publication_accepted": null,
 "publication_pending": true,
 "ledger_reconciled": true,
 "evidence_complete": true,
 "accounting": {
  "attempts_reserved": 1,
  "reservation_state": "reserved",
  "reservation": {
   "reserved_micro_usd": 102400,
   "message_utf8_bytes": 4155,
   "input_tokens_reserved": 16384,
   "output_tokens_reserved": 4096,
   "input_token_bound_status": "byte_ceiling_plus_framing_assumption",
   "billing_guarantee": false,
   "reservation_id": "5d89807c98b44fb6ae9b203371dc8db6",
   "request_sha256": "71f408cb806838d40f15a57f042a10e524ef57adcd356b985e3f7056f230d317",
   "arguments_sha256": "7a316911baf9f0eb410879fe162d3fd29ae68e6f162a7a4dcd219d7cff271915",
   "policy_sha256": "9b6153f29eaf4d314ccc82a8b0d8cbf16c4124f034895869a5e8544b4edb8316",
   "pricing_admission_sha256": "83f21019eb0d6c86141202fc7be58dca39050397eb0cc737e07e4867f1de7421",
   "ledger_row_hash": "55fb6650184f40256ebbbdd3e2501ec9ad3076025f50ff96b129e8380bf99ef5",
   "ledger_sha256": "c6a360abcf6492ef60af8373b6b5ecf5fd06ca98ab4dc43a34cca9facfa8d7ea"
  },
  "reservation_id": "5d89807c98b44fb6ae9b203371dc8db6",
  "transport_record_observed": true,
  "connection_attempts": 1,
  "headers_started": 1,
  "transmissions_observed": 1,
  "transmissions_returned": 1,
  "grant_committed": true,
  "send_outcome": "returned",
  "ledger_outcome": "send_grant",
  "ledger_reconciled": true,
  "reconciliation_evidence_complete": true,
  "evidence_complete": true,
  "allowance_consumed": 1,
  "endpoint_receipts": 0,
  "usage": {
   "status": "provider_reported",
   "cost_usd": null,
   "input_tokens": 1182,
   "output_tokens": 530,
   "total_tokens": 1712,
   "cached_tokens": 0,
   "reasoning_tokens": 431
  },
  "usage_status": "provider_reported",
  "priced_usage_ceiling_micro_usd": 10905,
  "live": true,
  "live_usage_ceiling_usd": 0.010905,
  "scope": "one authorized provider transmission; the ceiling prices reported usage and is not a bill; allowance_consumed is the authoritative disposition (null when unknown), transmissions_observed the sender's own count or null when unobserved"
 }
}
{"run": "l175-draw7", "fresh": true, "exit": 0, "decision": "continue", "outcome": "closer_refusal", "reasons": [], "consumed": 74, "committed_micro_usd": 7577600}
Build completed successfully (6 jobs).
Build completed successfully (14 jobs).
⚠ [2/21] Replayed ProofBroker.IR
warning: ProofBroker/IR.lean:17:0: `Lean.RBMap` is deprecated; use `Std.TreeMap` instead
'Lean.Data.RBMap' has been deprecated: please replace this import by

import Init.Data.Ord.Basic
import Init.Data.Nat.Linear
import Init.Data.Array.Basic
import Init.WFTactics
⚠ [12/21] Replayed ProofBroker.Alethe
warning: ProofBroker/Alethe.lean:293:13: `String.trim` has been deprecated: Use `String.trimAscii` instead

Note: The updated constant has a different type:
  String → String.Slice
instead of
  String → String
⚠ [17/21] Replayed ProofBroker.Tactic
warning: ProofBroker/Tactic.lean:4305:37: `Lean.levelOne` has been deprecated: Use `Lean.Level.one` instead

Note: The updated constant is in a different namespace. Dot notation may need to be changed (e.g., from `x.levelOne` to `Level.one x`).
Build completed successfully (21 jobs).
{
 "accepted": false,
 "mode": "live",
 "proof_accepted": false,
 "failure_category": "reconstruction_refused",
 "credential_use_accepted": true,
 "publication_accepted": null,
 "publication_pending": true,
 "ledger_reconciled": true,
 "evidence_complete": true,
 "accounting": {
  "attempts_reserved": 1,
  "reservation_state": "reserved",
  "reservation": {
   "reserved_micro_usd": 102400,
   "message_utf8_bytes": 4277,
   "input_tokens_reserved": 16384,
   "output_tokens_reserved": 4096,
   "input_token_bound_status": "byte_ceiling_plus_framing_assumption",
   "billing_guarantee": false,
   "reservation_id": "67502f83fac841569c1d29f336211ad6",
   "request_sha256": "e67364aa0ef5571f5345945d4478940830539732ba05c0658a392ce5ad861674",
   "arguments_sha256": "278cbb520cc49a5d39c8cfe6dc086b1bc549b9dc153768c63a5789759ea2bed6",
   "policy_sha256": "9b6153f29eaf4d314ccc82a8b0d8cbf16c4124f034895869a5e8544b4edb8316",
   "pricing_admission_sha256": "fa70a8c9af088bb5fc05a466c4d8daf789c2ad980f71a68ee4c0417702310910",
   "ledger_row_hash": "a947a82828b46bf63eb8a5beaf43657e2889bc59ba66bde7f511d8a89afb7373",
   "ledger_sha256": "3d2df307b281190c96ed3c0c436130aa444275c61517360aa88a3cfdb00dd9f7"
  },
  "reservation_id": "67502f83fac841569c1d29f336211ad6",
  "transport_record_observed": true,
  "connection_attempts": 1,
  "headers_started": 1,
  "transmissions_observed": 1,
  "transmissions_returned": 1,
  "grant_committed": true,
  "send_outcome": "returned",
  "ledger_outcome": "send_grant",
  "ledger_reconciled": true,
  "reconciliation_evidence_complete": true,
  "evidence_complete": true,
  "allowance_consumed": 1,
  "endpoint_receipts": 0,
  "usage": {
   "status": "provider_reported",
   "cost_usd": null,
   "input_tokens": 1235,
   "output_tokens": 490,
   "total_tokens": 1725,
   "cached_tokens": 0,
   "reasoning_tokens": 405
  },
  "usage_status": "provider_reported",
  "priced_usage_ceiling_micro_usd": 10438,
  "live": true,
  "live_usage_ceiling_usd": 0.010438,
  "scope": "one authorized provider transmission; the ceiling prices reported usage and is not a bill; allowance_consumed is the authoritative disposition (null when unknown), transmissions_observed the sender's own count or null when unobserved"
 }
}
{"run": "l178-draw7", "fresh": true, "exit": 0, "decision": "continue", "outcome": "closer_refusal", "reasons": [], "consumed": 75, "committed_micro_usd": 7680000}
Build completed successfully (6 jobs).
Build completed successfully (14 jobs).
⚠ [2/21] Replayed ProofBroker.IR
warning: ProofBroker/IR.lean:17:0: `Lean.RBMap` is deprecated; use `Std.TreeMap` instead
'Lean.Data.RBMap' has been deprecated: please replace this import by

import Init.Data.Ord.Basic
import Init.Data.Nat.Linear
import Init.Data.Array.Basic
import Init.WFTactics
⚠ [12/21] Replayed ProofBroker.Alethe
warning: ProofBroker/Alethe.lean:293:13: `String.trim` has been deprecated: Use `String.trimAscii` instead

Note: The updated constant has a different type:
  String → String.Slice
instead of
  String → String
⚠ [17/21] Replayed ProofBroker.Tactic
warning: ProofBroker/Tactic.lean:4305:37: `Lean.levelOne` has been deprecated: Use `Lean.Level.one` instead

Note: The updated constant is in a different namespace. Dot notation may need to be changed (e.g., from `x.levelOne` to `Level.one x`).
Build completed successfully (21 jobs).
{
 "accepted": false,
 "mode": "live",
 "proof_accepted": false,
 "failure_category": "reconstruction_refused",
 "credential_use_accepted": true,
 "publication_accepted": null,
 "publication_pending": true,
 "ledger_reconciled": true,
 "evidence_complete": true,
 "accounting": {
  "attempts_reserved": 1,
  "reservation_state": "reserved",
  "reservation": {
   "reserved_micro_usd": 102400,
   "message_utf8_bytes": 3462,
   "input_tokens_reserved": 16384,
   "output_tokens_reserved": 4096,
   "input_token_bound_status": "byte_ceiling_plus_framing_assumption",
   "billing_guarantee": false,
   "reservation_id": "1509b21face24f4f8013f975b8b42ccb",
   "request_sha256": "e475df7e36a5cb9880ec7dda12470d635573fe85f6de6140f65097f922407f05",
   "arguments_sha256": "89fbb6205fba2d3f826e3dbb016e46866a1d0581ad5df6843c4cf901dcabfeed",
   "policy_sha256": "9b6153f29eaf4d314ccc82a8b0d8cbf16c4124f034895869a5e8544b4edb8316",
   "pricing_admission_sha256": "0dea1530a3437120dcc7717bd2e79526054f7ee6b0795fcefc823e6372663014",
   "ledger_row_hash": "f8f2dbcb9f2a4ddf689f3ad8bfe6eaaeff2f9b315fa2c11bce4dc676794b6373",
   "ledger_sha256": "45d67ab95f1e5343fcf72f30eebc193fd07976e4d2032624ce42c058375c3533"
  },
  "reservation_id": "1509b21face24f4f8013f975b8b42ccb",
  "transport_record_observed": true,
  "connection_attempts": 1,
  "headers_started": 1,
  "transmissions_observed": 1,
  "transmissions_returned": 1,
  "grant_committed": true,
  "send_outcome": "returned",
  "ledger_outcome": "send_grant",
  "ledger_reconciled": true,
  "reconciliation_evidence_complete": true,
  "evidence_complete": true,
  "allowance_consumed": 1,
  "endpoint_receipts": 0,
  "usage": {
   "status": "provider_reported",
   "cost_usd": null,
   "input_tokens": 979,
   "output_tokens": 217,
   "total_tokens": 1196,
   "cached_tokens": 0,
   "reasoning_tokens": 141
  },
  "usage_status": "provider_reported",
  "priced_usage_ceiling_micro_usd": 5703,
  "live": true,
  "live_usage_ceiling_usd": 0.005703,
  "scope": "one authorized provider transmission; the ceiling prices reported usage and is not a bill; allowance_consumed is the authoritative disposition (null when unknown), transmissions_observed the sender's own count or null when unobserved"
 }
}
{"run": "l204-draw7", "fresh": true, "exit": 0, "decision": "continue", "outcome": "closer_refusal", "reasons": [], "consumed": 76, "committed_micro_usd": 7782400}
Build completed successfully (6 jobs).
Build completed successfully (14 jobs).
⚠ [2/21] Replayed ProofBroker.IR
warning: ProofBroker/IR.lean:17:0: `Lean.RBMap` is deprecated; use `Std.TreeMap` instead
'Lean.Data.RBMap' has been deprecated: please replace this import by

import Init.Data.Ord.Basic
import Init.Data.Nat.Linear
import Init.Data.Array.Basic
import Init.WFTactics
⚠ [12/21] Replayed ProofBroker.Alethe
warning: ProofBroker/Alethe.lean:293:13: `String.trim` has been deprecated: Use `String.trimAscii` instead

Note: The updated constant has a different type:
  String → String.Slice
instead of
  String → String
⚠ [17/21] Replayed ProofBroker.Tactic
warning: ProofBroker/Tactic.lean:4305:37: `Lean.levelOne` has been deprecated: Use `Lean.Level.one` instead

Note: The updated constant is in a different namespace. Dot notation may need to be changed (e.g., from `x.levelOne` to `Level.one x`).
Build completed successfully (21 jobs).
{
 "accepted": false,
 "mode": "live",
 "proof_accepted": true,
 "failure_category": null,
 "credential_use_accepted": true,
 "publication_accepted": null,
 "publication_pending": true,
 "ledger_reconciled": true,
 "evidence_complete": true,
 "accounting": {
  "attempts_reserved": 1,
  "reservation_state": "reserved",
  "reservation": {
   "reserved_micro_usd": 102400,
   "message_utf8_bytes": 3153,
   "input_tokens_reserved": 16384,
   "output_tokens_reserved": 4096,
   "input_token_bound_status": "byte_ceiling_plus_framing_assumption",
   "billing_guarantee": false,
   "reservation_id": "d2fa0f69da914ad5b90a5e655b2fdf20",
   "request_sha256": "fb1cbeae50d2fb6feef13d94eeb7ef492f4e4535d8c34989bd4d6df31fe3127b",
   "arguments_sha256": "af6941d64edcd63ef14bb212f85c571ce6c44a726038f7f6100bd2088d600408",
   "policy_sha256": "9b6153f29eaf4d314ccc82a8b0d8cbf16c4124f034895869a5e8544b4edb8316",
   "pricing_admission_sha256": "9bd7d3093140902b18c79653f71cbb9a8eaa64e65e4a7e1272c41381160e04e4",
   "ledger_row_hash": "7c55f77d46b71f718a5adcbf06987913a69e2654cc3109f79aa99d2924f3a15d",
   "ledger_sha256": "f06d85e84536f0b975181bce368e7d44b6a2c7536f2286dc386d1fc4570c832a"
  },
  "reservation_id": "d2fa0f69da914ad5b90a5e655b2fdf20",
  "transport_record_observed": true,
  "connection_attempts": 1,
  "headers_started": 1,
  "transmissions_observed": 1,
  "transmissions_returned": 1,
  "grant_committed": true,
  "send_outcome": "returned",
  "ledger_outcome": "send_grant",
  "ledger_reconciled": true,
  "reconciliation_evidence_complete": true,
  "evidence_complete": true,
  "allowance_consumed": 1,
  "endpoint_receipts": 0,
  "usage": {
   "status": "provider_reported",
   "cost_usd": null,
   "input_tokens": 898,
   "output_tokens": 183,
   "total_tokens": 1081,
   "cached_tokens": 0,
   "reasoning_tokens": 100
  },
  "usage_status": "provider_reported",
  "priced_usage_ceiling_micro_usd": 4990,
  "live": true,
  "live_usage_ceiling_usd": 0.00499,
  "scope": "one authorized provider transmission; the ceiling prices reported usage and is not a bill; allowance_consumed is the authoritative disposition (null when unknown), transmissions_observed the sender's own count or null when unobserved"
 }
}
{"run": "l099-draw7", "fresh": true, "exit": 0, "decision": "continue", "outcome": "proof", "reasons": [], "consumed": 77, "committed_micro_usd": 7884800}
Build completed successfully (6 jobs).
Build completed successfully (14 jobs).
⚠ [2/21] Replayed ProofBroker.IR
warning: ProofBroker/IR.lean:17:0: `Lean.RBMap` is deprecated; use `Std.TreeMap` instead
'Lean.Data.RBMap' has been deprecated: please replace this import by

import Init.Data.Ord.Basic
import Init.Data.Nat.Linear
import Init.Data.Array.Basic
import Init.WFTactics
⚠ [12/21] Replayed ProofBroker.Alethe
warning: ProofBroker/Alethe.lean:293:13: `String.trim` has been deprecated: Use `String.trimAscii` instead

Note: The updated constant has a different type:
  String → String.Slice
instead of
  String → String
⚠ [17/21] Replayed ProofBroker.Tactic
warning: ProofBroker/Tactic.lean:4305:37: `Lean.levelOne` has been deprecated: Use `Lean.Level.one` instead

Note: The updated constant is in a different namespace. Dot notation may need to be changed (e.g., from `x.levelOne` to `Level.one x`).
Build completed successfully (21 jobs).
{
 "accepted": false,
 "mode": "live",
 "proof_accepted": true,
 "failure_category": null,
 "credential_use_accepted": true,
 "publication_accepted": null,
 "publication_pending": true,
 "ledger_reconciled": true,
 "evidence_complete": true,
 "accounting": {
  "attempts_reserved": 1,
  "reservation_state": "reserved",
  "reservation": {
   "reserved_micro_usd": 102400,
   "message_utf8_bytes": 5090,
   "input_tokens_reserved": 16384,
   "output_tokens_reserved": 4096,
   "input_token_bound_status": "byte_ceiling_plus_framing_assumption",
   "billing_guarantee": false,
   "reservation_id": "89b0080c632d443e98e4f09c3d9f8381",
   "request_sha256": "e886f2a3604b4e56ac201a36d3e8f1c983f1c824bb6e188402ee0ed08f1ac853",
   "arguments_sha256": "745e10ce13669bb572a667e6c798f6a53ea1432c15f9e3750b775ba5d4988105",
   "policy_sha256": "9b6153f29eaf4d314ccc82a8b0d8cbf16c4124f034895869a5e8544b4edb8316",
   "pricing_admission_sha256": "5d62be24d0a69f29cb7de0d95578097a767149be2ef60bf77e89b585ac84de72",
   "ledger_row_hash": "3b99e755d175ca60249e187f12fc8c8910b4b62d7af48551061079e91f2804d8",
   "ledger_sha256": "323b380278fcf8363e1ab39b22e4b60a81cf7f5c431c477b4e68dd30b61f9cdc"
  },
  "reservation_id": "89b0080c632d443e98e4f09c3d9f8381",
  "transport_record_observed": true,
  "connection_attempts": 1,
  "headers_started": 1,
  "transmissions_observed": 1,
  "transmissions_returned": 1,
  "grant_committed": true,
  "send_outcome": "returned",
  "ledger_outcome": "send_grant",
  "ledger_reconciled": true,
  "reconciliation_evidence_complete": true,
  "evidence_complete": true,
  "allowance_consumed": 1,
  "endpoint_receipts": 0,
  "usage": {
   "status": "provider_reported",
   "cost_usd": null,
   "input_tokens": 1488,
   "output_tokens": 591,
   "total_tokens": 2079,
   "cached_tokens": 0,
   "reasoning_tokens": 499
  },
  "usage_status": "provider_reported",
  "priced_usage_ceiling_micro_usd": 12585,
  "live": true,
  "live_usage_ceiling_usd": 0.012585,
  "scope": "one authorized provider transmission; the ceiling prices reported usage and is not a bill; allowance_consumed is the authoritative disposition (null when unknown), transmissions_observed the sender's own count or null when unobserved"
 }
}
{"run": "l069-draw8", "fresh": true, "exit": 0, "decision": "continue", "outcome": "proof", "reasons": [], "consumed": 78, "committed_micro_usd": 7987200}
Build completed successfully (6 jobs).
Build completed successfully (14 jobs).
⚠ [2/21] Replayed ProofBroker.IR
warning: ProofBroker/IR.lean:17:0: `Lean.RBMap` is deprecated; use `Std.TreeMap` instead
'Lean.Data.RBMap' has been deprecated: please replace this import by

import Init.Data.Ord.Basic
import Init.Data.Nat.Linear
import Init.Data.Array.Basic
import Init.WFTactics
⚠ [12/21] Replayed ProofBroker.Alethe
warning: ProofBroker/Alethe.lean:293:13: `String.trim` has been deprecated: Use `String.trimAscii` instead

Note: The updated constant has a different type:
  String → String.Slice
instead of
  String → String
⚠ [17/21] Replayed ProofBroker.Tactic
warning: ProofBroker/Tactic.lean:4305:37: `Lean.levelOne` has been deprecated: Use `Lean.Level.one` instead

Note: The updated constant is in a different namespace. Dot notation may need to be changed (e.g., from `x.levelOne` to `Level.one x`).
Build completed successfully (21 jobs).
{
 "accepted": false,
 "mode": "live",
 "proof_accepted": true,
 "failure_category": null,
 "credential_use_accepted": true,
 "publication_accepted": null,
 "publication_pending": true,
 "ledger_reconciled": true,
 "evidence_complete": true,
 "accounting": {
  "attempts_reserved": 1,
  "reservation_state": "reserved",
  "reservation": {
   "reserved_micro_usd": 102400,
   "message_utf8_bytes": 5206,
   "input_tokens_reserved": 16384,
   "output_tokens_reserved": 4096,
   "input_token_bound_status": "byte_ceiling_plus_framing_assumption",
   "billing_guarantee": false,
   "reservation_id": "3d59b39bc2764f2b84d5d532d4f30cbd",
   "request_sha256": "c6369e6e517e315e6d0aeef6d150990e0004d6281e4c3736bf8bdf1a75ab704c",
   "arguments_sha256": "50e6c9244b0f79049ede5e358c33879cac244a6b4b54d74dbe60936abd83691f",
   "policy_sha256": "9b6153f29eaf4d314ccc82a8b0d8cbf16c4124f034895869a5e8544b4edb8316",
   "pricing_admission_sha256": "cc279ccc2a8fcb1848e623d6fcb26e8a02a02a6058d0b2dd8b0f56316a94f0ef",
   "ledger_row_hash": "baba520437a7ec79f09470f8b600aa7dabea1086cb6da01e83087bb395f80501",
   "ledger_sha256": "ac5009a8e9f247b3d5b7dac96408505372ad65110c301df479e03c22b44ce81c"
  },
  "reservation_id": "3d59b39bc2764f2b84d5d532d4f30cbd",
  "transport_record_observed": true,
  "connection_attempts": 1,
  "headers_started": 1,
  "transmissions_observed": 1,
  "transmissions_returned": 1,
  "grant_committed": true,
  "send_outcome": "returned",
  "ledger_outcome": "send_grant",
  "ledger_reconciled": true,
  "reconciliation_evidence_complete": true,
  "evidence_complete": true,
  "allowance_consumed": 1,
  "endpoint_receipts": 0,
  "usage": {
   "status": "provider_reported",
   "cost_usd": null,
   "input_tokens": 1527,
   "output_tokens": 600,
   "total_tokens": 2127,
   "cached_tokens": 0,
   "reasoning_tokens": 516
  },
  "usage_status": "provider_reported",
  "priced_usage_ceiling_micro_usd": 12818,
  "live": true,
  "live_usage_ceiling_usd": 0.012818,
  "scope": "one authorized provider transmission; the ceiling prices reported usage and is not a bill; allowance_consumed is the authoritative disposition (null when unknown), transmissions_observed the sender's own count or null when unobserved"
 }
}
{"run": "l070-draw8", "fresh": true, "exit": 0, "decision": "continue", "outcome": "proof", "reasons": [], "consumed": 79, "committed_micro_usd": 8089600}
Build completed successfully (6 jobs).
Build completed successfully (14 jobs).
⚠ [2/21] Replayed ProofBroker.IR
warning: ProofBroker/IR.lean:17:0: `Lean.RBMap` is deprecated; use `Std.TreeMap` instead
'Lean.Data.RBMap' has been deprecated: please replace this import by

import Init.Data.Ord.Basic
import Init.Data.Nat.Linear
import Init.Data.Array.Basic
import Init.WFTactics
⚠ [12/21] Replayed ProofBroker.Alethe
warning: ProofBroker/Alethe.lean:293:13: `String.trim` has been deprecated: Use `String.trimAscii` instead

Note: The updated constant has a different type:
  String → String.Slice
instead of
  String → String
⚠ [17/21] Replayed ProofBroker.Tactic
warning: ProofBroker/Tactic.lean:4305:37: `Lean.levelOne` has been deprecated: Use `Lean.Level.one` instead

Note: The updated constant is in a different namespace. Dot notation may need to be changed (e.g., from `x.levelOne` to `Level.one x`).
Build completed successfully (21 jobs).
{
 "accepted": false,
 "mode": "live",
 "proof_accepted": true,
 "failure_category": null,
 "credential_use_accepted": true,
 "publication_accepted": null,
 "publication_pending": true,
 "ledger_reconciled": true,
 "evidence_complete": true,
 "accounting": {
  "attempts_reserved": 1,
  "reservation_state": "reserved",
  "reservation": {
   "reserved_micro_usd": 102400,
   "message_utf8_bytes": 5371,
   "input_tokens_reserved": 16384,
   "output_tokens_reserved": 4096,
   "input_token_bound_status": "byte_ceiling_plus_framing_assumption",
   "billing_guarantee": false,
   "reservation_id": "b8ad592e25c945efad510764120912e5",
   "request_sha256": "b08d433d8700e32802e05e0a98dc3caba5f0e4d58fb6bbc0a46db07048d15c13",
   "arguments_sha256": "2edc52001e56df5dfff2950057839c9d39e8d7cf8aaa2a5aae4815162e49f328",
   "policy_sha256": "9b6153f29eaf4d314ccc82a8b0d8cbf16c4124f034895869a5e8544b4edb8316",
   "pricing_admission_sha256": "245b6cf737f4dade73eaecea7254053841aff3f755a7a53668c739328a74a0ed",
   "ledger_row_hash": "fe8d0e35bae6ff639eb7d9ae6c5e1750ba08878e5a2245767845a27110e3484d",
   "ledger_sha256": "d53ec6165c86ce700deb692c753710f65b627bc03f41f6575705949d347ffca2"
  },
  "reservation_id": "b8ad592e25c945efad510764120912e5",
  "transport_record_observed": true,
  "connection_attempts": 1,
  "headers_started": 1,
  "transmissions_observed": 1,
  "transmissions_returned": 1,
  "grant_committed": true,
  "send_outcome": "returned",
  "ledger_outcome": "send_grant",
  "ledger_reconciled": true,
  "reconciliation_evidence_complete": true,
  "evidence_complete": true,
  "allowance_consumed": 1,
  "endpoint_receipts": 0,
  "usage": {
   "status": "provider_reported",
   "cost_usd": null,
   "input_tokens": 1569,
   "output_tokens": 511,
   "total_tokens": 2080,
   "cached_tokens": 0,
   "reasoning_tokens": 418
  },
  "usage_status": "provider_reported",
  "priced_usage_ceiling_micro_usd": 11588,
  "live": true,
  "live_usage_ceiling_usd": 0.011588,
  "scope": "one authorized provider transmission; the ceiling prices reported usage and is not a bill; allowance_consumed is the authoritative disposition (null when unknown), transmissions_observed the sender's own count or null when unobserved"
 }
}
{"run": "l071-draw8", "fresh": true, "exit": 0, "decision": "continue", "outcome": "proof", "reasons": [], "consumed": 80, "committed_micro_usd": 8192000}
Build completed successfully (6 jobs).
Build completed successfully (14 jobs).
⚠ [2/21] Replayed ProofBroker.IR
warning: ProofBroker/IR.lean:17:0: `Lean.RBMap` is deprecated; use `Std.TreeMap` instead
'Lean.Data.RBMap' has been deprecated: please replace this import by

import Init.Data.Ord.Basic
import Init.Data.Nat.Linear
import Init.Data.Array.Basic
import Init.WFTactics
⚠ [12/21] Replayed ProofBroker.Alethe
warning: ProofBroker/Alethe.lean:293:13: `String.trim` has been deprecated: Use `String.trimAscii` instead

Note: The updated constant has a different type:
  String → String.Slice
instead of
  String → String
⚠ [17/21] Replayed ProofBroker.Tactic
warning: ProofBroker/Tactic.lean:4305:37: `Lean.levelOne` has been deprecated: Use `Lean.Level.one` instead

Note: The updated constant is in a different namespace. Dot notation may need to be changed (e.g., from `x.levelOne` to `Level.one x`).
Build completed successfully (21 jobs).
{
 "accepted": false,
 "mode": "live",
 "proof_accepted": true,
 "failure_category": null,
 "credential_use_accepted": true,
 "publication_accepted": null,
 "publication_pending": true,
 "ledger_reconciled": true,
 "evidence_complete": true,
 "accounting": {
  "attempts_reserved": 1,
  "reservation_state": "reserved",
  "reservation": {
   "reserved_micro_usd": 102400,
   "message_utf8_bytes": 5444,
   "input_tokens_reserved": 16384,
   "output_tokens_reserved": 4096,
   "input_token_bound_status": "byte_ceiling_plus_framing_assumption",
   "billing_guarantee": false,
   "reservation_id": "0b82503bd77c493197ed50ad6e37241d",
   "request_sha256": "5356cb659474154186bf6b6fa93f865528839215432b52995400ca5b924c0d0f",
   "arguments_sha256": "95d3185d248c1356f07132961f35dcee38283df3afe9ffd7d33a309a50957df8",
   "policy_sha256": "9b6153f29eaf4d314ccc82a8b0d8cbf16c4124f034895869a5e8544b4edb8316",
   "pricing_admission_sha256": "8dade3ad2cd22d60ecf4fb9131e8bc0ec55d756c4c9de169dd399cf3669629ac",
   "ledger_row_hash": "7f90a13962ea8bdfdb36a4d4f9d4ef7ec3346845ce84ca27a116968e45422236",
   "ledger_sha256": "5ddb83ba856d09890698d4a04433f5cce73dbaebd2a5f28f711926958f479645"
  },
  "reservation_id": "0b82503bd77c493197ed50ad6e37241d",
  "transport_record_observed": true,
  "connection_attempts": 1,
  "headers_started": 1,
  "transmissions_observed": 1,
  "transmissions_returned": 1,
  "grant_committed": true,
  "send_outcome": "returned",
  "ledger_outcome": "send_grant",
  "ledger_reconciled": true,
  "reconciliation_evidence_complete": true,
  "evidence_complete": true,
  "allowance_consumed": 1,
  "endpoint_receipts": 0,
  "usage": {
   "status": "provider_reported",
   "cost_usd": null,
   "input_tokens": 1584,
   "output_tokens": 877,
   "total_tokens": 2461,
   "cached_tokens": 0,
   "reasoning_tokens": 781
  },
  "usage_status": "provider_reported",
  "priced_usage_ceiling_micro_usd": 17115,
  "live": true,
  "live_usage_ceiling_usd": 0.017115,
  "scope": "one authorized provider transmission; the ceiling prices reported usage and is not a bill; allowance_consumed is the authoritative disposition (null when unknown), transmissions_observed the sender's own count or null when unobserved"
 }
}
{"run": "l078-draw8", "fresh": true, "exit": 0, "decision": "continue", "outcome": "proof", "reasons": [], "consumed": 81, "committed_micro_usd": 8294400}
Build completed successfully (6 jobs).
Build completed successfully (14 jobs).
⚠ [2/21] Replayed ProofBroker.IR
warning: ProofBroker/IR.lean:17:0: `Lean.RBMap` is deprecated; use `Std.TreeMap` instead
'Lean.Data.RBMap' has been deprecated: please replace this import by

import Init.Data.Ord.Basic
import Init.Data.Nat.Linear
import Init.Data.Array.Basic
import Init.WFTactics
⚠ [12/21] Replayed ProofBroker.Alethe
warning: ProofBroker/Alethe.lean:293:13: `String.trim` has been deprecated: Use `String.trimAscii` instead

Note: The updated constant has a different type:
  String → String.Slice
instead of
  String → String
⚠ [17/21] Replayed ProofBroker.Tactic
warning: ProofBroker/Tactic.lean:4305:37: `Lean.levelOne` has been deprecated: Use `Lean.Level.one` instead

Note: The updated constant is in a different namespace. Dot notation may need to be changed (e.g., from `x.levelOne` to `Level.one x`).
Build completed successfully (21 jobs).
{
 "accepted": false,
 "mode": "live",
 "proof_accepted": true,
 "failure_category": null,
 "credential_use_accepted": true,
 "publication_accepted": null,
 "publication_pending": true,
 "ledger_reconciled": true,
 "evidence_complete": true,
 "accounting": {
  "attempts_reserved": 1,
  "reservation_state": "reserved",
  "reservation": {
   "reserved_micro_usd": 102400,
   "message_utf8_bytes": 3153,
   "input_tokens_reserved": 16384,
   "output_tokens_reserved": 4096,
   "input_token_bound_status": "byte_ceiling_plus_framing_assumption",
   "billing_guarantee": false,
   "reservation_id": "31d8442294994565924cd734d0317613",
   "request_sha256": "4899761934d67daa6e8000611a8c3a8171a8c4e9c746cfb5fa465bd8f9b0a293",
   "arguments_sha256": "744e94fd71b25b5564c8e772e057b17d2211abfab7eb8eec7d602639802d2456",
   "policy_sha256": "9b6153f29eaf4d314ccc82a8b0d8cbf16c4124f034895869a5e8544b4edb8316",
   "pricing_admission_sha256": "4b549291df1418ee520ff0d2e4425a7c8d7e1f01acb6edd46c179ee9e67b6b28",
   "ledger_row_hash": "1a032dd83a118f4610a3b5162759e9199f78bd0ab828145424e99e995b2346a0",
   "ledger_sha256": "accfed4c567760a21a95e5904d5e718298f78cdd631ddaaacfa194a2ae6db0fa"
  },
  "reservation_id": "31d8442294994565924cd734d0317613",
  "transport_record_observed": true,
  "connection_attempts": 1,
  "headers_started": 1,
  "transmissions_observed": 1,
  "transmissions_returned": 1,
  "grant_committed": true,
  "send_outcome": "returned",
  "ledger_outcome": "send_grant",
  "ledger_reconciled": true,
  "reconciliation_evidence_complete": true,
  "evidence_complete": true,
  "allowance_consumed": 1,
  "endpoint_receipts": 0,
  "usage": {
   "status": "provider_reported",
   "cost_usd": null,
   "input_tokens": 893,
   "output_tokens": 179,
   "total_tokens": 1072,
   "cached_tokens": 0,
   "reasoning_tokens": 97
  },
  "usage_status": "provider_reported",
  "priced_usage_ceiling_micro_usd": 4918,
  "live": true,
  "live_usage_ceiling_usd": 0.004918,
  "scope": "one authorized provider transmission; the ceiling prices reported usage and is not a bill; allowance_consumed is the authoritative disposition (null when unknown), transmissions_observed the sender's own count or null when unobserved"
 }
}
{"run": "l096-draw8", "fresh": true, "exit": 0, "decision": "continue", "outcome": "proof", "reasons": [], "consumed": 82, "committed_micro_usd": 8396800}
Build completed successfully (6 jobs).
Build completed successfully (14 jobs).
⚠ [2/21] Replayed ProofBroker.IR
warning: ProofBroker/IR.lean:17:0: `Lean.RBMap` is deprecated; use `Std.TreeMap` instead
'Lean.Data.RBMap' has been deprecated: please replace this import by

import Init.Data.Ord.Basic
import Init.Data.Nat.Linear
import Init.Data.Array.Basic
import Init.WFTactics
⚠ [12/21] Replayed ProofBroker.Alethe
warning: ProofBroker/Alethe.lean:293:13: `String.trim` has been deprecated: Use `String.trimAscii` instead

Note: The updated constant has a different type:
  String → String.Slice
instead of
  String → String
⚠ [17/21] Replayed ProofBroker.Tactic
warning: ProofBroker/Tactic.lean:4305:37: `Lean.levelOne` has been deprecated: Use `Lean.Level.one` instead

Note: The updated constant is in a different namespace. Dot notation may need to be changed (e.g., from `x.levelOne` to `Level.one x`).
Build completed successfully (21 jobs).
{
 "accepted": false,
 "mode": "live",
 "proof_accepted": false,
 "failure_category": "reconstruction_refused",
 "credential_use_accepted": true,
 "publication_accepted": null,
 "publication_pending": true,
 "ledger_reconciled": true,
 "evidence_complete": true,
 "accounting": {
  "attempts_reserved": 1,
  "reservation_state": "reserved",
  "reservation": {
   "reserved_micro_usd": 102400,
   "message_utf8_bytes": 3888,
   "input_tokens_reserved": 16384,
   "output_tokens_reserved": 4096,
   "input_token_bound_status": "byte_ceiling_plus_framing_assumption",
   "billing_guarantee": false,
   "reservation_id": "205fe65eba8248c0b8a1212dc8455bfd",
   "request_sha256": "77e2bfd6a61eb11ea173e126f4d680391a8c793131924b867d7f8c021d8c70ee",
   "arguments_sha256": "c457025ea57497e5fe8c7aa8529141fce740dd3a715173f26110eafaa9f7e223",
   "policy_sha256": "9b6153f29eaf4d314ccc82a8b0d8cbf16c4124f034895869a5e8544b4edb8316",
   "pricing_admission_sha256": "26bd6f0d4088b9f0f56d305ea6df918e5503b17086b66f4afced888200dd6a01",
   "ledger_row_hash": "8b7e40fd1d40e6ef9c3cbe06e5964f0865925e2f5cc1a028078bc5dd12b4746c",
   "ledger_sha256": "e0ec2d8fabfe9aeb967499d0f83f6ca5cc49d2ec944d32d50b7db9d1fea39c42"
  },
  "reservation_id": "205fe65eba8248c0b8a1212dc8455bfd",
  "transport_record_observed": true,
  "connection_attempts": 1,
  "headers_started": 1,
  "transmissions_observed": 1,
  "transmissions_returned": 1,
  "grant_committed": true,
  "send_outcome": "returned",
  "ledger_outcome": "send_grant",
  "ledger_reconciled": true,
  "reconciliation_evidence_complete": true,
  "evidence_complete": true,
  "allowance_consumed": 1,
  "endpoint_receipts": 0,
  "usage": {
   "status": "provider_reported",
   "cost_usd": null,
   "input_tokens": 1096,
   "output_tokens": 263,
   "total_tokens": 1359,
   "cached_tokens": 0,
   "reasoning_tokens": 184
  },
  "usage_status": "provider_reported",
  "priced_usage_ceiling_micro_usd": 6685,
  "live": true,
  "live_usage_ceiling_usd": 0.006685,
  "scope": "one authorized provider transmission; the ceiling prices reported usage and is not a bill; allowance_consumed is the authoritative disposition (null when unknown), transmissions_observed the sender's own count or null when unobserved"
 }
}
{"run": "l166-draw8", "fresh": true, "exit": 0, "decision": "continue", "outcome": "closer_refusal", "reasons": [], "consumed": 83, "committed_micro_usd": 8499200}
Build completed successfully (6 jobs).
Build completed successfully (14 jobs).
⚠ [2/21] Replayed ProofBroker.IR
warning: ProofBroker/IR.lean:17:0: `Lean.RBMap` is deprecated; use `Std.TreeMap` instead
'Lean.Data.RBMap' has been deprecated: please replace this import by

import Init.Data.Ord.Basic
import Init.Data.Nat.Linear
import Init.Data.Array.Basic
import Init.WFTactics
⚠ [12/21] Replayed ProofBroker.Alethe
warning: ProofBroker/Alethe.lean:293:13: `String.trim` has been deprecated: Use `String.trimAscii` instead

Note: The updated constant has a different type:
  String → String.Slice
instead of
  String → String
⚠ [17/21] Replayed ProofBroker.Tactic
warning: ProofBroker/Tactic.lean:4305:37: `Lean.levelOne` has been deprecated: Use `Lean.Level.one` instead

Note: The updated constant is in a different namespace. Dot notation may need to be changed (e.g., from `x.levelOne` to `Level.one x`).
Build completed successfully (21 jobs).
{
 "accepted": false,
 "mode": "live",
 "proof_accepted": false,
 "failure_category": "certificate_verification",
 "credential_use_accepted": true,
 "publication_accepted": null,
 "publication_pending": true,
 "ledger_reconciled": true,
 "evidence_complete": true,
 "accounting": {
  "attempts_reserved": 1,
  "reservation_state": "reserved",
  "reservation": {
   "reserved_micro_usd": 102400,
   "message_utf8_bytes": 3882,
   "input_tokens_reserved": 16384,
   "output_tokens_reserved": 4096,
   "input_token_bound_status": "byte_ceiling_plus_framing_assumption",
   "billing_guarantee": false,
   "reservation_id": "ae8a2882f290485098415891cde8778b",
   "request_sha256": "9cbad03ace75b3575c0ebc10e58b5ce22ace4cfe61157b53774492c838fd75f8",
   "arguments_sha256": "4e4409a1dbd29d741bfedd815b4b99dd13727aa1031bc21ae4529519f9a14663",
   "policy_sha256": "9b6153f29eaf4d314ccc82a8b0d8cbf16c4124f034895869a5e8544b4edb8316",
   "pricing_admission_sha256": "9ff34e086f0d9853f30fc7c802f1fc7f2180ec044df94852186677eb7bd6bd60",
   "ledger_row_hash": "c898b7ac0d25b88734fa4564d31810cec24f0ee1738149b179364ac329930050",
   "ledger_sha256": "c1d0f215ebedcd937f7d7be0dee69b052655d9b0fbb8c72205b5d8abed77e089"
  },
  "reservation_id": "ae8a2882f290485098415891cde8778b",
  "transport_record_observed": true,
  "connection_attempts": 1,
  "headers_started": 1,
  "transmissions_observed": 1,
  "transmissions_returned": 1,
  "grant_committed": true,
  "send_outcome": "returned",
  "ledger_outcome": "send_grant",
  "ledger_reconciled": true,
  "reconciliation_evidence_complete": true,
  "evidence_complete": true,
  "allowance_consumed": 1,
  "endpoint_receipts": 0,
  "usage": {
   "status": "provider_reported",
   "cost_usd": null,
   "input_tokens": 1109,
   "output_tokens": 1051,
   "total_tokens": 2160,
   "cached_tokens": 0,
   "reasoning_tokens": 971
  },
  "usage_status": "provider_reported",
  "priced_usage_ceiling_micro_usd": 18538,
  "live": true,
  "live_usage_ceiling_usd": 0.018538,
  "scope": "one authorized provider transmission; the ceiling prices reported usage and is not a bill; allowance_consumed is the authoritative disposition (null when unknown), transmissions_observed the sender's own count or null when unobserved"
 }
}
{"run": "l170-draw8", "fresh": true, "exit": 0, "decision": "continue", "outcome": "witness_rejected", "reasons": [], "consumed": 84, "committed_micro_usd": 8601600}
Build completed successfully (6 jobs).
Build completed successfully (14 jobs).
⚠ [2/21] Replayed ProofBroker.IR
warning: ProofBroker/IR.lean:17:0: `Lean.RBMap` is deprecated; use `Std.TreeMap` instead
'Lean.Data.RBMap' has been deprecated: please replace this import by

import Init.Data.Ord.Basic
import Init.Data.Nat.Linear
import Init.Data.Array.Basic
import Init.WFTactics
⚠ [12/21] Replayed ProofBroker.Alethe
warning: ProofBroker/Alethe.lean:293:13: `String.trim` has been deprecated: Use `String.trimAscii` instead

Note: The updated constant has a different type:
  String → String.Slice
instead of
  String → String
⚠ [17/21] Replayed ProofBroker.Tactic
warning: ProofBroker/Tactic.lean:4305:37: `Lean.levelOne` has been deprecated: Use `Lean.Level.one` instead

Note: The updated constant is in a different namespace. Dot notation may need to be changed (e.g., from `x.levelOne` to `Level.one x`).
Build completed successfully (21 jobs).
{
 "accepted": false,
 "mode": "live",
 "proof_accepted": false,
 "failure_category": "reconstruction_refused",
 "credential_use_accepted": true,
 "publication_accepted": null,
 "publication_pending": true,
 "ledger_reconciled": true,
 "evidence_complete": true,
 "accounting": {
  "attempts_reserved": 1,
  "reservation_state": "reserved",
  "reservation": {
   "reserved_micro_usd": 102400,
   "message_utf8_bytes": 4155,
   "input_tokens_reserved": 16384,
   "output_tokens_reserved": 4096,
   "input_token_bound_status": "byte_ceiling_plus_framing_assumption",
   "billing_guarantee": false,
   "reservation_id": "cf0c3d6d572d4413b9db350cf41286d9",
   "request_sha256": "71f408cb806838d40f15a57f042a10e524ef57adcd356b985e3f7056f230d317",
   "arguments_sha256": "7a316911baf9f0eb410879fe162d3fd29ae68e6f162a7a4dcd219d7cff271915",
   "policy_sha256": "9b6153f29eaf4d314ccc82a8b0d8cbf16c4124f034895869a5e8544b4edb8316",
   "pricing_admission_sha256": "ea89a342ac5d9981b0ccae70be365c5ffdf53d38c0f39f0e56d057e550597a7c",
   "ledger_row_hash": "cc077ea0bac72dde7e86c2b0e294035e49c26866b5872b6a7b83acd0c1d222a4",
   "ledger_sha256": "761ffbec946fbdda5d348888b6545ce078ea49101de8cb17a246a0aa466e68d5"
  },
  "reservation_id": "cf0c3d6d572d4413b9db350cf41286d9",
  "transport_record_observed": true,
  "connection_attempts": 1,
  "headers_started": 1,
  "transmissions_observed": 1,
  "transmissions_returned": 1,
  "grant_committed": true,
  "send_outcome": "returned",
  "ledger_outcome": "send_grant",
  "ledger_reconciled": true,
  "reconciliation_evidence_complete": true,
  "evidence_complete": true,
  "allowance_consumed": 1,
  "endpoint_receipts": 0,
  "usage": {
   "status": "provider_reported",
   "cost_usd": null,
   "input_tokens": 1182,
   "output_tokens": 1408,
   "total_tokens": 2590,
   "cached_tokens": 0,
   "reasoning_tokens": 1309
  },
  "usage_status": "provider_reported",
  "priced_usage_ceiling_micro_usd": 24075,
  "live": true,
  "live_usage_ceiling_usd": 0.024075,
  "scope": "one authorized provider transmission; the ceiling prices reported usage and is not a bill; allowance_consumed is the authoritative disposition (null when unknown), transmissions_observed the sender's own count or null when unobserved"
 }
}
{"run": "l175-draw8", "fresh": true, "exit": 0, "decision": "continue", "outcome": "closer_refusal", "reasons": [], "consumed": 85, "committed_micro_usd": 8704000}
Build completed successfully (6 jobs).
Build completed successfully (14 jobs).
⚠ [2/21] Replayed ProofBroker.IR
warning: ProofBroker/IR.lean:17:0: `Lean.RBMap` is deprecated; use `Std.TreeMap` instead
'Lean.Data.RBMap' has been deprecated: please replace this import by

import Init.Data.Ord.Basic
import Init.Data.Nat.Linear
import Init.Data.Array.Basic
import Init.WFTactics
⚠ [12/21] Replayed ProofBroker.Alethe
warning: ProofBroker/Alethe.lean:293:13: `String.trim` has been deprecated: Use `String.trimAscii` instead

Note: The updated constant has a different type:
  String → String.Slice
instead of
  String → String
⚠ [17/21] Replayed ProofBroker.Tactic
warning: ProofBroker/Tactic.lean:4305:37: `Lean.levelOne` has been deprecated: Use `Lean.Level.one` instead

Note: The updated constant is in a different namespace. Dot notation may need to be changed (e.g., from `x.levelOne` to `Level.one x`).
Build completed successfully (21 jobs).
{
 "accepted": false,
 "mode": "live",
 "proof_accepted": false,
 "failure_category": "reconstruction_refused",
 "credential_use_accepted": true,
 "publication_accepted": null,
 "publication_pending": true,
 "ledger_reconciled": true,
 "evidence_complete": true,
 "accounting": {
  "attempts_reserved": 1,
  "reservation_state": "reserved",
  "reservation": {
   "reserved_micro_usd": 102400,
   "message_utf8_bytes": 4277,
   "input_tokens_reserved": 16384,
   "output_tokens_reserved": 4096,
   "input_token_bound_status": "byte_ceiling_plus_framing_assumption",
   "billing_guarantee": false,
   "reservation_id": "5a8459ff17bc4b0c880cbcc820ef5515",
   "request_sha256": "e67364aa0ef5571f5345945d4478940830539732ba05c0658a392ce5ad861674",
   "arguments_sha256": "278cbb520cc49a5d39c8cfe6dc086b1bc549b9dc153768c63a5789759ea2bed6",
   "policy_sha256": "9b6153f29eaf4d314ccc82a8b0d8cbf16c4124f034895869a5e8544b4edb8316",
   "pricing_admission_sha256": "34c6da2fbe66f26d331266ddaa4cf2402cb836cde3288955b8ebf4ec40ef87c1",
   "ledger_row_hash": "0821afd55dc50508c8af62141697e87d18afb6bd60820ff8b3247cf30d0cd4dd",
   "ledger_sha256": "4e9e0416f32f90d9873e6cc7d4933bf97799e4aea421f842a3b3f28a699a2788"
  },
  "reservation_id": "5a8459ff17bc4b0c880cbcc820ef5515",
  "transport_record_observed": true,
  "connection_attempts": 1,
  "headers_started": 1,
  "transmissions_observed": 1,
  "transmissions_returned": 1,
  "grant_committed": true,
  "send_outcome": "returned",
  "ledger_outcome": "send_grant",
  "ledger_reconciled": true,
  "reconciliation_evidence_complete": true,
  "evidence_complete": true,
  "allowance_consumed": 1,
  "endpoint_receipts": 0,
  "usage": {
   "status": "provider_reported",
   "cost_usd": null,
   "input_tokens": 1235,
   "output_tokens": 408,
   "total_tokens": 1643,
   "cached_tokens": 0,
   "reasoning_tokens": 323
  },
  "usage_status": "provider_reported",
  "priced_usage_ceiling_micro_usd": 9208,
  "live": true,
  "live_usage_ceiling_usd": 0.009208,
  "scope": "one authorized provider transmission; the ceiling prices reported usage and is not a bill; allowance_consumed is the authoritative disposition (null when unknown), transmissions_observed the sender's own count or null when unobserved"
 }
}
{"run": "l178-draw8", "fresh": true, "exit": 0, "decision": "continue", "outcome": "closer_refusal", "reasons": [], "consumed": 86, "committed_micro_usd": 8806400}
Build completed successfully (6 jobs).
Build completed successfully (14 jobs).
⚠ [2/21] Replayed ProofBroker.IR
warning: ProofBroker/IR.lean:17:0: `Lean.RBMap` is deprecated; use `Std.TreeMap` instead
'Lean.Data.RBMap' has been deprecated: please replace this import by

import Init.Data.Ord.Basic
import Init.Data.Nat.Linear
import Init.Data.Array.Basic
import Init.WFTactics
⚠ [12/21] Replayed ProofBroker.Alethe
warning: ProofBroker/Alethe.lean:293:13: `String.trim` has been deprecated: Use `String.trimAscii` instead

Note: The updated constant has a different type:
  String → String.Slice
instead of
  String → String
⚠ [17/21] Replayed ProofBroker.Tactic
warning: ProofBroker/Tactic.lean:4305:37: `Lean.levelOne` has been deprecated: Use `Lean.Level.one` instead

Note: The updated constant is in a different namespace. Dot notation may need to be changed (e.g., from `x.levelOne` to `Level.one x`).
Build completed successfully (21 jobs).
{
 "accepted": false,
 "mode": "live",
 "proof_accepted": false,
 "failure_category": "reconstruction_refused",
 "credential_use_accepted": true,
 "publication_accepted": null,
 "publication_pending": true,
 "ledger_reconciled": true,
 "evidence_complete": true,
 "accounting": {
  "attempts_reserved": 1,
  "reservation_state": "reserved",
  "reservation": {
   "reserved_micro_usd": 102400,
   "message_utf8_bytes": 3462,
   "input_tokens_reserved": 16384,
   "output_tokens_reserved": 4096,
   "input_token_bound_status": "byte_ceiling_plus_framing_assumption",
   "billing_guarantee": false,
   "reservation_id": "d42c5f1d69294ad2af9eb1e5f6ef59b6",
   "request_sha256": "e475df7e36a5cb9880ec7dda12470d635573fe85f6de6140f65097f922407f05",
   "arguments_sha256": "89fbb6205fba2d3f826e3dbb016e46866a1d0581ad5df6843c4cf901dcabfeed",
   "policy_sha256": "9b6153f29eaf4d314ccc82a8b0d8cbf16c4124f034895869a5e8544b4edb8316",
   "pricing_admission_sha256": "4968cf90071508347a6889a5c1890af1226ccd85437f523a2f0913a5f99ef5d1",
   "ledger_row_hash": "a678d49232fab63d74bb808d4834d3039966b4b59a4eaf7b403a4398e02f35d1",
   "ledger_sha256": "5ef154c263619d87dcb5377af73233c7936d7d322362d197da6c0dd4ef1839f7"
  },
  "reservation_id": "d42c5f1d69294ad2af9eb1e5f6ef59b6",
  "transport_record_observed": true,
  "connection_attempts": 1,
  "headers_started": 1,
  "transmissions_observed": 1,
  "transmissions_returned": 1,
  "grant_committed": true,
  "send_outcome": "returned",
  "ledger_outcome": "send_grant",
  "ledger_reconciled": true,
  "reconciliation_evidence_complete": true,
  "evidence_complete": true,
  "allowance_consumed": 1,
  "endpoint_receipts": 0,
  "usage": {
   "status": "provider_reported",
   "cost_usd": null,
   "input_tokens": 979,
   "output_tokens": 176,
   "total_tokens": 1155,
   "cached_tokens": 0,
   "reasoning_tokens": 100
  },
  "usage_status": "provider_reported",
  "priced_usage_ceiling_micro_usd": 5088,
  "live": true,
  "live_usage_ceiling_usd": 0.005088,
  "scope": "one authorized provider transmission; the ceiling prices reported usage and is not a bill; allowance_consumed is the authoritative disposition (null when unknown), transmissions_observed the sender's own count or null when unobserved"
 }
}
{"run": "l204-draw8", "fresh": true, "exit": 0, "decision": "continue", "outcome": "closer_refusal", "reasons": [], "consumed": 87, "committed_micro_usd": 8908800}
Build completed successfully (6 jobs).
Build completed successfully (14 jobs).
⚠ [2/21] Replayed ProofBroker.IR
warning: ProofBroker/IR.lean:17:0: `Lean.RBMap` is deprecated; use `Std.TreeMap` instead
'Lean.Data.RBMap' has been deprecated: please replace this import by

import Init.Data.Ord.Basic
import Init.Data.Nat.Linear
import Init.Data.Array.Basic
import Init.WFTactics
⚠ [12/21] Replayed ProofBroker.Alethe
warning: ProofBroker/Alethe.lean:293:13: `String.trim` has been deprecated: Use `String.trimAscii` instead

Note: The updated constant has a different type:
  String → String.Slice
instead of
  String → String
⚠ [17/21] Replayed ProofBroker.Tactic
warning: ProofBroker/Tactic.lean:4305:37: `Lean.levelOne` has been deprecated: Use `Lean.Level.one` instead

Note: The updated constant is in a different namespace. Dot notation may need to be changed (e.g., from `x.levelOne` to `Level.one x`).
Build completed successfully (21 jobs).
{
 "accepted": false,
 "mode": "live",
 "proof_accepted": true,
 "failure_category": null,
 "credential_use_accepted": true,
 "publication_accepted": null,
 "publication_pending": true,
 "ledger_reconciled": true,
 "evidence_complete": true,
 "accounting": {
  "attempts_reserved": 1,
  "reservation_state": "reserved",
  "reservation": {
   "reserved_micro_usd": 102400,
   "message_utf8_bytes": 3153,
   "input_tokens_reserved": 16384,
   "output_tokens_reserved": 4096,
   "input_token_bound_status": "byte_ceiling_plus_framing_assumption",
   "billing_guarantee": false,
   "reservation_id": "1a791163a2ef46a0a226d9f3419c85d6",
   "request_sha256": "fb1cbeae50d2fb6feef13d94eeb7ef492f4e4535d8c34989bd4d6df31fe3127b",
   "arguments_sha256": "af6941d64edcd63ef14bb212f85c571ce6c44a726038f7f6100bd2088d600408",
   "policy_sha256": "9b6153f29eaf4d314ccc82a8b0d8cbf16c4124f034895869a5e8544b4edb8316",
   "pricing_admission_sha256": "4e0f186bb9c14262c89b4a9a2f280e7cd8656c93c20d0d9eb1bedd977a699eb1",
   "ledger_row_hash": "9905991b057549a29efbf68c783e43cdce3198999e8ecddbc9d7d6e04dbe6f5b",
   "ledger_sha256": "d1ad60d4cf0297dd46ea964add305f68c68d4f71664482f5d8071864d4ed654f"
  },
  "reservation_id": "1a791163a2ef46a0a226d9f3419c85d6",
  "transport_record_observed": true,
  "connection_attempts": 1,
  "headers_started": 1,
  "transmissions_observed": 1,
  "transmissions_returned": 1,
  "grant_committed": true,
  "send_outcome": "returned",
  "ledger_outcome": "send_grant",
  "ledger_reconciled": true,
  "reconciliation_evidence_complete": true,
  "evidence_complete": true,
  "allowance_consumed": 1,
  "endpoint_receipts": 0,
  "usage": {
   "status": "provider_reported",
   "cost_usd": null,
   "input_tokens": 898,
   "output_tokens": 189,
   "total_tokens": 1087,
   "cached_tokens": 0,
   "reasoning_tokens": 106
  },
  "usage_status": "provider_reported",
  "priced_usage_ceiling_micro_usd": 5080,
  "live": true,
  "live_usage_ceiling_usd": 0.00508,
  "scope": "one authorized provider transmission; the ceiling prices reported usage and is not a bill; allowance_consumed is the authoritative disposition (null when unknown), transmissions_observed the sender's own count or null when unobserved"
 }
}
{"run": "l099-draw8", "fresh": true, "exit": 0, "decision": "continue", "outcome": "proof", "reasons": [], "consumed": 88, "committed_micro_usd": 9011200}
{"block_2": "complete", "runs": 77, "next": "the operator disclosure scan over all 88 runs, then the frozen evaluation"}
