Build completed successfully (6 jobs).
Build completed successfully (14 jobs).
⚠ [2/21] Replayed ProofBroker.IR
warning: ProofBroker/IR.lean:17:0: `Lean.RBMap` is deprecated; use `Std.TreeMap` instead
'Lean.Data.RBMap' has been deprecated: please replace this import by

import Init.Data.Ord.Basic
import Init.Data.Nat.Linear
import Init.Data.Array.Basic
import Init.WFTactics
⚠ [12/21] Replayed ProofBroker.Alethe
warning: ProofBroker/Alethe.lean:293:13: `String.trim` has been deprecated: Use `String.trimAscii` instead

Note: The updated constant has a different type:
  String → String.Slice
instead of
  String → String
⚠ [17/21] Replayed ProofBroker.Tactic
warning: ProofBroker/Tactic.lean:4269:37: `Lean.levelOne` has been deprecated: Use `Lean.Level.one` instead

Note: The updated constant is in a different namespace. Dot notation may need to be changed (e.g., from `x.levelOne` to `Level.one x`).
Build completed successfully (21 jobs).
Traceback (most recent call last):
  File "/home/jeans/Repos/research/proof-broker/experiments/r6/proposal_episode.py", line 281, in <module>
    main()
    ~~~~^^
  File "/home/jeans/Repos/research/proof-broker/experiments/r6/proposal_episode.py", line 265, in main
    execute(run, task, args.case, args.packages_dir)
    ~~~~~~~^^^^^^^^^^^^^^^^^^^^^^^^^^^^^^^^^^^^^^^^^
  File "/home/jeans/Repos/research/proof-broker/experiments/r6/proposal_episode.py", line 203, in execute
    raise PolicyFailure('certificate-check', 'certificate_verification', json.dumps(report))
PolicyFailure: {"accepted": false, "stage": "certificate_verification", "reason": {"kind": "farkas_not_contradictory", "detail": "weighted sum is -3*Zmax + 36893488138795548676, not a contradictory constant (need >0 for loose, >=0 with a positively-weighted strict witness)"}, "certificate_hash": "sha256:50204848e7030daa94949cf29afe0825cb12a4e98014c36ff90db9f3fcde9320"}
