unsat
(
(assume a0 (! (<= _pb_atom_0 70368744161280) :named @p_1))
(assume a1 (= 18446744069414584321 18446744069414584321))
(assume a2 (<= 0 _pb_atom_0))
(assume a3 (! (not (! (< (! (* 262144 _pb_atom_0) :named @p_2) 18446744069414584321) :named @p_3)) :named @p_4))
(step t0 (cl (not (! (= @p_4 (! (>= _pb_atom_0 70368744161281) :named @p_5)) :named @p_8)) (not @p_4) @p_5) :rule equiv_pos2)
(step t1 (cl (! (= @p_3 (! (not (! (>= @p_2 18446744069414584321) :named @p_11)) :named @p_12)) :named @p_14)) :rule hole :args ("TRUST_THEORY_REWRITE" @p_14 3 6))
(step t2 (cl (! (= @p_11 @p_5) :named @p_13)) :rule hole :args ("TRUST_THEORY_REWRITE" @p_13 3 7))
(step t3 (cl (= @p_12 (! (not @p_5) :named @p_6))) :rule cong :premises (t2))
(step t4 (cl (= @p_3 @p_6)) :rule trans :premises (t1 t3))
(step t5 (cl (= @p_4 (! (not @p_6) :named @p_9))) :rule cong :premises (t4))
(step t6 (cl (! (= @p_9 @p_5) :named @p_10)) :rule hole :args ("TRUST_THEORY_REWRITE" @p_10 1 7))
(step t7 (cl @p_8) :rule trans :premises (t5 t6))
(step t8 (cl @p_5) :rule resolution :premises (t0 t7 a3))
(step t9 (cl (not (! (= @p_1 @p_6) :named @p_7)) (not @p_1) @p_6) :rule equiv_pos2)
(step t10 (cl @p_7) :rule hole :args ("TRUST_THEORY_REWRITE" @p_7 3 7))
(step t11 (cl @p_6) :rule resolution :premises (t9 t10 a0))
(step t12 (cl) :rule resolution :premises (t8 t11))
)
