unsat
(
(assume a0 (<= _pb_atom_1 4398046511104))
(assume a1 (< _pb_atom_2 262144))
(assume a2 (< _pb_atom_3 262144))
(assume a3 (< _pb_atom_4 4398046511104))
(assume a4 (= 18446744069414584321 18446744069414584321))
(assume a5 (< 262144 18446744069414584321))
(assume a6 (= _pb_atom_5 262144))
(assume a7 (< (! (* 262144 _pb_atom_4) :named @p_1) 18446744069414584321))
(assume a8 (= _pb_atom_6 @p_1))
(assume a9 (< (! (+ _pb_atom_3 @p_1) :named @p_2) 18446744069414584321))
(assume a10 (= _pb_atom_7 @p_2))
(assume a11 (! (< _pb_atom_0 1152921504606846976) :named @p_3))
(assume a12 (<= 0 _pb_atom_0))
(assume a13 (<= 0 _pb_atom_1))
(assume a14 (<= 0 _pb_atom_2))
(assume a15 (<= 0 _pb_atom_3))
(assume a16 (<= 0 _pb_atom_4))
(assume a17 (<= 0 _pb_atom_5))
(assume a18 (<= 0 _pb_atom_6))
(assume a19 (<= 0 _pb_atom_7))
(assume a20 (! (not (! (< _pb_atom_0 18446744069414584321) :named @p_4)) :named @p_5))
(step t0 (cl (not (! (= (! (< (! (+ _pb_atom_0 (! (* -1 _pb_atom_0) :named @p_8)) :named @p_9) (! (+ 1152921504606846976 (! (* -1 18446744069414584321) :named @p_6)) :named @p_7)) :named @p_10) false) :named @p_21)) (not @p_10) false) :rule equiv_pos2)
(step t1 (cl (! (= @p_10 (! (not (! (>= @p_9 @p_7) :named @p_22)) :named @p_23)) :named @p_32)) :rule hole :args ("TRUST_THEORY_REWRITE" @p_32 3 6))
(step t2 (cl (! (= @p_9 0) :named @p_31)) :rule hole :args ("TRUST_THEORY_REWRITE" @p_31 3 7))
(step t3 (cl (= 1152921504606846976 1152921504606846976)) :rule refl)
(step t4 (cl (! (= @p_6 -18446744069414584321) :named @p_30)) :rule hole :args ("TRUST_THEORY_REWRITE" @p_30 3 7))
(step t5 (cl (= @p_7 (! (+ 1152921504606846976 -18446744069414584321) :named @p_28))) :rule cong :premises (t3 t4))
(step t6 (cl (! (= @p_28 -17293822564807737345) :named @p_29)) :rule hole :args ("TRUST_THEORY_REWRITE" @p_29 3 7))
(step t7 (cl (= @p_7 -17293822564807737345)) :rule trans :premises (t5 t6))
(step t8 (cl (= @p_22 (! (>= 0 -17293822564807737345) :named @p_26))) :rule cong :premises (t2 t7))
(step t9 (cl (! (= @p_26 true) :named @p_27)) :rule hole :args ("TRUST_THEORY_REWRITE" @p_27 3 7))
(step t10 (cl (= @p_22 true)) :rule trans :premises (t8 t9))
(step t11 (cl (= @p_23 (! (not true) :named @p_24))) :rule cong :premises (t10))
(step t12 (cl (! (= @p_24 false) :named @p_25)) :rule hole :args ("TRUST_THEORY_REWRITE" @p_25 1 7))
(step t13 (cl (= @p_23 false)) :rule trans :premises (t11 t12))
(step t14 (cl @p_21) :rule trans :premises (t1 t13))
(step t15 (cl (not @p_3) (not (! (<= @p_8 @p_6) :named @p_11)) @p_10) :rule la_generic :args (1/1 1/1 1/1))
(step t16 (cl (=> (! (and (! (< -1 0) :named @p_13) (! (>= _pb_atom_0 18446744069414584321) :named @p_12)) :named @p_14) @p_11)) :rule la_mult_neg)
(step t17 (cl (not @p_14) @p_11) :rule implies :premises (t16))
(step t18 (cl @p_14 (not @p_13) (! (not @p_12) :named @p_16)) :rule and_neg)
(step t19 (cl (= (! (= @p_13 true) :named @p_20) @p_13)) :rule equiv_simplify)
(step t20 (cl (not @p_20) @p_13) :rule equiv1 :premises (t19))
(step t21 (cl @p_20) :rule rare_rewrite :args ("evaluate"))
(step t22 (cl @p_13) :rule resolution :premises (t20 t21))
(step t23 (cl (not (! (= @p_5 @p_12) :named @p_15)) (not @p_5) @p_12) :rule equiv_pos2)
(step t24 (cl (! (= @p_4 @p_16) :named @p_19)) :rule hole :args ("TRUST_THEORY_REWRITE" @p_19 3 6))
(step t25 (cl (= @p_5 (! (not @p_16) :named @p_17))) :rule cong :premises (t24))
(step t26 (cl (! (= @p_17 @p_12) :named @p_18)) :rule hole :args ("TRUST_THEORY_REWRITE" @p_18 1 7))
(step t27 (cl @p_15) :rule trans :premises (t25 t26))
(step t28 (cl @p_12) :rule resolution :premises (t23 t27 a20))
(step t29 (cl @p_14) :rule resolution :premises (t18 t22 t28))
(step t30 (cl @p_11) :rule resolution :premises (t17 t29))
(step t31 (cl @p_10) :rule resolution :premises (t15 a11 t30))
(step t32 (cl false) :rule resolution :premises (t0 t14 t31))
(step t33 (cl (not false)) :rule false)
(step t34 (cl) :rule resolution :premises (t32 t33))
)
