unsat
((set-logic QF_LIA)
(proof
(let (($x67 (<= (+ x4 (* (- 1) x5)) 0)))
(let ((@x69 (rewrite (= (<= x4 x5) $x67))))
(let (($x63 (<= x4 x5)))
(let ((@x64 (asserted $x63)))
(let (($x31 (<= (+ x0 (* (- 1) x1)) 0)))
(let ((@x33 (rewrite (= (<= x0 x1) $x31))))
(let (($x25 (<= x0 x1)))
(let ((@x26 (asserted $x25)))
(let (($x74 (not (<= x0 0))))
(let ((@x75 (asserted $x74)))
(let (($x40 (<= (+ x1 (* (- 1) x2)) 0)))
(let ((@x42 (rewrite (= (<= x1 x2) $x40))))
(let (($x36 (<= x1 x2)))
(let ((@x37 (asserted $x36)))
(let (($x49 (<= (+ x2 (* (- 1) x3)) 0)))
(let ((@x51 (rewrite (= (<= x2 x3) $x49))))
(let (($x45 (<= x2 x3)))
(let ((@x46 (asserted $x45)))
(let (($x58 (<= (+ x3 (* (- 1) x4)) 0)))
(let ((@x60 (rewrite (= (<= x3 x4) $x58))))
(let (($x54 (<= x3 x4)))
(let ((@x55 (asserted $x54)))
(let (($x71 (<= x5 0)))
(let ((@x72 (asserted $x71)))
((_ th-lemma arith farkas 1 1 1 1 -1 1 1) (mp @x72 (rewrite (= $x71 $x71)) $x71) (mp (mp @x55 (rewrite (= $x54 $x54)) $x54) @x60 $x58) (mp (mp @x46 (rewrite (= $x45 $x45)) $x45) @x51 $x49) (mp (mp @x37 (rewrite (= $x36 $x36)) $x36) @x42 $x40) (mp @x75 (rewrite (= $x74 $x74)) $x74) (mp (mp @x26 (rewrite (= $x25 $x25)) $x25) @x33 $x31) (mp (mp @x64 (rewrite (= $x63 $x63)) $x63) @x69 $x67) false)))))))))))))))))))))))))))

