runs/20260906-215904/lean/B2_false_2p22.omega.lean:22:2: error: omega could not prove the goal:
a possible counterexample may satisfy the constraints
  0 ≤ a ≤ 4398046511103
  a ≥ 4398046510081
where
 a := ↑g_hi.val
cumulative profiling times:
	attribute application 0.00759ms
	elaboration 3.12ms
	fix level params 0.0201ms
	instantiate metavars 0.00871ms
	interpretation 0.00304ms
	linting 13.8ms
	module linting 0.000932ms
	overlappingInstancesLinter 0.981ms
	parsing 0.223ms
	process pre-definitions 0.205ms
	share common exprs 0.0575ms
	tactic execution 0.739ms
	tacticAnalysis 2.32ms
	type checking 0.285ms
	typeclass inference 4.04ms
PEAK_RSS_BYTES=686768128
EXIT=1 WALL=3.9s CAP=8G
