runs/20260906-215904/lean/B3_false_wide_bound.omega.lean:22:2: error: omega could not prove the goal:
a possible counterexample may satisfy the constraints
  0 ≤ a ≤ 70368744177663
  a ≥ 70368744161281
where
 a := ↑g_hi.val
cumulative profiling times:
	attribute application 0.00602ms
	elaboration 2.47ms
	fix level params 0.0153ms
	instantiate metavars 0.00824ms
	interpretation 0.00269ms
	linting 11.8ms
	module linting 0.000852ms
	overlappingInstancesLinter 0.519ms
	parsing 0.319ms
	process pre-definitions 0.179ms
	share common exprs 0.0456ms
	tactic execution 0.956ms
	tacticAnalysis 1.3ms
	type checking 0.283ms
	typeclass inference 3.66ms
PEAK_RSS_BYTES=700338176
EXIT=1 WALL=3.8s CAP=8G
