proof_broker report: tactic=proof_broker closer=gated_omega backend=cvc4 tier=1 format=farkas cert_bytes=1382 fragment=LIA hyps=3 dispatch_ms=255 verify_ms=0 wall_ms=283
tactic execution of ProofBroker.Tactic.proofBroker took 275ms
cumulative profiling times:
	attribute application 0.0072ms
	elaboration 2.26ms
	fix level params 0.0125ms
	instantiate metavars 0.0166ms
	interpretation 0.157ms
	linting 10.2ms
	module linting 0.00101ms
	overlappingInstancesLinter 0.762ms
	parsing 0.211ms
	process pre-definitions 0.138ms
	share common exprs 0.0446ms
	tactic execution 277ms
	tacticAnalysis 1.51ms
	type checking 5.56ms
	typeclass inference 8.7ms
PEAK_RSS_BYTES=715677696
EXIT=0 WALL=4.3s CAP=8G
