cumulative profiling times:
	attribute application 0.00816ms
	congr simp thm 0.264ms
	elaboration 2.31ms
	fix level params 0.00848ms
	grind 2.43ms
	grind cutsat 0.176ms
	grind mark subsingleton 0.0615ms
	grind ring 0.039ms
	grind simp 1.84ms
	instantiate metavars 0.0226ms
	interpretation 0.568ms
	linting 17.6ms
	module linting 0.00101ms
	overlappingInstancesLinter 1.01ms
	parsing 0.326ms
	process pre-definitions 0.0996ms
	share common exprs 0.0215ms
	sym canon 0.4ms
	sym typeclass inference 13.6ms
	tactic execution 0.569ms
	tacticAnalysis 3.3ms
	type checking 6.11ms
	typeclass inference 6.05ms
PEAK_RSS_BYTES=702050304
EXIT=0 WALL=4.2s CAP=8G
