cumulative profiling times:
	attribute application 0.00761ms
	congr simp thm 0.368ms
	elaboration 2.82ms
	fix level params 0.0103ms
	grind 2.84ms
	grind cutsat 0.191ms
	grind mark subsingleton 0.0637ms
	grind ring 0.0384ms
	grind simp 2.97ms
	instantiate metavars 0.0242ms
	interpretation 0.116ms
	linting 14.1ms
	module linting 0.000902ms
	overlappingInstancesLinter 0.52ms
	parsing 0.305ms
	process pre-definitions 0.113ms
	share common exprs 0.0264ms
	sym canon 0.403ms
	sym typeclass inference 14.5ms
	tactic execution 1.07ms
	tacticAnalysis 2.63ms
	type checking 6.13ms
	typeclass inference 7.37ms
PEAK_RSS_BYTES=706727936
EXIT=0 WALL=4.4s CAP=8G
