proof_broker report: tactic=proof_broker_term closer=term_mode_nat backend=cvc4 tier=1 format=farkas cert_bytes=1529 fragment=LIA hyps=9 dispatch_ms=2039 verify_ms=0 wall_ms=2055
tactic execution of ProofBroker.Tactic.proofBrokerTerm took 2.05s
cumulative profiling times:
	attribute application 0.0072ms
	elaboration 4.53ms
	fix level params 0.0188ms
	instantiate metavars 0.0452ms
	interpretation 0.0502ms
	linting 17ms
	module linting 0.00314ms
	overlappingInstancesLinter 0.635ms
	parsing 0.341ms
	process pre-definitions 0.226ms
	share common exprs 0.156ms
	tactic execution 2.05s
	tacticAnalysis 3.63ms
	type checking 9.44ms
	typeclass inference 17.2ms
PEAK_RSS_BYTES=706854912
EXIT=0 WALL=6.3s CAP=8G
