cumulative profiling times:
	attribute application 0.00879ms
	congr simp thm 0.434ms
	elaboration 4.53ms
	fix level params 0.0125ms
	grind 4.06ms
	grind cutsat 0.158ms
	grind mark subsingleton 0.124ms
	grind ring 0.0455ms
	grind simp 4.61ms
	instantiate metavars 0.0337ms
	interpretation 0.0924ms
	linting 16.7ms
	module linting 0.00107ms
	overlappingInstancesLinter 0.656ms
	parsing 0.452ms
	process pre-definitions 0.201ms
	share common exprs 0.0367ms
	sym canon 0.561ms
	sym typeclass inference 15.3ms
	tactic execution 0.702ms
	tacticAnalysis 2.53ms
	type checking 5.8ms
	typeclass inference 11.6ms
PEAK_RSS_BYTES=701612032
EXIT=0 WALL=4.1s CAP=8G
