proof_broker report: tactic=proof_broker_term closer=term_mode_nat backend=cvc4 tier=1 format=farkas cert_bytes=1352 fragment=LIA hyps=15 dispatch_ms=331 verify_ms=1 wall_ms=350
tactic execution of ProofBroker.Tactic.proofBrokerTerm took 342ms
cumulative profiling times:
	attribute application 0.00718ms
	elaboration 4.2ms
	fix level params 0.0232ms
	instantiate metavars 0.0334ms
	interpretation 0.0596ms
	linting 16.2ms
	module linting 0.00138ms
	overlappingInstancesLinter 0.699ms
	parsing 0.372ms
	process pre-definitions 0.264ms
	share common exprs 0.14ms
	tactic execution 344ms
	tacticAnalysis 2.72ms
	type checking 5.04ms
	typeclass inference 10.8ms
PEAK_RSS_BYTES=720363520
EXIT=0 WALL=4.3s CAP=8G
