pb_dump_ir: wrote ir/B1_true_2p21.json | hypotheses=3 fragment=LIA | skipped_locals=[g_hi — data local at an undeclarable type (ZMod P)] | nat_atoms=[_pb_atom_0] | numeral_defs=[RmsNorm.P=18446744069414584321]
ir/B1_true_2p21.dump.lean:18:2: warning: 'pb_dump_ir"ir/B1_true_2p21.json"' tactic does nothing

Note: This linter can be disabled with `set_option linter.unusedTactic false`
cumulative profiling times:
	attribute application 0.0121ms
	elaboration 4.05ms
	fix level params 0.0103ms
	instantiate metavars 0.015ms
	interpretation 0.123ms
	linting 13.6ms
	module linting 0.000962ms
	overlappingInstancesLinter 0.503ms
	parsing 0.332ms
	process pre-definitions 0.101ms
	share common exprs 0.0367ms
	tactic execution 8.21ms
	tacticAnalysis 2.12ms
	type checking 6.63ms
	typeclass inference 9.16ms
PEAK_RSS_BYTES=690118656
EXIT=0 WALL=4.3s CAP=8G
