pb_dump_ir: wrote ir/C2_coef_2.json | hypotheses=3 fragment=LIA | skipped_locals=[g_hi — data local at an undeclarable type (ZMod P)] | nat_atoms=[_pb_atom_0] | numeral_defs=[RmsNorm.P=18446744069414584321]
ir/C2_coef_2.dump.lean:18:2: warning: 'pb_dump_ir"ir/C2_coef_2.json"' tactic does nothing

Note: This linter can be disabled with `set_option linter.unusedTactic false`
cumulative profiling times:
	attribute application 0.00813ms
	elaboration 2.47ms
	fix level params 0.0113ms
	instantiate metavars 0.0165ms
	interpretation 0.128ms
	linting 17.7ms
	module linting 0.00152ms
	overlappingInstancesLinter 0.674ms
	parsing 0.232ms
	process pre-definitions 0.158ms
	share common exprs 0.0398ms
	tactic execution 15.4ms
	tacticAnalysis 6.4ms
	type checking 24.3ms
	typeclass inference 8.15ms
PEAK_RSS_BYTES=688128000
EXIT=0 WALL=4.4s CAP=8G
