pb_dump_ir: wrote ir/C3_coef_3.json | hypotheses=3 fragment=LIA | skipped_locals=[g_hi — data local at an undeclarable type (ZMod P)] | nat_atoms=[_pb_atom_0] | numeral_defs=[RmsNorm.P=18446744069414584321]
ir/C3_coef_3.dump.lean:18:2: warning: 'pb_dump_ir"ir/C3_coef_3.json"' tactic does nothing

Note: This linter can be disabled with `set_option linter.unusedTactic false`
cumulative profiling times:
	attribute application 0.00764ms
	elaboration 2.89ms
	fix level params 0.00996ms
	instantiate metavars 0.0224ms
	interpretation 0.113ms
	linting 16.9ms
	module linting 0.000882ms
	overlappingInstancesLinter 0.952ms
	parsing 0.284ms
	process pre-definitions 0.124ms
	share common exprs 0.0371ms
	tactic execution 12.2ms
	tacticAnalysis 2.12ms
	type checking 5.7ms
	typeclass inference 8.85ms
PEAK_RSS_BYTES=704380928
EXIT=0 WALL=4.7s CAP=8G
