pb_dump_ir: wrote ir/C4_coef_4.json | hypotheses=3 fragment=LIA | skipped_locals=[g_hi — data local at an undeclarable type (ZMod P)] | nat_atoms=[_pb_atom_0] | numeral_defs=[RmsNorm.P=18446744069414584321]
ir/C4_coef_4.dump.lean:18:2: warning: 'pb_dump_ir"ir/C4_coef_4.json"' tactic does nothing

Note: This linter can be disabled with `set_option linter.unusedTactic false`
cumulative profiling times:
	attribute application 0.00887ms
	elaboration 2.56ms
	fix level params 0.0123ms
	instantiate metavars 0.0311ms
	interpretation 0.115ms
	linting 16.5ms
	module linting 0.000912ms
	overlappingInstancesLinter 0.791ms
	parsing 0.334ms
	process pre-definitions 0.142ms
	share common exprs 0.0367ms
	tactic execution 9.16ms
	tacticAnalysis 1.93ms
	type checking 6.47ms
	typeclass inference 7.19ms
PEAK_RSS_BYTES=705302528
EXIT=0 WALL=4.2s CAP=8G
