pb_dump_ir: wrote ir/C6_coef_8.json | hypotheses=3 fragment=LIA | skipped_locals=[g_hi — data local at an undeclarable type (ZMod P)] | nat_atoms=[_pb_atom_0] | numeral_defs=[RmsNorm.P=18446744069414584321]
ir/C6_coef_8.dump.lean:18:2: warning: 'pb_dump_ir"ir/C6_coef_8.json"' tactic does nothing

Note: This linter can be disabled with `set_option linter.unusedTactic false`
cumulative profiling times:
	attribute application 0.00889ms
	elaboration 3.21ms
	fix level params 0.0125ms
	instantiate metavars 0.0182ms
	interpretation 0.112ms
	linting 16.9ms
	module linting 0.00102ms
	overlappingInstancesLinter 0.636ms
	parsing 0.262ms
	process pre-definitions 0.145ms
	share common exprs 0.0337ms
	tactic execution 11.8ms
	tacticAnalysis 2.26ms
	type checking 8.35ms
	typeclass inference 8.25ms
PEAK_RSS_BYTES=687689728
EXIT=0 WALL=4.7s CAP=8G
