pb_dump_ir: wrote ir/C7_coef_2p10.json | hypotheses=3 fragment=LIA | skipped_locals=[g_hi — data local at an undeclarable type (ZMod P)] | nat_atoms=[_pb_atom_0] | numeral_defs=[RmsNorm.P=18446744069414584321]
ir/C7_coef_2p10.dump.lean:18:2: warning: 'pb_dump_ir"ir/C7_coef_2p10.json"' tactic does nothing

Note: This linter can be disabled with `set_option linter.unusedTactic false`
cumulative profiling times:
	attribute application 0.0129ms
	elaboration 2.72ms
	fix level params 0.0101ms
	instantiate metavars 0.0145ms
	interpretation 0.124ms
	linting 17.5ms
	module linting 0.00656ms
	overlappingInstancesLinter 0.763ms
	parsing 0.316ms
	process pre-definitions 0.134ms
	share common exprs 0.038ms
	tactic execution 23.6ms
	tacticAnalysis 2.69ms
	type checking 7.68ms
	typeclass inference 9.39ms
PEAK_RSS_BYTES=701804544
EXIT=0 WALL=4.4s CAP=8G
