pb_dump_ir: wrote ir/O6_E4.json | hypotheses=10 fragment=LIA | skipped_locals=[] | nat_atoms=[_pb_atom_0, _pb_atom_1] | numeral_defs=[RmsNorm.P=18446744069414584321]
ir/O6_E4.dump.lean:20:2: warning: 'pb_dump_ir"ir/O6_E4.json"' tactic does nothing

Note: This linter can be disabled with `set_option linter.unusedTactic false`
cumulative profiling times:
	attribute application 0.0091ms
	elaboration 8.76ms
	fix level params 0.0134ms
	instantiate metavars 0.0333ms
	interpretation 0.103ms
	linting 16.2ms
	module linting 0.000842ms
	overlappingInstancesLinter 0.643ms
	parsing 0.657ms
	process pre-definitions 0.155ms
	share common exprs 0.0586ms
	tactic execution 24ms
	tacticAnalysis 2.07ms
	type checking 15.9ms
	typeclass inference 31.8ms
PEAK_RSS_BYTES=692670464
EXIT=0 WALL=4.3s CAP=8G
