pb_dump_ir: wrote ir/P1_decimal_coef.json | hypotheses=3 fragment=LIA | skipped_locals=[g_hi — data local at an undeclarable type (ZMod P)] | nat_atoms=[_pb_atom_0] | numeral_defs=[RmsNorm.P=18446744069414584321]
ir/P1_decimal_coef.dump.lean:18:2: warning: 'pb_dump_ir"ir/P1_decimal_coef.json"' tactic does nothing

Note: This linter can be disabled with `set_option linter.unusedTactic false`
cumulative profiling times:
	attribute application 0.00813ms
	elaboration 2.77ms
	fix level params 0.0115ms
	instantiate metavars 0.0152ms
	interpretation 0.104ms
	linting 15.7ms
	module linting 0.00106ms
	overlappingInstancesLinter 0.602ms
	parsing 0.244ms
	process pre-definitions 0.139ms
	share common exprs 0.052ms
	tactic execution 11.1ms
	tacticAnalysis 3.83ms
	type checking 7.11ms
	typeclass inference 7.61ms
PEAK_RSS_BYTES=672550912
EXIT=0 WALL=4.4s CAP=8G
