pb_dump_ir: wrote ir/P4_prime_literal.json | hypotheses=3 fragment=LIA | skipped_locals=[g_hi — data local at an undeclarable type (ZMod P)] | nat_atoms=[_pb_atom_0] | numeral_defs=[RmsNorm.P=18446744069414584321]
ir/P4_prime_literal.dump.lean:18:2: warning: 'pb_dump_ir"ir/P4_prime_literal.json"' tactic does nothing

Note: This linter can be disabled with `set_option linter.unusedTactic false`
cumulative profiling times:
	attribute application 0.0111ms
	elaboration 2.75ms
	fix level params 0.0437ms
	instantiate metavars 0.0158ms
	interpretation 0.113ms
	linting 16.9ms
	module linting 0.00112ms
	overlappingInstancesLinter 0.898ms
	parsing 0.29ms
	process pre-definitions 0.216ms
	share common exprs 0.0424ms
	tactic execution 18.4ms
	tacticAnalysis 2.2ms
	type checking 5.14ms
	typeclass inference 9.28ms
PEAK_RSS_BYTES=688640000
EXIT=0 WALL=4.5s CAP=8G
