pb_dump_ir: wrote ir/P5_plain_nat.json | hypotheses=3 fragment=LIA | skipped_locals=[] | nat_atoms=[] | numeral_defs=[RmsNorm.P=18446744069414584321]
ir/P5_plain_nat.dump.lean:18:2: warning: 'pb_dump_ir"ir/P5_plain_nat.json"' tactic does nothing

Note: This linter can be disabled with `set_option linter.unusedTactic false`
cumulative profiling times:
	attribute application 0.00891ms
	elaboration 2.5ms
	fix level params 0.0116ms
	instantiate metavars 0.0175ms
	interpretation 0.113ms
	linting 14.8ms
	module linting 0.000962ms
	overlappingInstancesLinter 0.528ms
	parsing 0.23ms
	process pre-definitions 0.135ms
	share common exprs 0.0399ms
	tactic execution 22.7ms
	tacticAnalysis 2.13ms
	type checking 45.8ms
	typeclass inference 9.11ms
PEAK_RSS_BYTES=688381952
EXIT=0 WALL=4.3s CAP=8G
