pb_dump_ir: wrote ir/R2_redundant3.json | hypotheses=9 fragment=LIA | skipped_locals=[q — data local at an undeclarable type (ZMod P); S — data local at an undeclarable type (ZMod P); g_lo — data local at an undeclarable type (ZMod P); g_hi — data local at an undeclarable type (ZMod P)] | nat_atoms=[_pb_atom_0, _pb_atom_1, _pb_atom_2, _pb_atom_3] | numeral_defs=[RmsNorm.P=18446744069414584321]
ir/R2_redundant3.dump.lean:20:2: warning: 'pb_dump_ir"ir/R2_redundant3.json"' tactic does nothing

Note: This linter can be disabled with `set_option linter.unusedTactic false`
cumulative profiling times:
	attribute application 0.00764ms
	elaboration 4.37ms
	fix level params 0.0116ms
	instantiate metavars 0.0241ms
	interpretation 0.0986ms
	linting 18.9ms
	module linting 0.000842ms
	overlappingInstancesLinter 0.861ms
	parsing 0.323ms
	process pre-definitions 0.133ms
	share common exprs 0.0603ms
	tactic execution 20.7ms
	tacticAnalysis 3.65ms
	type checking 8.49ms
	typeclass inference 17.9ms
PEAK_RSS_BYTES=690864128
EXIT=0 WALL=4.5s CAP=8G
