runs/20260906-204453/lean/B2_false_2p22.grind.lean:22:2: error: `grind` failed
case grind
g_hi : ZMod P
hhi : g_hi.val < 2 ^ 42
hP : P = 18446744069414584321
h : P ≤ 4194304 * g_hi.val
⊢ False
[grind] Goal diagnostics
  [facts] Asserted facts
    [prop] g_hi.val ≤ 4398046511103
    [prop] P = 18446744069414584321
    [prop] P ≤ 4194304 * g_hi.val
    [prop] g_hi.val + 1 ≤ P
  [eqc] True propositions
    [prop] P ≤ 4194304 * g_hi.val
    [prop] g_hi.val ≤ 4398046511103
    [prop] g_hi.val + 1 ≤ P
  [eqc] Equivalence classes
    [eqc] {P, 18446744069414584321}
    [eqc] others
      [eqc] {↑P, ↑18446744069414584321}
  [ematch] E-matching patterns
    [thm] Set.subset_def: [@LE.le _ _ #1 #0]
    [thm] ZMod.val_lt: [@ZMod.val #2 #0]
  [cutsat] Assignment satisfying linear constraints
    [assign] P := 18446744069414584321
    [assign] g_hi.val := 4398046510081
  [ring] Ring `ℤ`
    [basis] Basis
      [_] ↑P + -18446744069414584321 = 0
[grind] Diagnostics
  [thm] E-Matching instances
    [thm] ZMod.val_lt ↦ 1
cumulative profiling times:
	attribute application 0.0102ms
	congr simp thm 0.278ms
	elaboration 3.22ms
	fix level params 0.0142ms
	grind 11.7ms
	grind ac 0.00548ms
	grind cutsat 0.0465ms
	grind ematch 0.82ms
	grind linarith 0.00414ms
	grind mark subsingleton 0.119ms
	grind ring 0.0439ms
	grind simp 2.59ms
	instantiate metavars 0.0103ms
	interpretation 0.21ms
	linting 20.1ms
	module linting 0.00209ms
	overlappingInstancesLinter 1.26ms
	parsing 0.294ms
	process pre-definitions 0.278ms
	share common exprs 0.0559ms
	sym canon 0.556ms
	sym typeclass inference 13.5ms
	tactic execution 1.19ms
	tacticAnalysis 1.46ms
	type checking 0.275ms
	typeclass inference 9.68ms
PEAK_RSS_BYTES=683794432
EXIT=1 WALL=4.5s CAP=8G
