cumulative profiling times:
	attribute application 0.00888ms
	congr simp thm 0.24ms
	elaboration 3.41ms
	fix level params 0.00817ms
	grind 2.94ms
	grind cutsat 0.166ms
	grind mark subsingleton 0.0649ms
	grind ring 0.0394ms
	grind simp 1.85ms
	instantiate metavars 0.0263ms
	interpretation 0.209ms
	linting 9.54ms
	module linting 0.00105ms
	overlappingInstancesLinter 0.495ms
	parsing 0.451ms
	process pre-definitions 0.0957ms
	share common exprs 0.0223ms
	sym canon 0.489ms
	sym typeclass inference 14.2ms
	tactic execution 0.567ms
	tacticAnalysis 1.69ms
	type checking 5.49ms
	typeclass inference 8.7ms
PEAK_RSS_BYTES=688914432
EXIT=0 WALL=4.4s CAP=8G
