cumulative profiling times:
	attribute application 0.00738ms
	congr simp thm 0.258ms
	elaboration 3.58ms
	fix level params 0.0101ms
	grind 2.33ms
	grind cutsat 0.173ms
	grind mark subsingleton 0.0582ms
	grind ring 0.0397ms
	grind simp 1.7ms
	instantiate metavars 0.023ms
	interpretation 0.378ms
	linting 18.2ms
	module linting 0.0015ms
	overlappingInstancesLinter 1.03ms
	parsing 0.347ms
	process pre-definitions 0.115ms
	share common exprs 0.0253ms
	sym canon 0.423ms
	sym typeclass inference 13.6ms
	tactic execution 0.56ms
	tacticAnalysis 2.5ms
	type checking 6.56ms
	typeclass inference 6.18ms
PEAK_RSS_BYTES=695332864
EXIT=0 WALL=4.2s CAP=8G
