cumulative profiling times:
	attribute application 0.00792ms
	congr simp thm 0.289ms
	elaboration 2.21ms
	fix level params 0.0105ms
	grind 2.82ms
	grind cutsat 0.177ms
	grind mark subsingleton 0.0597ms
	grind ring 0.0384ms
	grind simp 2.18ms
	instantiate metavars 0.0226ms
	interpretation 0.0614ms
	linting 14.3ms
	module linting 0.00327ms
	overlappingInstancesLinter 0.656ms
	parsing 0.224ms
	process pre-definitions 0.111ms
	share common exprs 0.0242ms
	sym canon 0.408ms
	sym typeclass inference 13.2ms
	tactic execution 0.545ms
	tacticAnalysis 1.64ms
	type checking 8.45ms
	typeclass inference 5.68ms
PEAK_RSS_BYTES=701976576
EXIT=0 WALL=4.3s CAP=8G
