proof_broker report: tactic=proof_broker_term closer=term_mode_nat backend=z3 tier=1 format=farkas cert_bytes=1687 fragment=LIA hyps=10 dispatch_ms=99 verify_ms=1 wall_ms=152
tactic execution of ProofBroker.Tactic.proofBrokerTerm took 111ms
cumulative profiling times:
	attribute application 0.00728ms
	elaboration 10ms
	fix level params 0.0256ms
	instantiate metavars 0.0644ms
	interpretation 0.0721ms
	linting 19.3ms
	module linting 0.00214ms
	overlappingInstancesLinter 0.798ms
	parsing 0.522ms
	process pre-definitions 0.307ms
	share common exprs 0.188ms
	tactic execution 117ms
	tacticAnalysis 6.03ms
	type checking 16.3ms
	typeclass inference 58.2ms
PEAK_RSS_BYTES=710799360
EXIT=0 WALL=4.5s CAP=8G
