cumulative profiling times:
	attribute application 0.00835ms
	congr simp thm 0.331ms
	elaboration 3.18ms
	fix level params 0.0095ms
	grind 3.32ms
	grind cutsat 0.245ms
	grind mark subsingleton 0.196ms
	grind ring 0.0423ms
	grind simp 3.72ms
	instantiate metavars 0.0297ms
	interpretation 0.0645ms
	linting 15ms
	module linting 0.000952ms
	overlappingInstancesLinter 0.848ms
	parsing 0.246ms
	process pre-definitions 0.146ms
	share common exprs 0.0274ms
	sym canon 0.561ms
	sym typeclass inference 14.2ms
	tactic execution 0.692ms
	tacticAnalysis 3.1ms
	type checking 10.6ms
	typeclass inference 9.36ms
PEAK_RSS_BYTES=689598464
EXIT=0 WALL=4.2s CAP=8G
