cumulative profiling times:
	attribute application 0.00716ms
	congr simp thm 0.254ms
	elaboration 3.07ms
	fix level params 0.0103ms
	grind 2.4ms
	grind cutsat 0.147ms
	grind mark subsingleton 0.0961ms
	grind ring 0.00943ms
	grind simp 2.2ms
	instantiate metavars 0.0244ms
	interpretation 0.0632ms
	linting 20.7ms
	module linting 0.0011ms
	overlappingInstancesLinter 1.01ms
	parsing 0.837ms
	process pre-definitions 0.12ms
	share common exprs 0.0393ms
	sym canon 0.433ms
	sym typeclass inference 13.1ms
	tactic execution 0.561ms
	tacticAnalysis 3.76ms
	type checking 6.12ms
	typeclass inference 8.51ms
PEAK_RSS_BYTES=703918080
EXIT=0 WALL=4.4s CAP=8G
