cumulative profiling times:
	attribute application 0.00732ms
	congr simp thm 0.281ms
	elaboration 2.79ms
	fix level params 0.00974ms
	grind 2.83ms
	grind cutsat 0.17ms
	grind mark subsingleton 0.0624ms
	grind ring 0.0399ms
	grind simp 2.65ms
	instantiate metavars 0.0246ms
	interpretation 0.0621ms
	linting 12.6ms
	module linting 0.000861ms
	overlappingInstancesLinter 0.558ms
	parsing 0.228ms
	process pre-definitions 0.144ms
	share common exprs 0.0285ms
	sym canon 0.503ms
	sym typeclass inference 13.6ms
	tactic execution 0.566ms
	tacticAnalysis 2.31ms
	type checking 5.14ms
	typeclass inference 9.08ms
PEAK_RSS_BYTES=705916928
EXIT=0 WALL=4.1s CAP=8G
