cumulative profiling times:
	attribute application 0.00859ms
	congr simp thm 0.259ms
	elaboration 5.43ms
	fix level params 0.0111ms
	grind 3.03ms
	grind cutsat 0.177ms
	grind mark subsingleton 0.1ms
	grind ring 0.0426ms
	grind simp 2.96ms
	instantiate metavars 0.0353ms
	interpretation 0.0799ms
	linting 16.1ms
	module linting 0.00111ms
	overlappingInstancesLinter 0.777ms
	parsing 0.447ms
	process pre-definitions 0.181ms
	share common exprs 0.0387ms
	sym canon 0.663ms
	sym typeclass inference 14.4ms
	tactic execution 0.57ms
	tacticAnalysis 2.04ms
	type checking 5.75ms
	typeclass inference 15.4ms
PEAK_RSS_BYTES=699875328
EXIT=0 WALL=4.0s CAP=8G
