proof_broker report: tactic=proof_broker closer=gated_omega backend=cvc4 tier=0 format=oracle cert_bytes=1493 fragment=LIA hyps=12 dispatch_ms=218 verify_ms=1 wall_ms=237
tactic execution of ProofBroker.Tactic.proofBroker took 227ms
cumulative profiling times:
	attribute application 0.00795ms
	elaboration 6.49ms
	fix level params 0.0209ms
	instantiate metavars 0.0453ms
	interpretation 0.05ms
	linting 16.4ms
	module linting 0.00111ms
	overlappingInstancesLinter 0.6ms
	parsing 1.44ms
	process pre-definitions 0.38ms
	share common exprs 0.117ms
	tactic execution 230ms
	tacticAnalysis 2.43ms
	type checking 6.81ms
	typeclass inference 33ms
PEAK_RSS_BYTES=723447808
EXIT=0 WALL=4.5s CAP=8G
