runs/20260906-204453/lean/R4_redundant6.pbterm_cvc5.lean:25:2: error: proof_broker_term: cert was minted but verifier did not accept it (reason: ProofBroker.CertReason.tierCheckDeferred "tier-0 soundness check not implemented (envelope verified)"); term-mode requires a verified Tier 1 Farkas or Tier 2 case-split cert
tactic execution of ProofBroker.Tactic.proofBrokerTerm took 126ms
cumulative profiling times:
	attribute application 0.0105ms
	elaboration 4.24ms
	fix level params 0.0155ms
	instantiate metavars 0.0118ms
	interpretation 0.0547ms
	linting 13ms
	module linting 0.000942ms
	overlappingInstancesLinter 0.668ms
	parsing 0.413ms
	process pre-definitions 0.246ms
	share common exprs 0.0569ms
	tactic execution 126ms
	tacticAnalysis 1.51ms
	type checking 0.392ms
	typeclass inference 4.38ms
PEAK_RSS_BYTES=702619648
EXIT=1 WALL=4.4s CAP=8G
