proof_broker report: tactic=proof_broker closer=gated_omega backend=cvc4 tier=0 format=oracle cert_bytes=1251 fragment=LIA hyps=15 dispatch_ms=338 verify_ms=1 wall_ms=355
tactic execution of ProofBroker.Tactic.proofBroker took 347ms
cumulative profiling times:
	attribute application 0.00743ms
	elaboration 4.17ms
	fix level params 0.0134ms
	instantiate metavars 0.0225ms
	interpretation 0.0713ms
	linting 15ms
	module linting 0.00447ms
	overlappingInstancesLinter 0.73ms
	parsing 0.419ms
	process pre-definitions 0.186ms
	share common exprs 0.0535ms
	tactic execution 350ms
	tacticAnalysis 2.44ms
	type checking 5.17ms
	typeclass inference 9.93ms
PEAK_RSS_BYTES=721043456
EXIT=0 WALL=4.7s CAP=8G
