runs/20260906-204453/lean/R4_redundant6.pbterm_cvc4.lean:25:2: error: proof_broker_term: cert was minted but verifier did not accept it (reason: ProofBroker.CertReason.tierCheckDeferred "tier-0 soundness check not implemented (envelope verified)"); term-mode requires a verified Tier 1 Farkas or Tier 2 case-split cert
tactic execution of ProofBroker.Tactic.proofBrokerTerm took 156ms
cumulative profiling times:
	attribute application 0.00754ms
	elaboration 4.27ms
	fix level params 0.0166ms
	instantiate metavars 0.0117ms
	interpretation 0.0587ms
	linting 14.4ms
	module linting 0.00119ms
	overlappingInstancesLinter 0.69ms
	parsing 0.351ms
	process pre-definitions 0.246ms
	share common exprs 0.0606ms
	tactic execution 156ms
	tacticAnalysis 1.61ms
	type checking 0.357ms
	typeclass inference 4.48ms
PEAK_RSS_BYTES=705400832
EXIT=1 WALL=4.4s CAP=8G
