pb_dump_ir: wrote ir/B1_true_2p21.json | hypotheses=3 fragment=LIA | skipped_locals=[g_hi — data local at an undeclarable type (ZMod P)] | nat_atoms=[_pb_atom_0] | numeral_defs=[RmsNorm.P=18446744069414584321]
ir/B1_true_2p21.dump.lean:18:2: warning: 'pb_dump_ir"ir/B1_true_2p21.json"' tactic does nothing

Note: This linter can be disabled with `set_option linter.unusedTactic false`
cumulative profiling times:
	attribute application 0.00758ms
	elaboration 3.11ms
	fix level params 0.00909ms
	instantiate metavars 0.0168ms
	interpretation 0.103ms
	linting 11.5ms
	module linting 0.00102ms
	overlappingInstancesLinter 0.475ms
	parsing 0.239ms
	process pre-definitions 0.105ms
	share common exprs 0.0396ms
	tactic execution 14.6ms
	tacticAnalysis 1.6ms
	type checking 6.53ms
	typeclass inference 10.1ms
PEAK_RSS_BYTES=670216192
EXIT=0 WALL=4.5s CAP=8G
