pb_dump_ir: wrote ir/B2_false_2p22.json | hypotheses=3 fragment=LIA | skipped_locals=[g_hi — data local at an undeclarable type (ZMod P)] | nat_atoms=[_pb_atom_0] | numeral_defs=[RmsNorm.P=18446744069414584321]
ir/B2_false_2p22.dump.lean:16:0: warning: declaration uses `sorry`
ir/B2_false_2p22.dump.lean:18:2: warning: 'pb_dump_ir"ir/B2_false_2p22.json"' tactic does nothing

Note: This linter can be disabled with `set_option linter.unusedTactic false`
cumulative profiling times:
	attribute application 0.00784ms
	elaboration 2.82ms
	fix level params 0.0136ms
	instantiate metavars 0.00889ms
	interpretation 0.105ms
	linting 17.3ms
	module linting 0.000872ms
	overlappingInstancesLinter 1.1ms
	parsing 0.24ms
	process pre-definitions 0.218ms
	share common exprs 0.0641ms
	tactic execution 9.43ms
	tacticAnalysis 2.47ms
	type checking 0.444ms
	typeclass inference 4.07ms
PEAK_RSS_BYTES=687509504
EXIT=0 WALL=4.4s CAP=8G
