pb_dump_ir: wrote ir/B3_false_wide_bound.json | hypotheses=3 fragment=LIA | skipped_locals=[g_hi — data local at an undeclarable type (ZMod P)] | nat_atoms=[_pb_atom_0] | numeral_defs=[RmsNorm.P=18446744069414584321]
ir/B3_false_wide_bound.dump.lean:16:0: warning: declaration uses `sorry`
ir/B3_false_wide_bound.dump.lean:18:2: warning: 'pb_dump_ir"ir/B3_false_wide_bound.json"' tactic does nothing

Note: This linter can be disabled with `set_option linter.unusedTactic false`
cumulative profiling times:
	attribute application 0.0136ms
	elaboration 4.11ms
	fix level params 0.0144ms
	instantiate metavars 0.0111ms
	interpretation 0.179ms
	linting 10.8ms
	module linting 0.00106ms
	overlappingInstancesLinter 0.502ms
	parsing 0.387ms
	process pre-definitions 0.306ms
	share common exprs 0.0493ms
	tactic execution 8.54ms
	tacticAnalysis 1.39ms
	type checking 0.631ms
	typeclass inference 5.71ms
PEAK_RSS_BYTES=687091712
EXIT=0 WALL=4.3s CAP=8G
