pb_dump_ir: wrote ir/B4_true_exact.json | hypotheses=3 fragment=LIA | skipped_locals=[g_hi — data local at an undeclarable type (ZMod P)] | nat_atoms=[_pb_atom_0] | numeral_defs=[RmsNorm.P=18446744069414584321]
ir/B4_true_exact.dump.lean:18:2: warning: 'pb_dump_ir"ir/B4_true_exact.json"' tactic does nothing

Note: This linter can be disabled with `set_option linter.unusedTactic false`
cumulative profiling times:
	attribute application 0.113ms
	elaboration 2.79ms
	fix level params 0.00939ms
	instantiate metavars 0.0144ms
	interpretation 0.111ms
	linting 12.4ms
	module linting 0.00171ms
	overlappingInstancesLinter 0.502ms
	parsing 0.249ms
	process pre-definitions 0.116ms
	share common exprs 0.0371ms
	tactic execution 10.4ms
	tacticAnalysis 1.6ms
	type checking 6.93ms
	typeclass inference 7.93ms
PEAK_RSS_BYTES=689381376
EXIT=0 WALL=4.4s CAP=8G
