pb_dump_ir: wrote ir/C1_coef_1.json | hypotheses=3 fragment=LIA | skipped_locals=[g_hi — data local at an undeclarable type (ZMod P)] | nat_atoms=[_pb_atom_0] | numeral_defs=[RmsNorm.P=18446744069414584321]
ir/C1_coef_1.dump.lean:18:2: warning: 'pb_dump_ir"ir/C1_coef_1.json"' tactic does nothing

Note: This linter can be disabled with `set_option linter.unusedTactic false`
cumulative profiling times:
	attribute application 0.00768ms
	elaboration 2.25ms
	fix level params 0.00922ms
	instantiate metavars 0.0133ms
	interpretation 0.108ms
	linting 14.5ms
	module linting 0.00108ms
	overlappingInstancesLinter 0.486ms
	parsing 0.237ms
	process pre-definitions 0.101ms
	share common exprs 0.0349ms
	tactic execution 10ms
	tacticAnalysis 2.46ms
	type checking 5.54ms
	typeclass inference 7.29ms
PEAK_RSS_BYTES=689217536
EXIT=0 WALL=4.4s CAP=8G
