pb_dump_ir: wrote ir/C5_coef_5.json | hypotheses=3 fragment=LIA | skipped_locals=[g_hi — data local at an undeclarable type (ZMod P)] | nat_atoms=[_pb_atom_0] | numeral_defs=[RmsNorm.P=18446744069414584321]
ir/C5_coef_5.dump.lean:18:2: warning: 'pb_dump_ir"ir/C5_coef_5.json"' tactic does nothing

Note: This linter can be disabled with `set_option linter.unusedTactic false`
cumulative profiling times:
	attribute application 0.00699ms
	elaboration 2.35ms
	fix level params 0.00991ms
	instantiate metavars 0.0138ms
	interpretation 0.123ms
	linting 15.9ms
	module linting 0.00118ms
	overlappingInstancesLinter 0.576ms
	parsing 0.263ms
	process pre-definitions 0.103ms
	share common exprs 0.0342ms
	tactic execution 11.2ms
	tacticAnalysis 2.86ms
	type checking 8.47ms
	typeclass inference 6.96ms
PEAK_RSS_BYTES=688345088
EXIT=0 WALL=4.4s CAP=8G
