pb_dump_ir: wrote ir/P2_operand_order.json | hypotheses=3 fragment=LIA | skipped_locals=[g_hi — data local at an undeclarable type (ZMod P)] | nat_atoms=[_pb_atom_0] | numeral_defs=[RmsNorm.P=18446744069414584321]
ir/P2_operand_order.dump.lean:18:2: warning: 'pb_dump_ir"ir/P2_operand_order.json"' tactic does nothing

Note: This linter can be disabled with `set_option linter.unusedTactic false`
cumulative profiling times:
	attribute application 0.00777ms
	elaboration 3ms
	fix level params 0.00997ms
	instantiate metavars 0.0211ms
	interpretation 0.119ms
	linting 15.1ms
	module linting 0.000882ms
	overlappingInstancesLinter 0.424ms
	parsing 0.218ms
	process pre-definitions 0.111ms
	share common exprs 0.0518ms
	tactic execution 12.5ms
	tacticAnalysis 2.81ms
	type checking 5.29ms
	typeclass inference 9.93ms
PEAK_RSS_BYTES=703094784
EXIT=0 WALL=4.2s CAP=8G
