pb_dump_ir: wrote ir/P4_prime_literal.json | hypotheses=3 fragment=LIA | skipped_locals=[g_hi — data local at an undeclarable type (ZMod P)] | nat_atoms=[_pb_atom_0] | numeral_defs=[RmsNorm.P=18446744069414584321]
ir/P4_prime_literal.dump.lean:18:2: warning: 'pb_dump_ir"ir/P4_prime_literal.json"' tactic does nothing

Note: This linter can be disabled with `set_option linter.unusedTactic false`
cumulative profiling times:
	attribute application 0.00857ms
	elaboration 3.07ms
	fix level params 0.00943ms
	instantiate metavars 0.0153ms
	interpretation 0.115ms
	linting 16.2ms
	module linting 0.000781ms
	overlappingInstancesLinter 0.721ms
	parsing 0.342ms
	process pre-definitions 0.0976ms
	share common exprs 0.0364ms
	tactic execution 8.77ms
	tacticAnalysis 1.83ms
	type checking 4.86ms
	typeclass inference 8.67ms
PEAK_RSS_BYTES=692097024
EXIT=0 WALL=4.2s CAP=8G
