pb_dump_ir: wrote ir/P5_plain_nat.json | hypotheses=3 fragment=LIA | skipped_locals=[] | nat_atoms=[] | numeral_defs=[RmsNorm.P=18446744069414584321]
ir/P5_plain_nat.dump.lean:18:2: warning: 'pb_dump_ir"ir/P5_plain_nat.json"' tactic does nothing

Note: This linter can be disabled with `set_option linter.unusedTactic false`
cumulative profiling times:
	attribute application 0.00733ms
	elaboration 2.56ms
	fix level params 0.0096ms
	instantiate metavars 0.0154ms
	interpretation 0.108ms
	linting 14.7ms
	module linting 0.000902ms
	overlappingInstancesLinter 0.495ms
	parsing 0.263ms
	process pre-definitions 0.0985ms
	share common exprs 0.0329ms
	tactic execution 9.1ms
	tacticAnalysis 1.73ms
	type checking 9.36ms
	typeclass inference 8.72ms
PEAK_RSS_BYTES=703959040
EXIT=0 WALL=4.2s CAP=8G
