pb_dump_ir: wrote ir/P6_hyp_le.json | hypotheses=2 fragment=LIA | skipped_locals=[g_hi — data local at an undeclarable type (ZMod P); hhi — proposition outside the reifiable fragment (g_hi.val ≤ 2 ^ 42 - 1)] | nat_atoms=[_pb_atom_0] | numeral_defs=[RmsNorm.P=18446744069414584321]
ir/P6_hyp_le.dump.lean:18:2: warning: 'pb_dump_ir"ir/P6_hyp_le.json"' tactic does nothing

Note: This linter can be disabled with `set_option linter.unusedTactic false`
cumulative profiling times:
	attribute application 0.0173ms
	elaboration 3.32ms
	fix level params 0.0205ms
	instantiate metavars 0.0252ms
	interpretation 0.13ms
	linting 19.8ms
	module linting 0.001ms
	overlappingInstancesLinter 0.945ms
	parsing 0.246ms
	process pre-definitions 0.33ms
	share common exprs 0.0683ms
	tactic execution 9.96ms
	tacticAnalysis 1.7ms
	type checking 8.59ms
	typeclass inference 11.4ms
PEAK_RSS_BYTES=688742400
EXIT=0 WALL=4.3s CAP=8G
