pb_dump_ir: wrote ir/R1_reorder.json | hypotheses=3 fragment=LIA | skipped_locals=[g_hi — data local at an undeclarable type (ZMod P)] | nat_atoms=[_pb_atom_0] | numeral_defs=[RmsNorm.P=18446744069414584321]
ir/R1_reorder.dump.lean:18:2: warning: 'pb_dump_ir"ir/R1_reorder.json"' tactic does nothing

Note: This linter can be disabled with `set_option linter.unusedTactic false`
cumulative profiling times:
	attribute application 0.00747ms
	elaboration 2.85ms
	fix level params 0.0102ms
	instantiate metavars 0.0314ms
	interpretation 0.109ms
	linting 14.6ms
	module linting 0.000922ms
	overlappingInstancesLinter 0.458ms
	parsing 0.321ms
	process pre-definitions 0.119ms
	share common exprs 0.0367ms
	tactic execution 11.5ms
	tacticAnalysis 3.63ms
	type checking 6.09ms
	typeclass inference 8.6ms
PEAK_RSS_BYTES=699539456
EXIT=0 WALL=4.3s CAP=8G
