pb_dump_ir: wrote ir/R2_redundant3.json | hypotheses=9 fragment=LIA | skipped_locals=[q — data local at an undeclarable type (ZMod P); S — data local at an undeclarable type (ZMod P); g_lo — data local at an undeclarable type (ZMod P); g_hi — data local at an undeclarable type (ZMod P)] | nat_atoms=[_pb_atom_0, _pb_atom_1, _pb_atom_2, _pb_atom_3] | numeral_defs=[RmsNorm.P=18446744069414584321]
ir/R2_redundant3.dump.lean:20:2: warning: 'pb_dump_ir"ir/R2_redundant3.json"' tactic does nothing

Note: This linter can be disabled with `set_option linter.unusedTactic false`
cumulative profiling times:
	attribute application 0.0111ms
	elaboration 5.58ms
	fix level params 0.0133ms
	instantiate metavars 0.0274ms
	interpretation 0.104ms
	linting 10.3ms
	module linting 0.000892ms
	overlappingInstancesLinter 0.463ms
	parsing 0.305ms
	process pre-definitions 0.161ms
	share common exprs 0.0595ms
	tactic execution 9.69ms
	tacticAnalysis 1.7ms
	type checking 9.17ms
	typeclass inference 16.8ms
PEAK_RSS_BYTES=691101696
EXIT=0 WALL=4.3s CAP=8G
