Build completed successfully (6 jobs).
Build completed successfully (14 jobs).
⚠ [2/21] Replayed ProofBroker.IR
warning: ProofBroker/IR.lean:17:0: `Lean.RBMap` is deprecated; use `Std.TreeMap` instead
'Lean.Data.RBMap' has been deprecated: please replace this import by

import Init.Data.Ord.Basic
import Init.Data.Nat.Linear
import Init.Data.Array.Basic
import Init.WFTactics
⚠ [12/21] Replayed ProofBroker.Alethe
warning: ProofBroker/Alethe.lean:293:13: `String.trim` has been deprecated: Use `String.trimAscii` instead

Note: The updated constant has a different type:
  String → String.Slice
instead of
  String → String
⚠ [17/21] Replayed ProofBroker.Tactic
warning: ProofBroker/Tactic.lean:4269:37: `Lean.levelOne` has been deprecated: Use `Lean.Level.one` instead

Note: The updated constant is in a different namespace. Dot notation may need to be changed (e.g., from `x.levelOne` to `Level.one x`).
Build completed successfully (21 jobs).
Traceback (most recent call last):
  File "/home/jeans/Repos/research/proof-broker/experiments/r6/provider_payload.py", line 154, in provider_response
    obj = legacy.strict_json(raw)
  File "/home/jeans/Repos/research/proof-broker/experiments/r6/payload.py", line 28, in strict_json
    return json.loads(text, object_pairs_hook=pairs, parse_constant=constant)
           ~~~~~~~~~~^^^^^^^^^^^^^^^^^^^^^^^^^^^^^^^^^^^^^^^^^^^^^^^^^^^^^^^^
  File "/usr/lib/python3.14/json/__init__.py", line 365, in loads
    return cls(**kw).decode(s)
           ~~~~~~~~~~~~~~~~^^^
  File "/usr/lib/python3.14/json/decoder.py", line 345, in decode
    obj, end = self.raw_decode(s, idx=_w(s, 0).end())
               ~~~~~~~~~~~~~~~^^^^^^^^^^^^^^^^^^^^^^^
  File "/usr/lib/python3.14/json/decoder.py", line 361, in raw_decode
    obj, end = self.scan_once(s, idx)
               ~~~~~~~~~~~~~~^^^^^^^^
json.decoder.JSONDecodeError: Expecting property name enclosed in double quotes: line 1 column 2 (char 1)

The above exception was the direct cause of the following exception:

Traceback (most recent call last):
  File "/home/jeans/Repos/research/proof-broker/experiments/r6/provider_episode.py", line 339, in <module>
    main()
    ~~~~^^
  File "/home/jeans/Repos/research/proof-broker/experiments/r6/provider_episode.py", line 322, in main
    execute(run, task, args.case, args.packages_dir)
    ~~~~~~~^^^^^^^^^^^^^^^^^^^^^^^^^^^^^^^^^^^^^^^^^
  File "/home/jeans/Repos/research/proof-broker/experiments/r6/provider_episode.py", line 259, in execute
    response = session.invoke(tools, case)
  File "/home/jeans/Repos/research/proof-broker/experiments/r6/provider_episode.py", line 189, in invoke
    if error: raise error
              ^^^^^^^^^^^
  File "/home/jeans/Repos/research/proof-broker/experiments/r6/provider_payload.py", line 214, in transport
    text, metadata = provider_response(raw, http['http_status'])
                     ~~~~~~~~~~~~~~~~~^^^^^^^^^^^^^^^^^^^^^^^^^^
  File "/home/jeans/Repos/research/proof-broker/experiments/r6/provider_payload.py", line 157, in provider_response
    raise Failure('provider_decode', 'provider-response', str(error)) from error
provider_payload.Failure: Expecting property name enclosed in double quotes: line 1 column 2 (char 1)
