runs/20260907-113052/lean/B2_false_2p22.omega.lean:22:2: error: omega could not prove the goal:
a possible counterexample may satisfy the constraints
  0 ≤ a ≤ 4398046511103
  a ≥ 4398046510081
where
 a := ↑g_hi.val
cumulative profiling times:
	attribute application 0.00855ms
	elaboration 2.86ms
	fix level params 0.0245ms
	instantiate metavars 0.00905ms
	interpretation 0.00508ms
	linting 13.3ms
	module linting 0.000962ms
	overlappingInstancesLinter 0.672ms
	parsing 0.234ms
	process pre-definitions 0.321ms
	share common exprs 0.0626ms
	tactic execution 0.953ms
	tacticAnalysis 1.4ms
	type checking 0.346ms
	typeclass inference 3.7ms
PEAK_RSS_BYTES=687554560
EXIT=1 WALL=3.8s CAP=8G
