cumulative profiling times:
	attribute application 0.00745ms
	congr simp thm 0.267ms
	elaboration 2.44ms
	fix level params 0.00872ms
	grind 2.08ms
	grind mark subsingleton 0.0413ms
	grind simp 1.99ms
	instantiate metavars 0.0265ms
	interpretation 0.142ms
	linting 16.2ms
	module linting 0.00149ms
	overlappingInstancesLinter 0.712ms
	parsing 0.233ms
	process pre-definitions 0.101ms
	share common exprs 0.0222ms
	sym canon 0.332ms
	sym typeclass inference 13.4ms
	tactic execution 0.576ms
	tacticAnalysis 2.02ms
	type checking 7.31ms
	typeclass inference 5.92ms
PEAK_RSS_BYTES=687988736
EXIT=0 WALL=4.0s CAP=8G
