cumulative profiling times:
	attribute application 0.00792ms
	congr simp thm 0.345ms
	elaboration 2.43ms
	fix level params 0.00871ms
	grind 2.99ms
	grind cutsat 0.185ms
	grind mark subsingleton 0.0638ms
	grind ring 0.0393ms
	grind simp 2.29ms
	instantiate metavars 0.0239ms
	interpretation 0.553ms
	linting 14.6ms
	module linting 0.00122ms
	overlappingInstancesLinter 0.636ms
	parsing 0.242ms
	process pre-definitions 0.113ms
	share common exprs 0.0259ms
	sym canon 0.495ms
	sym typeclass inference 15.7ms
	tactic execution 0.813ms
	tacticAnalysis 2.01ms
	type checking 5.76ms
	typeclass inference 6.77ms
PEAK_RSS_BYTES=703524864
EXIT=0 WALL=4.3s CAP=8G
