cumulative profiling times:
	attribute application 0.00826ms
	congr simp thm 0.269ms
	elaboration 2.5ms
	fix level params 0.0118ms
	grind 2.51ms
	grind cutsat 0.194ms
	grind mark subsingleton 0.0668ms
	grind ring 0.043ms
	grind simp 1.79ms
	instantiate metavars 0.0244ms
	interpretation 0.0604ms
	linting 12.4ms
	module linting 0.000992ms
	overlappingInstancesLinter 0.62ms
	parsing 0.228ms
	process pre-definitions 0.154ms
	share common exprs 0.0346ms
	sym canon 0.412ms
	sym typeclass inference 12.9ms
	tactic execution 0.755ms
	tacticAnalysis 1.46ms
	type checking 5.42ms
	typeclass inference 6.07ms
PEAK_RSS_BYTES=688504832
EXIT=0 WALL=4.1s CAP=8G
