cumulative profiling times:
	attribute application 0.0144ms
	congr simp thm 0.251ms
	elaboration 4.16ms
	fix level params 0.00957ms
	grind 3.05ms
	grind cutsat 0.167ms
	grind mark subsingleton 0.058ms
	grind ring 0.0394ms
	grind simp 2.04ms
	instantiate metavars 0.0256ms
	interpretation 0.0681ms
	linting 16ms
	module linting 0.000952ms
	overlappingInstancesLinter 0.53ms
	parsing 0.66ms
	process pre-definitions 0.142ms
	share common exprs 0.0241ms
	sym canon 0.411ms
	sym typeclass inference 14.2ms
	tactic execution 0.59ms
	tacticAnalysis 2.08ms
	type checking 6.66ms
	typeclass inference 8.43ms
PEAK_RSS_BYTES=688050176
EXIT=0 WALL=4.5s CAP=8G
