cumulative profiling times:
	attribute application 0.0072ms
	congr simp thm 0.257ms
	elaboration 2.68ms
	fix level params 0.00908ms
	grind 2.55ms
	grind cutsat 0.179ms
	grind mark subsingleton 0.0621ms
	grind ring 0.0111ms
	grind simp 2.26ms
	instantiate metavars 0.025ms
	interpretation 0.0596ms
	linting 12ms
	module linting 0.000922ms
	overlappingInstancesLinter 0.558ms
	parsing 0.214ms
	process pre-definitions 0.114ms
	share common exprs 0.024ms
	sym canon 0.419ms
	sym typeclass inference 12.6ms
	tactic execution 0.587ms
	tacticAnalysis 2.3ms
	type checking 5.53ms
	typeclass inference 8.08ms
PEAK_RSS_BYTES=689094656
EXIT=0 WALL=4.2s CAP=8G
