cumulative profiling times:
	attribute application 0.0106ms
	congr simp thm 0.26ms
	elaboration 3.43ms
	fix level params 0.0114ms
	grind 2.58ms
	grind cutsat 0.27ms
	grind mark subsingleton 0.0652ms
	grind ring 0.0634ms
	grind simp 2.43ms
	instantiate metavars 0.0299ms
	interpretation 0.0637ms
	linting 17.1ms
	module linting 0.00122ms
	overlappingInstancesLinter 0.96ms
	parsing 0.224ms
	process pre-definitions 0.173ms
	share common exprs 0.0329ms
	sym canon 0.429ms
	sym typeclass inference 13ms
	tactic execution 0.69ms
	tacticAnalysis 1.98ms
	type checking 5.43ms
	typeclass inference 7.7ms
PEAK_RSS_BYTES=688488448
EXIT=0 WALL=4.1s CAP=8G
