proof_broker report: tactic=proof_broker_term closer=term_mode_nat backend=cvc4 tier=1 format=farkas cert_bytes=1529 fragment=LIA hyps=9 dispatch_ms=1912 verify_ms=1 wall_ms=1935
tactic execution of ProofBroker.Tactic.proofBrokerTerm took 1.93s
cumulative profiling times:
	attribute application 0.00762ms
	elaboration 4.87ms
	fix level params 0.0189ms
	instantiate metavars 0.0356ms
	interpretation 0.0735ms
	linting 14.2ms
	module linting 0.00119ms
	overlappingInstancesLinter 0.695ms
	parsing 0.273ms
	process pre-definitions 0.253ms
	share common exprs 0.17ms
	tactic execution 1.93s
	tacticAnalysis 1.7ms
	type checking 22.6ms
	typeclass inference 18.9ms
PEAK_RSS_BYTES=706236416
EXIT=0 WALL=6.1s CAP=8G
