proof_broker report: tactic=proof_broker closer=gated_omega backend=cvc4 tier=1 format=farkas cert_bytes=1594 fragment=LIA hyps=12 dispatch_ms=214 verify_ms=0 wall_ms=230
tactic execution of ProofBroker.Tactic.proofBroker took 221ms
cumulative profiling times:
	attribute application 0.0194ms
	elaboration 6.45ms
	fix level params 0.0243ms
	instantiate metavars 0.0354ms
	interpretation 0.0502ms
	linting 15.7ms
	module linting 0.00103ms
	overlappingInstancesLinter 0.785ms
	parsing 0.385ms
	process pre-definitions 0.521ms
	share common exprs 0.111ms
	tactic execution 224ms
	tacticAnalysis 2.34ms
	type checking 6.61ms
	typeclass inference 31.2ms
PEAK_RSS_BYTES=722882560
EXIT=0 WALL=4.4s CAP=8G
