proof_broker report: tactic=proof_broker_term closer=term_mode_nat backend=cvc4 tier=1 format=farkas cert_bytes=1594 fragment=LIA hyps=12 dispatch_ms=216 verify_ms=0 wall_ms=234
tactic execution of ProofBroker.Tactic.proofBrokerTerm took 225ms
cumulative profiling times:
	attribute application 0.00788ms
	elaboration 6.25ms
	fix level params 0.0252ms
	instantiate metavars 0.0572ms
	interpretation 0.0541ms
	linting 15.2ms
	module linting 0.000861ms
	overlappingInstancesLinter 0.669ms
	parsing 0.987ms
	process pre-definitions 0.404ms
	share common exprs 0.305ms
	tactic execution 227ms
	tacticAnalysis 2.03ms
	type checking 6.11ms
	typeclass inference 32.3ms
PEAK_RSS_BYTES=721997824
EXIT=0 WALL=4.3s CAP=8G
