cumulative profiling times:
	attribute application 0.00747ms
	congr simp thm 0.143ms
	elaboration 2.93ms
	fix level params 0.00637ms
	grind 2.41ms
	grind mark subsingleton 0.16ms
	grind simp 1.58ms
	instantiate metavars 0.0289ms
	interpretation 0.582ms
	linting 15.3ms
	module linting 0.00122ms
	overlappingInstancesLinter 0.842ms
	parsing 0.229ms
	process pre-definitions 0.108ms
	share common exprs 0.0158ms
	sym canon 0.365ms
	sym typeclass inference 3.6ms
	tactic execution 0.604ms
	tacticAnalysis 2.21ms
	type checking 5.69ms
	typeclass inference 3.93ms
PEAK_RSS_BYTES=699994112
EXIT=0 WALL=4.2s CAP=8G
