Build completed successfully (6 jobs).
Build completed successfully (14 jobs).
baselines {'isolated_fixture': {'case_count': 550, 'identical_to': 'reviews/2026-09-23/R6-014-V4-LIVE-FIXTURE-AUDIT.json'}}
Build completed successfully (6 jobs).
Build completed successfully (14 jobs).
shared shared_directory_accepted {'accepted': True, 'case_count': 550}
Build completed successfully (6 jobs).
Build completed successfully (14 jobs).
shared shared_unrelated_lookalike_accepted {'accepted': True, 'case_count': 550}
Build completed successfully (6 jobs).
Build completed successfully (14 jobs).
shared shared_floor_missing revision:history_bound
Build completed successfully (6 jobs).
Build completed successfully (14 jobs).
shared shared_checkpoint_missing revision:history_bound
Build completed successfully (6 jobs).
Build completed successfully (14 jobs).
shared shared_unexpected_campaign_revision revision:history_bound
Build completed successfully (6 jobs).
Build completed successfully (14 jobs).
shared shared_unexpected_policy_prefixed_file revision:history_bound
Build completed successfully (6 jobs).
Build completed successfully (14 jobs).
shared shared_unexpected_lock_prefixed_file revision:history_bound
Build completed successfully (6 jobs).
Build completed successfully (14 jobs).
shared shared_retained_revision_altered revision:history_bound
Build completed successfully (6 jobs).
Build completed successfully (14 jobs).
shared shared_activation_receipt_altered ledger:continuous_across_revisions
{"trial": true, "shared": 9}
