{
  "case": "B1_true_2p21",
  "ir_source": "ir/B1_true_2p21.json",
  "ir_sha256": "sha256:483e43f2a4d5fa6b608030161f9b986b23228d603054acf289ab41adc3e9dcb2",
  "final_ir_sha256": "sha256:bb26352ff38e89593adf864a69562cd1f3591fcbe47c4d521332b29abb57bba7",
  "pipeline": {
    "trace_is_identity": false,
    "entries": [
      { "pass": "propositional_simplification", "outcome": "no_op" },
      { "pass": "definition_unfolding", "outcome": "applied" }
    ],
    "rewrite_trace_hash": "sha256:5073f40df19ea357ce5ec4b7b85399bac3e2a594d6c2287038d8e0e602001849"
  },
  "fragment": "LIA",
  "hypotheses_in_final_ir": 3,
  "farkas_compiled_inputs": [
    { "name": "hhi", "compiled": "Le(_pb_atom_0 + -4398046511103 <= 0)" },
    { "name": "hP", "compiled": "Eq(0 = 0)" },
    { "name": "_pb_nonneg_atom_0", "compiled": "Le(-_pb_atom_0 <= 0)" },
    {
      "name": "neg_goal",
      "compiled": "Le(-2097152*_pb_atom_0 + 18446744069414584321 <= 0)"
    }
  ],
  "hypotheses_not_compilable": [],
  "witness_existence_probe": {
    "status": "witness_exists",
    "support": 2,
    "max_abs_coefficient": "2097152",
    "witness": {
      "coefficients": [
        { "hypothesis": "hhi", "coefficient": "2097152" },
        { "hypothesis": "neg_goal", "coefficient": "1" }
      ]
    },
    "farkas_verify": { "verdict": "verified" }
  },
  "backends": {
    "z3": {
      "smtlib_logic": "QF_LIA",
      "solver_response": "unsat",
      "solver_ms": 7,
      "proof_body_present": true,
      "proof_bytes": 1093,
      "native_extraction": {
        "attempted": true,
        "result": "error",
        "ms": 0,
        "kind": "no_farkas_th_lemma",
        "detail": "no Farkas-flavored th-lemma in proof (likely opaque arith form)"
      },
      "fallback_search": {
        "route": "exact_recovery",
        "bounded_enumeration": {
          "result": "error",
          "ms": 0,
          "kind": "search_exhausted",
          "detail": "no Farkas witness found within the bounded coefficient search"
        },
        "exact_recovery": {
          "result": "ok",
          "ms": 0,
          "witness": {
            "coefficients": [
              { "hypothesis": "hhi", "coefficient": "2097152" },
              { "hypothesis": "neg_goal", "coefficient": "1" }
            ]
          },
          "farkas_verify": { "verdict": "verified" }
        }
      }
    },
    "cvc5": {
      "smtlib_logic": "QF_LIA",
      "solver_response": "unsat",
      "solver_ms": 4,
      "proof_body_present": true,
      "proof_bytes": 3505,
      "native_extraction": {
        "attempted": true,
        "result": "error",
        "ms": 0,
        "kind": "unmatched_literal",
        "detail": "no IR input matches clause literal (not (<= (* -1 _pb_atom_0) (* -1 8796093020161))) (compiled Le(-_pb_atom_0 + 8796093020161))"
      },
      "case_split_extraction": "error: no_la_generic",
      "fallback_search": {
        "route": "exact_recovery",
        "bounded_enumeration": {
          "result": "error",
          "ms": 0,
          "kind": "search_exhausted",
          "detail": "no Farkas witness found within the bounded coefficient search"
        },
        "exact_recovery": {
          "result": "ok",
          "ms": 0,
          "witness": {
            "coefficients": [
              { "hypothesis": "hhi", "coefficient": "2097152" },
              { "hypothesis": "neg_goal", "coefficient": "1" }
            ]
          },
          "farkas_verify": { "verdict": "verified" }
        }
      }
    },
    "cvc4": {
      "smtlib_logic": "QF_LIA",
      "solver_response": "unsat",
      "solver_ms": 4,
      "proof_body_present": false,
      "native_extraction": "cvc4 has no proof-trace path (adapter goes straight to the internal closer)",
      "fallback_search": {
        "route": "exact_recovery",
        "bounded_enumeration": {
          "result": "error",
          "ms": 0,
          "kind": "search_exhausted",
          "detail": "no Farkas witness found within the bounded coefficient search"
        },
        "exact_recovery": {
          "result": "ok",
          "ms": 0,
          "witness": {
            "coefficients": [
              { "hypothesis": "hhi", "coefficient": "2097152" },
              { "hypothesis": "neg_goal", "coefficient": "1" }
            ]
          },
          "farkas_verify": { "verdict": "verified" }
        }
      }
    }
  },
  "adapter_minted": {
    "z3": {
      "outcome": "cert",
      "cert": {
        "tier": 1,
        "format": "farkas",
        "payload": {
          "witness_kind": "farkas",
          "witness_data": {
            "coefficients": [
              { "hypothesis": "hhi", "coefficient": "2097152" },
              { "hypothesis": "neg_goal", "coefficient": "1" }
            ]
          }
        }
      }
    },
    "cvc5": {
      "outcome": "cert",
      "cert": {
        "tier": 1,
        "format": "farkas",
        "payload": {
          "witness_kind": "farkas",
          "witness_data": {
            "coefficients": [
              { "hypothesis": "hhi", "coefficient": "2097152" },
              { "hypothesis": "neg_goal", "coefficient": "1" }
            ]
          }
        }
      }
    },
    "cvc4": {
      "outcome": "cert",
      "cert": {
        "tier": 1,
        "format": "farkas",
        "payload": {
          "witness_kind": "farkas",
          "witness_data": {
            "coefficients": [
              { "hypothesis": "hhi", "coefficient": "2097152" },
              { "hypothesis": "neg_goal", "coefficient": "1" }
            ]
          }
        }
      }
    }
  },
  "fallback_bound_sweep": {
    "smallest_successful_bound": null,
    "ladder_exhausted_at": 32
  }
}
