{
  "case": "C1_coef_1",
  "ir_source": "ir/C1_coef_1.json",
  "ir_sha256": "sha256:61f391150111c12440ef608e1b8601e416835bac05907821beece263df8b85e8",
  "final_ir_sha256": "sha256:a4d22c568c19f5c69fb056e1c8fa001edcd71892532c9ddd353962311049db59",
  "pipeline": {
    "trace_is_identity": false,
    "entries": [
      { "pass": "propositional_simplification", "outcome": "no_op" },
      { "pass": "definition_unfolding", "outcome": "applied" }
    ],
    "rewrite_trace_hash": "sha256:10b4a0647f97a3ff4755302eab81fbda9b62a7f19451ace59eb51fc3c4d989ad"
  },
  "fragment": "LIA",
  "hypotheses_in_final_ir": 3,
  "farkas_compiled_inputs": [
    { "name": "hhi", "compiled": "Le(_pb_atom_0 + -4398046511103 <= 0)" },
    { "name": "hP", "compiled": "Eq(0 = 0)" },
    { "name": "_pb_nonneg_atom_0", "compiled": "Le(-_pb_atom_0 <= 0)" },
    {
      "name": "neg_goal",
      "compiled": "Le(-_pb_atom_0 + 18446744069414584321 <= 0)"
    }
  ],
  "hypotheses_not_compilable": [],
  "witness_existence_probe": {
    "status": "witness_exists",
    "support": 2,
    "max_abs_coefficient": "1",
    "witness": {
      "coefficients": [
        { "hypothesis": "hhi", "coefficient": "1" },
        { "hypothesis": "neg_goal", "coefficient": "1" }
      ]
    },
    "farkas_verify": { "verdict": "verified" }
  },
  "backends": {
    "z3": {
      "smtlib_logic": "QF_LIA",
      "solver_response": "unsat",
      "solver_ms": 10,
      "proof_body_present": true,
      "proof_bytes": 1397,
      "native_extraction": {
        "attempted": true,
        "result": "error",
        "ms": 0,
        "kind": "no_farkas_th_lemma",
        "detail": "no Farkas-flavored th-lemma in proof (likely opaque arith form)"
      },
      "fallback_search": {
        "route": "bounded_enumeration",
        "bounded_enumeration": {
          "result": "ok",
          "ms": 0,
          "witness": {
            "coefficients": [
              { "hypothesis": "hhi", "coefficient": "1" },
              { "hypothesis": "hP", "coefficient": "-3" },
              { "hypothesis": "neg_goal", "coefficient": "1" }
            ]
          },
          "farkas_verify": { "verdict": "verified" }
        },
        "exact_recovery": {
          "result": "ok",
          "ms": 0,
          "witness": {
            "coefficients": [
              { "hypothesis": "hhi", "coefficient": "1" },
              { "hypothesis": "neg_goal", "coefficient": "1" }
            ]
          },
          "farkas_verify": { "verdict": "verified" }
        }
      }
    },
    "cvc5": {
      "smtlib_logic": "QF_LIA",
      "solver_response": "unsat",
      "solver_ms": 5,
      "proof_body_present": true,
      "proof_bytes": 3668,
      "native_extraction": {
        "attempted": true,
        "result": "ok",
        "ms": 0,
        "witness": {
          "coefficients": [
            { "hypothesis": "hhi", "coefficient": "1" },
            { "hypothesis": "neg_goal", "coefficient": "1" }
          ]
        },
        "farkas_verify": { "verdict": "verified" }
      },
      "case_split_extraction": "error: no_la_generic",
      "fallback_search": {
        "route": "bounded_enumeration",
        "bounded_enumeration": {
          "result": "ok",
          "ms": 0,
          "witness": {
            "coefficients": [
              { "hypothesis": "hhi", "coefficient": "1" },
              { "hypothesis": "hP", "coefficient": "-3" },
              { "hypothesis": "neg_goal", "coefficient": "1" }
            ]
          },
          "farkas_verify": { "verdict": "verified" }
        },
        "exact_recovery": {
          "result": "ok",
          "ms": 0,
          "witness": {
            "coefficients": [
              { "hypothesis": "hhi", "coefficient": "1" },
              { "hypothesis": "neg_goal", "coefficient": "1" }
            ]
          },
          "farkas_verify": { "verdict": "verified" }
        }
      }
    },
    "cvc4": {
      "smtlib_logic": "QF_LIA",
      "solver_response": "unsat",
      "solver_ms": 2,
      "proof_body_present": false,
      "native_extraction": "cvc4 has no proof-trace path (adapter goes straight to the internal closer)",
      "fallback_search": {
        "route": "bounded_enumeration",
        "bounded_enumeration": {
          "result": "ok",
          "ms": 0,
          "witness": {
            "coefficients": [
              { "hypothesis": "hhi", "coefficient": "1" },
              { "hypothesis": "hP", "coefficient": "-3" },
              { "hypothesis": "neg_goal", "coefficient": "1" }
            ]
          },
          "farkas_verify": { "verdict": "verified" }
        },
        "exact_recovery": {
          "result": "ok",
          "ms": 0,
          "witness": {
            "coefficients": [
              { "hypothesis": "hhi", "coefficient": "1" },
              { "hypothesis": "neg_goal", "coefficient": "1" }
            ]
          },
          "farkas_verify": { "verdict": "verified" }
        }
      }
    }
  },
  "adapter_minted": {
    "z3": {
      "outcome": "cert",
      "cert": {
        "tier": 1,
        "format": "farkas",
        "payload": {
          "witness_kind": "farkas",
          "witness_data": {
            "coefficients": [
              { "hypothesis": "hhi", "coefficient": "1" },
              { "hypothesis": "hP", "coefficient": "-3" },
              { "hypothesis": "neg_goal", "coefficient": "1" }
            ]
          }
        }
      }
    },
    "cvc5": {
      "outcome": "cert",
      "cert": {
        "tier": 1,
        "format": "farkas",
        "payload": {
          "witness_kind": "farkas",
          "witness_data": {
            "coefficients": [
              { "hypothesis": "hhi", "coefficient": "1" },
              { "hypothesis": "neg_goal", "coefficient": "1" }
            ]
          }
        }
      }
    },
    "cvc4": {
      "outcome": "cert",
      "cert": {
        "tier": 1,
        "format": "farkas",
        "payload": {
          "witness_kind": "farkas",
          "witness_data": {
            "coefficients": [
              { "hypothesis": "hhi", "coefficient": "1" },
              { "hypothesis": "hP", "coefficient": "-3" },
              { "hypothesis": "neg_goal", "coefficient": "1" }
            ]
          }
        }
      }
    }
  },
  "fallback_bound_sweep": {
    "smallest_successful_bound": 3,
    "ms": 0,
    "witness": {
      "coefficients": [
        { "hypothesis": "hhi", "coefficient": "1" },
        { "hypothesis": "hP", "coefficient": "-3" },
        { "hypothesis": "neg_goal", "coefficient": "1" }
      ]
    }
  }
}
