{
  "case": "C4_coef_4",
  "ir_source": "ir/C4_coef_4.json",
  "ir_sha256": "sha256:a7cfb1fe3efad168f54d7e880809c0991842eb293c0ab2162eccad34bf56622e",
  "final_ir_sha256": "sha256:cdc222abf8b715321d78a992adf673f75d40056126c806f4154b98781a279c6f",
  "pipeline": {
    "trace_is_identity": false,
    "entries": [
      { "pass": "propositional_simplification", "outcome": "no_op" },
      { "pass": "definition_unfolding", "outcome": "applied" }
    ],
    "rewrite_trace_hash": "sha256:9f34073d3d729158f4017cdda23a92230ee836ca64793d9d8d8a6dea1ec074e7"
  },
  "fragment": "LIA",
  "hypotheses_in_final_ir": 3,
  "farkas_compiled_inputs": [
    { "name": "hhi", "compiled": "Le(_pb_atom_0 + -4398046511103 <= 0)" },
    { "name": "hP", "compiled": "Eq(0 = 0)" },
    { "name": "_pb_nonneg_atom_0", "compiled": "Le(-_pb_atom_0 <= 0)" },
    {
      "name": "neg_goal",
      "compiled": "Le(-4*_pb_atom_0 + 18446744069414584321 <= 0)"
    }
  ],
  "hypotheses_not_compilable": [],
  "witness_existence_probe": {
    "status": "witness_exists",
    "support": 2,
    "max_abs_coefficient": "4",
    "witness": {
      "coefficients": [
        { "hypothesis": "hhi", "coefficient": "4" },
        { "hypothesis": "neg_goal", "coefficient": "1" }
      ]
    },
    "farkas_verify": { "verdict": "verified" }
  },
  "backends": {
    "z3": {
      "smtlib_logic": "QF_LIA",
      "solver_response": "unsat",
      "solver_ms": 8,
      "proof_body_present": true,
      "proof_bytes": 1081,
      "native_extraction": {
        "attempted": true,
        "result": "error",
        "ms": 0,
        "kind": "no_farkas_th_lemma",
        "detail": "no Farkas-flavored th-lemma in proof (likely opaque arith form)"
      },
      "fallback_search": {
        "route": "exact_recovery",
        "bounded_enumeration": {
          "result": "error",
          "ms": 0,
          "kind": "search_exhausted",
          "detail": "no Farkas witness found within the bounded coefficient search"
        },
        "exact_recovery": {
          "result": "ok",
          "ms": 0,
          "witness": {
            "coefficients": [
              { "hypothesis": "hhi", "coefficient": "4" },
              { "hypothesis": "neg_goal", "coefficient": "1" }
            ]
          },
          "farkas_verify": { "verdict": "verified" }
        }
      }
    },
    "cvc5": {
      "smtlib_logic": "QF_LIA",
      "solver_response": "unsat",
      "solver_ms": 4,
      "proof_body_present": true,
      "proof_bytes": 3541,
      "native_extraction": {
        "attempted": true,
        "result": "error",
        "ms": 0,
        "kind": "unmatched_literal",
        "detail": "no IR input matches clause literal (not (<= (* -1 _pb_atom_0) (* -1 4611686017353646081))) (compiled Le(-_pb_atom_0 + 4611686017353646081))"
      },
      "case_split_extraction": "error: no_la_generic",
      "fallback_search": {
        "route": "exact_recovery",
        "bounded_enumeration": {
          "result": "error",
          "ms": 0,
          "kind": "search_exhausted",
          "detail": "no Farkas witness found within the bounded coefficient search"
        },
        "exact_recovery": {
          "result": "ok",
          "ms": 0,
          "witness": {
            "coefficients": [
              { "hypothesis": "hhi", "coefficient": "4" },
              { "hypothesis": "neg_goal", "coefficient": "1" }
            ]
          },
          "farkas_verify": { "verdict": "verified" }
        }
      }
    },
    "cvc4": {
      "smtlib_logic": "QF_LIA",
      "solver_response": "unsat",
      "solver_ms": 3,
      "proof_body_present": false,
      "native_extraction": "cvc4 has no proof-trace path (adapter goes straight to the internal closer)",
      "fallback_search": {
        "route": "exact_recovery",
        "bounded_enumeration": {
          "result": "error",
          "ms": 0,
          "kind": "search_exhausted",
          "detail": "no Farkas witness found within the bounded coefficient search"
        },
        "exact_recovery": {
          "result": "ok",
          "ms": 0,
          "witness": {
            "coefficients": [
              { "hypothesis": "hhi", "coefficient": "4" },
              { "hypothesis": "neg_goal", "coefficient": "1" }
            ]
          },
          "farkas_verify": { "verdict": "verified" }
        }
      }
    }
  },
  "adapter_minted": {
    "z3": {
      "outcome": "cert",
      "cert": {
        "tier": 1,
        "format": "farkas",
        "payload": {
          "witness_kind": "farkas",
          "witness_data": {
            "coefficients": [
              { "hypothesis": "hhi", "coefficient": "4" },
              { "hypothesis": "neg_goal", "coefficient": "1" }
            ]
          }
        }
      }
    },
    "cvc5": {
      "outcome": "cert",
      "cert": {
        "tier": 1,
        "format": "farkas",
        "payload": {
          "witness_kind": "farkas",
          "witness_data": {
            "coefficients": [
              { "hypothesis": "hhi", "coefficient": "4" },
              { "hypothesis": "neg_goal", "coefficient": "1" }
            ]
          }
        }
      }
    },
    "cvc4": {
      "outcome": "cert",
      "cert": {
        "tier": 1,
        "format": "farkas",
        "payload": {
          "witness_kind": "farkas",
          "witness_data": {
            "coefficients": [
              { "hypothesis": "hhi", "coefficient": "4" },
              { "hypothesis": "neg_goal", "coefficient": "1" }
            ]
          }
        }
      }
    }
  },
  "fallback_bound_sweep": {
    "smallest_successful_bound": 4,
    "ms": 0,
    "witness": {
      "coefficients": [
        { "hypothesis": "hhi", "coefficient": "4" },
        { "hypothesis": "hP", "coefficient": "-4" },
        { "hypothesis": "neg_goal", "coefficient": "1" }
      ]
    }
  }
}
