unsat
((set-logic QF_LIA)
(proof
(let (($x208 (>= _pb_atom_0 18446744069414584321)))
(let (($x202 (<= 18446744069414584321 _pb_atom_0)))
(let ((@x205 (rewrite (= (< _pb_atom_0 18446744069414584321) (not $x202)))))
(let ((@x241 (trans (monotonicity @x205 (= (not (< _pb_atom_0 18446744069414584321)) (not (not $x202)))) (rewrite (= (not (not $x202)) $x202)) (= (not (< _pb_atom_0 18446744069414584321)) $x202))))
(let (($x199 (< _pb_atom_0 18446744069414584321)))
(let (($x200 (not $x199)))
(let ((@x201 (asserted $x200)))
(let ((@x328 (mp (mp (mp @x201 @x241 $x202) (rewrite (= $x202 $x202)) $x202) (rewrite (= $x202 $x208)) $x208)))
(let (($x146 (>= _pb_atom_0 1152921504606846976)))
(let (($x147 (not $x146)))
(let ((@x150 (rewrite (= (not (<= 1152921504606846976 _pb_atom_0)) $x147))))
(let (($x141 (not (<= 1152921504606846976 _pb_atom_0))))
(let ((@x143 (rewrite (= (< _pb_atom_0 1152921504606846976) $x141))))
(let (($x138 (< _pb_atom_0 1152921504606846976)))
(let ((@x139 (asserted $x138)))
(let ((@x317 (mp (mp (mp @x139 @x143 $x141) (rewrite (= $x141 $x141)) $x141) @x150 $x147)))
(unit-resolution ((_ th-lemma arith farkas 1 1) (or $x146 (not $x208))) @x317 @x328 false)))))))))))))))))))

