unsat
((set-logic QF_LIA)
(proof
(let (($x59 (<= _pb_atom_1 4611686018427387904)))
(let ((@x60 (asserted $x59)))
(let ((?x105 (+ g1l (* 262144 B))))
(let (($x116 (>= ?x105 18446744069414584321)))
(let (($x109 (<= 18446744069414584321 ?x105)))
(let ((@x165 (rewrite (= $x109 $x109))))
(let ((@x112 (rewrite (= (< ?x105 18446744069414584321) (not $x109)))))
(let ((@x139 (trans (monotonicity @x112 (= (not (< ?x105 18446744069414584321)) (not (not $x109)))) (rewrite (= (not (not $x109)) $x109)) (= (not (< ?x105 18446744069414584321)) $x109))))
(let (($x106 (< ?x105 18446744069414584321)))
(let (($x107 (not $x106)))
(let ((@x108 (asserted $x107)))
(let ((@x196 (mp (mp (mp (mp @x108 @x139 $x109) @x165 $x109) @x165 $x109) (rewrite (= $x109 $x116)) $x116)))
(let (($x33 (not (>= g1l 262144))))
(let ((@x37 (rewrite (= (not (<= 262144 g1l)) $x33))))
(let (($x28 (not (<= 262144 g1l))))
(let ((@x30 (rewrite (= (< g1l 262144) $x28))))
(let (($x25 (< g1l 262144)))
(let ((@x26 (asserted $x25)))
(let ((@x176 (mp (mp (mp @x26 @x30 $x28) (rewrite (= $x28 $x28)) $x28) @x37 $x33)))
(let (($x53 (not (>= (+ B (* (- 1) _pb_atom_0)) 0))))
(let (($x182 (not (<= (+ _pb_atom_0 (* (- 1) B)) 0))))
(let (($x43 (not (<= _pb_atom_0 B))))
(let ((@x45 (rewrite (= (< B _pb_atom_0) $x43))))
(let (($x40 (< B _pb_atom_0)))
(let ((@x41 (asserted $x40)))
(let ((@x180 (mp (mp (mp @x41 @x45 $x43) (rewrite (= $x43 $x43)) $x43) (rewrite (= $x43 $x182)) $x182)))
(let ((?x62 (* 68719476736 _pb_atom_0)))
(let ((?x69 (+ ?x62 (* (- 1) _pb_atom_1))))
(let (($x212 (<= ?x69 0)))
(let (($x220 (not (or (not $x212) (not (>= ?x69 0))))))
(let ((@x224 (trans (rewrite (= (= ?x69 0) (and $x212 (>= ?x69 0)))) (rewrite (= (and $x212 (>= ?x69 0)) $x220)) (= (= ?x69 0) $x220))))
(let (($x65 (= ?x69 0)))
(let ((?x184 (* (- 68719476736) _pb_atom_0)))
(let ((?x199 (+ ?x184 _pb_atom_1)))
(let (($x202 (= ?x199 0)))
(let ((?x186 (+ _pb_atom_1 ?x184)))
(let (($x187 (= ?x186 0)))
(let ((@x209 (trans (monotonicity (rewrite (= ?x186 ?x199)) (= $x187 $x202)) (rewrite (= $x202 $x65)) (= $x187 $x65))))
(let (($x63 (= _pb_atom_1 ?x62)))
(let ((@x64 (asserted $x63)))
(let ((@x190 (mp (mp @x64 (rewrite (= $x63 $x63)) $x63) (rewrite (= $x63 $x187)) $x187)))
((_ th-lemma arith farkas 1 68719476736 262144 262144 1) (not-or-elim (mp (mp @x190 @x209 $x65) @x224 $x220) $x212) (mp @x180 (rewrite (= $x182 $x53)) $x53) @x176 @x196 (mp @x60 (rewrite (= $x59 $x59)) $x59) false))))))))))))))))))))))))))))))))))))))))))))

