unsat
(
(assume a0 (! (< _pb_atom_0 4398046511104) :named @p_1))
(assume a1 (! (= 18446744069414584321 18446744069414584321) :named @p_2))
(assume a2 (<= 0 _pb_atom_0))
(assume a3 (! (not (! (< (! (* _pb_atom_0 262144) :named @p_3) 18446744069414584321) :named @p_4)) :named @p_5))
(step t0 (cl (not (! (= (! (< (! (+ _pb_atom_0 (! (* -1 _pb_atom_0) :named @p_8)) :named @p_9) (! (+ 4398046511104 (! (* -1 70368744161281) :named @p_6)) :named @p_7)) :named @p_10) false) :named @p_27)) (not @p_10) false) :rule equiv_pos2)
(step t1 (cl (! (= @p_10 (! (not (! (>= @p_9 @p_7) :named @p_28)) :named @p_29)) :named @p_38)) :rule hole :args ("TRUST_THEORY_REWRITE" @p_38 3 6))
(step t2 (cl (! (= @p_9 0) :named @p_37)) :rule hole :args ("TRUST_THEORY_REWRITE" @p_37 3 7))
(step t3 (cl (= 4398046511104 4398046511104)) :rule refl)
(step t4 (cl (! (= @p_6 -70368744161281) :named @p_36)) :rule hole :args ("TRUST_THEORY_REWRITE" @p_36 3 7))
(step t5 (cl (= @p_7 (! (+ 4398046511104 -70368744161281) :named @p_34))) :rule cong :premises (t3 t4))
(step t6 (cl (! (= @p_34 -65970697650177) :named @p_35)) :rule hole :args ("TRUST_THEORY_REWRITE" @p_35 3 7))
(step t7 (cl (= @p_7 -65970697650177)) :rule trans :premises (t5 t6))
(step t8 (cl (= @p_28 (! (>= 0 -65970697650177) :named @p_32))) :rule cong :premises (t2 t7))
(step t9 (cl (! (= @p_32 true) :named @p_33)) :rule hole :args ("TRUST_THEORY_REWRITE" @p_33 3 7))
(step t10 (cl (= @p_28 true)) :rule trans :premises (t8 t9))
(step t11 (cl (= @p_29 (! (not true) :named @p_30))) :rule cong :premises (t10))
(step t12 (cl (! (= @p_30 false) :named @p_31)) :rule hole :args ("TRUST_THEORY_REWRITE" @p_31 1 7))
(step t13 (cl (= @p_29 false)) :rule trans :premises (t11 t12))
(step t14 (cl @p_27) :rule trans :premises (t1 t13))
(step t15 (cl (not @p_1) (not (! (<= @p_8 @p_6) :named @p_11)) @p_10) :rule la_generic :args (1/1 1/1 1/1))
(step t16 (cl (=> (! (and (! (< -1 0) :named @p_13) (! (>= _pb_atom_0 70368744161281) :named @p_12)) :named @p_14) @p_11)) :rule la_mult_neg)
(step t17 (cl (not @p_14) @p_11) :rule implies :premises (t16))
(step t18 (cl @p_14 (not @p_13) (! (not @p_12) :named @p_16)) :rule and_neg)
(step t19 (cl (= (! (= @p_13 true) :named @p_26) @p_13)) :rule equiv_simplify)
(step t20 (cl (not @p_26) @p_13) :rule equiv1 :premises (t19))
(step t21 (cl @p_26) :rule rare_rewrite :args ("evaluate"))
(step t22 (cl @p_13) :rule resolution :premises (t20 t21))
(step t23 (cl (not (! (= @p_5 @p_12) :named @p_15)) (not @p_5) @p_12) :rule equiv_pos2)
(step t24 (cl (! (= @p_4 (! (not (! (>= @p_3 18446744069414584321) :named @p_19)) :named @p_20)) :named @p_25)) :rule hole :args ("TRUST_THEORY_REWRITE" @p_25 3 6))
(step t25 (cl (! (= @p_3 (! (* 262144 _pb_atom_0) :named @p_21)) :named @p_24)) :rule hole :args ("TRUST_THEORY_REWRITE" @p_24 3 7))
(step t26 (cl @p_2) :rule refl)
(step t27 (cl (= @p_19 (! (>= @p_21 18446744069414584321) :named @p_22))) :rule cong :premises (t25 t26))
(step t28 (cl (! (= @p_22 @p_12) :named @p_23)) :rule hole :args ("TRUST_THEORY_REWRITE" @p_23 3 7))
(step t29 (cl (= @p_19 @p_12)) :rule trans :premises (t27 t28))
(step t30 (cl (= @p_20 @p_16)) :rule cong :premises (t29))
(step t31 (cl (= @p_4 @p_16)) :rule trans :premises (t24 t30))
(step t32 (cl (= @p_5 (! (not @p_16) :named @p_17))) :rule cong :premises (t31))
(step t33 (cl (! (= @p_17 @p_12) :named @p_18)) :rule hole :args ("TRUST_THEORY_REWRITE" @p_18 1 7))
(step t34 (cl @p_15) :rule trans :premises (t32 t33))
(step t35 (cl @p_12) :rule resolution :premises (t23 t34 a3))
(step t36 (cl @p_14) :rule resolution :premises (t18 t22 t35))
(step t37 (cl @p_11) :rule resolution :premises (t17 t36))
(step t38 (cl @p_10) :rule resolution :premises (t15 a0 t37))
(step t39 (cl false) :rule resolution :premises (t0 t14 t38))
(step t40 (cl (not false)) :rule false)
(step t41 (cl) :rule resolution :premises (t39 t40))
)
