{
  "case": "P6_hyp_le",
  "ir_source": "ir/P6_hyp_le.json",
  "ir_sha256": "sha256:af01f658aa0fe54fb11244641b2f9c2ac4d588ab6f0becf2f3dfc8edf37f425f",
  "final_ir_sha256": "sha256:8c84ff461a0e45b918ba1b43b1e1183062121d2bd0ddcc190631f5e2606ed04d",
  "pipeline": {
    "trace_is_identity": false,
    "entries": [
      { "pass": "propositional_simplification", "outcome": "no_op" },
      { "pass": "definition_unfolding", "outcome": "applied" }
    ],
    "rewrite_trace_hash": "sha256:839d34f11ab6ed95a4b6db784f09b951c861abec66de074ff33d3c8accbf9d8d"
  },
  "fragment": "LIA",
  "hypotheses_in_final_ir": 2,
  "farkas_compiled_inputs": [
    { "name": "hP", "compiled": "Eq(0 = 0)" },
    { "name": "_pb_nonneg_atom_0", "compiled": "Le(-_pb_atom_0 <= 0)" },
    {
      "name": "neg_goal",
      "compiled": "Le(-262144*_pb_atom_0 + 18446744069414584321 <= 0)"
    }
  ],
  "hypotheses_not_compilable": [],
  "witness_existence_probe": {
    "status": "no_witness_exists",
    "detail": "no nonneg-integer Farkas combination of the compiled inputs is contradictory"
  },
  "backends": {
    "z3": {
      "smtlib_logic": "QF_LIA",
      "solver_response": "sat",
      "solver_ms": 7,
      "proof_body_present": false,
      "proof_bytes": 0,
      "native_extraction": {
        "attempted": false,
        "reason": "no proof body in solver stdout"
      },
      "fallback_search": {
        "route": "none",
        "bounded_enumeration": {
          "result": "error",
          "ms": 0,
          "kind": "search_exhausted",
          "detail": "no Farkas witness found within the bounded coefficient search"
        },
        "exact_recovery": {
          "result": "error",
          "ms": 0,
          "kind": "exact_search_exhausted",
          "detail": "exact recovery examined 15 support set(s) of size <= 4 and found no Farkas witness: on every one the variable-cancellation system was either full rank (only the zero multiplier) or rank-deficient by more than one (no extreme ray has exactly that support), or the ray it pinned failed the sign or contradiction condition"
        }
      }
    },
    "cvc5": {
      "smtlib_logic": "QF_LIA",
      "solver_response": "sat",
      "solver_ms": 11,
      "proof_body_present": false,
      "proof_bytes": 0,
      "native_extraction": {
        "attempted": false,
        "reason": "no proof body in solver stdout"
      },
      "case_split_extraction": "not attempted",
      "fallback_search": {
        "route": "none",
        "bounded_enumeration": {
          "result": "error",
          "ms": 0,
          "kind": "search_exhausted",
          "detail": "no Farkas witness found within the bounded coefficient search"
        },
        "exact_recovery": {
          "result": "error",
          "ms": 0,
          "kind": "exact_search_exhausted",
          "detail": "exact recovery examined 15 support set(s) of size <= 4 and found no Farkas witness: on every one the variable-cancellation system was either full rank (only the zero multiplier) or rank-deficient by more than one (no extreme ray has exactly that support), or the ray it pinned failed the sign or contradiction condition"
        }
      }
    },
    "cvc4": {
      "smtlib_logic": "QF_LIA",
      "solver_response": "sat",
      "solver_ms": 3,
      "proof_body_present": false,
      "native_extraction": "cvc4 has no proof-trace path (adapter goes straight to the internal closer)",
      "fallback_search": {
        "route": "none",
        "bounded_enumeration": {
          "result": "error",
          "ms": 0,
          "kind": "search_exhausted",
          "detail": "no Farkas witness found within the bounded coefficient search"
        },
        "exact_recovery": {
          "result": "error",
          "ms": 0,
          "kind": "exact_search_exhausted",
          "detail": "exact recovery examined 15 support set(s) of size <= 4 and found no Farkas witness: on every one the variable-cancellation system was either full rank (only the zero multiplier) or rank-deficient by more than one (no extreme ray has exactly that support), or the ray it pinned failed the sign or contradiction condition"
        }
      }
    }
  },
  "adapter_minted": {
    "z3": {
      "outcome": "failed",
      "failure": {
        "kind": "sat_returned",
        "detail": "solver returned sat: home-system goal is not provable"
      }
    },
    "cvc5": {
      "outcome": "failed",
      "failure": {
        "kind": "sat_returned",
        "detail": "solver returned sat: home-system goal is not provable"
      }
    },
    "cvc4": {
      "outcome": "failed",
      "failure": {
        "kind": "sat_returned",
        "detail": "solver returned sat: home-system goal is not provable"
      }
    }
  },
  "fallback_bound_sweep": {
    "smallest_successful_bound": null,
    "ladder_exhausted_at": 32
  }
}
