unsat
(
(assume a0 (! (<= x0 x1) :named @p_1))
(assume a1 (! (<= x1 x2) :named @p_2))
(assume a2 (! (<= x2 x3) :named @p_3))
(assume a3 (! (<= x3 0) :named @p_4))
(assume a4 (! (not (! (<= x0 0) :named @p_5)) :named @p_6))
(step t0 (cl (not (! (= (! (or (! (not (! (not (! (>= x3 1) :named @p_22)) :named @p_23)) :named @p_36) (! (not (! (not (! (>= (! (+ x1 (! (* -1 x2) :named @p_12)) :named @p_13) 1) :named @p_14)) :named @p_15)) :named @p_35) (! (not (! (>= x0 1) :named @p_26)) :named @p_28) (! (not (! (not (! (>= (! (+ x0 (! (* -1 x1) :named @p_7)) :named @p_8) 1) :named @p_9)) :named @p_10)) :named @p_34) (! (not (! (not (! (>= (! (+ x2 (! (* -1 x3) :named @p_17)) :named @p_18) 1) :named @p_19)) :named @p_20)) :named @p_33)) :named @p_37) (! (or @p_22 @p_14 @p_28 @p_9 @p_19) :named @p_32)) :named @p_84)) (not @p_37) @p_32) :rule equiv_pos2)
(step t1 (cl (! (= @p_36 @p_22) :named @p_87)) :rule hole :args ("TRUST_THEORY_REWRITE" @p_87 1 6))
(step t2 (cl (! (= @p_35 @p_14) :named @p_86)) :rule hole :args ("TRUST_THEORY_REWRITE" @p_86 1 6))
(step t3 (cl (= @p_28 @p_28)) :rule refl)
(step t4 (cl (! (= @p_34 @p_9) :named @p_85)) :rule hole :args ("TRUST_THEORY_REWRITE" @p_85 1 6))
(step t5 (cl (! (= @p_33 @p_19) :named @p_81)) :rule hole :args ("TRUST_THEORY_REWRITE" @p_81 1 6))
(step t6 (cl @p_84) :rule cong :premises (t1 t2 t3 t4 t5))
(step t7 (cl (! (=> (! (and @p_23 @p_15 @p_26 @p_10 @p_20) :named @p_38) false) :named @p_40) @p_38) :rule implies_neg1)
(anchor :step t8)
(assume t8.a0 @p_23)
(assume t8.a1 @p_15)
(assume t8.a2 @p_26)
(assume t8.a3 @p_10)
(assume t8.a4 @p_20)
(step t8.t0 (cl (! (not (! (< @p_18 1) :named @p_62)) :named @p_65) (! (<= @p_18 0) :named @p_42)) :rule la_generic :args (1/1 1/1))
(step t8.t1 (cl (not (! (= @p_20 @p_62) :named @p_63)) @p_33 @p_62) :rule equiv_pos2)
(step t8.t2 (cl (! (= @p_62 @p_20) :named @p_64)) :rule hole :args ("TRUST_THEORY_REWRITE" @p_64 3 6))
(step t8.t3 (cl @p_63) :rule symm :premises (t8.t2))
(step t8.t4 (cl (not (! (= @p_3 @p_20) :named @p_21)) (not @p_3) @p_20) :rule equiv_pos2)
(step t8.t5 (cl @p_21) :rule hole :args ("TRUST_THEORY_REWRITE" @p_21 3 7))
(step t8.t6 (cl @p_20) :rule resolution :premises (t8.t4 t8.t5 a2))
(step t8.t7 (cl @p_62) :rule resolution :premises (t8.t1 t8.t3 t8.t6))
(step t8.t8 (cl @p_42) :rule resolution :premises (t8.t0 t8.t7))
(step t8.t9 (cl (not (! (= (! (> @p_18 0) :named @p_44) (! (not @p_42) :named @p_43)) :named @p_83)) (not @p_44) @p_43) :rule equiv_pos2)
(step t8.t10 (cl @p_83) :rule hole :args ("TRUST_THEORY_REWRITE" @p_83 3 6))
(step t8.t11 (cl (not (! (= @p_43 @p_44) :named @p_80)) (not @p_43) @p_44) :rule equiv_pos2)
(step t8.t12 (cl (! (= @p_42 @p_20) :named @p_82)) :rule hole :args ("TRUST_THEORY_REWRITE" @p_82 3 7))
(step t8.t13 (cl (= @p_43 @p_33)) :rule cong :premises (t8.t12))
(step t8.t14 (cl (= @p_43 @p_19)) :rule trans :premises (t8.t13 t5))
(step t8.t15 (cl (= @p_44 @p_19)) :rule trans :premises (t8.t10 t8.t14))
(step t8.t16 (cl (= @p_19 @p_44)) :rule symm :premises (t8.t15))
(step t8.t17 (cl @p_80) :rule trans :premises (t8.t14 t8.t16))
(step t8.t18 (cl (! (=> @p_42 false) :named @p_45) @p_42) :rule implies_neg1)
(anchor :step t8.t19)
(assume t8.t19.a0 @p_42)
(step t8.t19.t0 (cl (not (! (= (! (< (! (+ @p_18 @p_8 (! (* -1 x0) :named @p_48) @p_13 x3) :named @p_49) (! (+ 0 0 (! (* -1 1) :named @p_46) 1 0) :named @p_47)) :named @p_50) false) :named @p_66)) (not @p_50) false) :rule equiv_pos2)
(step t8.t19.t1 (cl (! (= @p_50 (! (not (! (>= @p_49 @p_47) :named @p_67)) :named @p_68)) :named @p_79)) :rule hole :args ("TRUST_THEORY_REWRITE" @p_79 3 6))
(step t8.t19.t2 (cl (! (= @p_49 (! (+ @p_48 @p_17 @p_12 @p_7 x3 x2 x1 x0) :named @p_76)) :named @p_78)) :rule hole :args ("TRUST_THEORY_REWRITE" @p_78 3 6))
(step t8.t19.t3 (cl (! (= @p_76 0) :named @p_77)) :rule hole :args ("TRUST_THEORY_REWRITE" @p_77 3 7))
(step t8.t19.t4 (cl (= @p_49 0)) :rule trans :premises (t8.t19.t2 t8.t19.t3))
(step t8.t19.t5 (cl (= 0 0)) :rule refl)
(step t8.t19.t6 (cl (! (= @p_46 -1) :named @p_75)) :rule hole :args ("TRUST_THEORY_REWRITE" @p_75 3 7))
(step t8.t19.t7 (cl (= 1 1)) :rule refl)
(step t8.t19.t8 (cl (= @p_47 (! (+ 0 0 -1 1 0) :named @p_73))) :rule cong :premises (t8.t19.t5 t8.t19.t5 t8.t19.t6 t8.t19.t7 t8.t19.t5))
(step t8.t19.t9 (cl (! (= @p_73 0) :named @p_74)) :rule hole :args ("TRUST_THEORY_REWRITE" @p_74 3 7))
(step t8.t19.t10 (cl (= @p_47 0)) :rule trans :premises (t8.t19.t8 t8.t19.t9))
(step t8.t19.t11 (cl (= @p_67 (! (>= 0 0) :named @p_71))) :rule cong :premises (t8.t19.t4 t8.t19.t10))
(step t8.t19.t12 (cl (! (= @p_71 true) :named @p_72)) :rule hole :args ("TRUST_THEORY_REWRITE" @p_72 3 7))
(step t8.t19.t13 (cl (= @p_67 true)) :rule trans :premises (t8.t19.t11 t8.t19.t12))
(step t8.t19.t14 (cl (= @p_68 (! (not true) :named @p_69))) :rule cong :premises (t8.t19.t13))
(step t8.t19.t15 (cl (! (= @p_69 false) :named @p_70)) :rule hole :args ("TRUST_THEORY_REWRITE" @p_70 1 7))
(step t8.t19.t16 (cl (= @p_68 false)) :rule trans :premises (t8.t19.t14 t8.t19.t15))
(step t8.t19.t17 (cl @p_66) :rule trans :premises (t8.t19.t1 t8.t19.t16))
(step t8.t19.t18 (cl @p_43 (not (! (<= @p_8 0) :named @p_58)) (not (! (<= @p_48 @p_46) :named @p_54)) (not (! (< @p_13 1) :named @p_51)) (! (not @p_4) :named @p_25) @p_50) :rule la_generic :args (1/1 1/1 1/1 1/1 1/1 1/1))
(step t8.t19.t19 (cl @p_65 @p_42) :rule la_generic :args (1/1 1/1))
(step t8.t19.t20 (cl @p_42) :rule resolution :premises (t8.t19.t19 t8.t7))
(step t8.t19.t21 (cl (not (! (< @p_8 1) :named @p_59)) @p_58) :rule la_generic :args (1/1 1/1))
(step t8.t19.t22 (cl (not (! (= @p_10 @p_59) :named @p_60)) @p_34 @p_59) :rule equiv_pos2)
(step t8.t19.t23 (cl (! (= @p_59 @p_10) :named @p_61)) :rule hole :args ("TRUST_THEORY_REWRITE" @p_61 3 6))
(step t8.t19.t24 (cl @p_60) :rule symm :premises (t8.t19.t23))
(step t8.t19.t25 (cl (not (! (= @p_1 @p_10) :named @p_11)) (not @p_1) @p_10) :rule equiv_pos2)
(step t8.t19.t26 (cl @p_11) :rule hole :args ("TRUST_THEORY_REWRITE" @p_11 3 7))
(step t8.t19.t27 (cl @p_10) :rule resolution :premises (t8.t19.t25 t8.t19.t26 a0))
(step t8.t19.t28 (cl @p_59) :rule resolution :premises (t8.t19.t22 t8.t19.t24 t8.t19.t27))
(step t8.t19.t29 (cl @p_58) :rule resolution :premises (t8.t19.t21 t8.t19.t28))
(step t8.t19.t30 (cl (=> (! (and (! (< -1 0) :named @p_55) @p_26) :named @p_56) @p_54)) :rule la_mult_neg)
(step t8.t19.t31 (cl (not @p_56) @p_54) :rule implies :premises (t8.t19.t30))
(step t8.t19.t32 (cl @p_56 (not @p_55) @p_28) :rule and_neg)
(step t8.t19.t33 (cl (= (! (= @p_55 true) :named @p_57) @p_55)) :rule equiv_simplify)
(step t8.t19.t34 (cl (not @p_57) @p_55) :rule equiv1 :premises (t8.t19.t33))
(step t8.t19.t35 (cl @p_57) :rule rare_rewrite :args ("evaluate"))
(step t8.t19.t36 (cl @p_55) :rule resolution :premises (t8.t19.t34 t8.t19.t35))
(step t8.t19.t37 (cl (not (! (= @p_6 @p_26) :named @p_27)) (not @p_6) @p_26) :rule equiv_pos2)
(step t8.t19.t38 (cl (! (= @p_5 @p_28) :named @p_31)) :rule hole :args ("TRUST_THEORY_REWRITE" @p_31 3 7))
(step t8.t19.t39 (cl (= @p_6 (! (not @p_28) :named @p_29))) :rule cong :premises (t8.t19.t38))
(step t8.t19.t40 (cl (! (= @p_29 @p_26) :named @p_30)) :rule hole :args ("TRUST_THEORY_REWRITE" @p_30 1 7))
(step t8.t19.t41 (cl @p_27) :rule trans :premises (t8.t19.t39 t8.t19.t40))
(step t8.t19.t42 (cl @p_26) :rule resolution :premises (t8.t19.t37 t8.t19.t41 a4))
(step t8.t19.t43 (cl @p_56) :rule resolution :premises (t8.t19.t32 t8.t19.t36 t8.t19.t42))
(step t8.t19.t44 (cl @p_54) :rule resolution :premises (t8.t19.t31 t8.t19.t43))
(step t8.t19.t45 (cl (not (! (= @p_15 @p_51) :named @p_52)) @p_35 @p_51) :rule equiv_pos2)
(step t8.t19.t46 (cl (! (= @p_51 @p_15) :named @p_53)) :rule hole :args ("TRUST_THEORY_REWRITE" @p_53 3 6))
(step t8.t19.t47 (cl @p_52) :rule symm :premises (t8.t19.t46))
(step t8.t19.t48 (cl (not (! (= @p_2 @p_15) :named @p_16)) (not @p_2) @p_15) :rule equiv_pos2)
(step t8.t19.t49 (cl @p_16) :rule hole :args ("TRUST_THEORY_REWRITE" @p_16 3 7))
(step t8.t19.t50 (cl @p_15) :rule resolution :premises (t8.t19.t48 t8.t19.t49 a1))
(step t8.t19.t51 (cl @p_51) :rule resolution :premises (t8.t19.t45 t8.t19.t47 t8.t19.t50))
(step t8.t19.t52 (cl @p_50) :rule resolution :premises (t8.t19.t18 t8.t19.t20 t8.t19.t29 t8.t19.t44 t8.t19.t51 a3))
(step t8.t19.t53 (cl false) :rule resolution :premises (t8.t19.t0 t8.t19.t17 t8.t19.t52))
(step t8.t19 (cl @p_43 false) :rule subproof :discharge (t8.t19.a0))
(step t8.t20 (cl @p_45 false) :rule resolution :premises (t8.t18 t8.t19))
(step t8.t21 (cl @p_45 (! (not false) :named @p_41)) :rule implies_neg2)
(step t8.t22 (cl @p_45 @p_45) :rule resolution :premises (t8.t20 t8.t21))
(step t8.t23 (cl @p_45) :rule contraction :premises (t8.t22))
(step t8.t24 (cl (= @p_45 @p_43)) :rule implies_simplify)
(step t8.t25 (cl (not @p_45) @p_43) :rule equiv1 :premises (t8.t24))
(step t8.t26 (cl @p_43) :rule resolution :premises (t8.t23 t8.t25))
(step t8.t27 (cl @p_44) :rule resolution :premises (t8.t11 t8.t17 t8.t26))
(step t8.t28 (cl @p_43) :rule resolution :premises (t8.t9 t8.t10 t8.t27))
(step t8.t29 (cl) :rule resolution :premises (t8.t8 t8.t28))
(step t8 (cl @p_36 @p_35 @p_28 @p_34 @p_33 false) :rule subproof :discharge (t8.a0 t8.a1 t8.a2 t8.a3 t8.a4))
(step t9 (cl (! (not @p_38) :named @p_39) @p_23) :rule and_pos :args (0))
(step t10 (cl @p_39 @p_15) :rule and_pos :args (1))
(step t11 (cl @p_39 @p_26) :rule and_pos :args (2))
(step t12 (cl @p_39 @p_10) :rule and_pos :args (3))
(step t13 (cl @p_39 @p_20) :rule and_pos :args (4))
(step t14 (cl false @p_39 @p_39 @p_39 @p_39 @p_39) :rule resolution :premises (t8 t9 t10 t11 t12 t13))
(step t15 (cl @p_39 @p_39 @p_39 @p_39 @p_39 false) :rule reordering :premises (t14))
(step t16 (cl @p_39 false) :rule contraction :premises (t15))
(step t17 (cl @p_40 false) :rule resolution :premises (t7 t16))
(step t18 (cl @p_40 @p_41) :rule implies_neg2)
(step t19 (cl @p_40 @p_40) :rule resolution :premises (t17 t18))
(step t20 (cl @p_40) :rule contraction :premises (t19))
(step t21 (cl (= @p_40 @p_39)) :rule implies_simplify)
(step t22 (cl (not @p_40) @p_39) :rule equiv1 :premises (t21))
(step t23 (cl @p_39) :rule resolution :premises (t20 t22))
(step t24 (cl @p_36 @p_35 @p_28 @p_34 @p_33) :rule not_and :premises (t23))
(step t25 (cl @p_37 (not @p_36)) :rule or_neg :args (0))
(step t26 (cl @p_37 (not @p_35)) :rule or_neg :args (1))
(step t27 (cl @p_37 @p_29) :rule or_neg :args (2))
(step t28 (cl @p_37 (not @p_34)) :rule or_neg :args (3))
(step t29 (cl @p_37 (not @p_33)) :rule or_neg :args (4))
(step t30 (cl @p_37 @p_37 @p_37 @p_37 @p_37) :rule resolution :premises (t24 t25 t26 t27 t28 t29))
(step t31 (cl @p_37) :rule contraction :premises (t30))
(step t32 (cl @p_32) :rule resolution :premises (t0 t6 t31))
(step t33 (cl @p_22 @p_14 @p_28 @p_9 @p_19) :rule or :premises (t32))
(step t34 (cl @p_9 @p_14 @p_19 @p_22 @p_28) :rule reordering :premises (t33))
(step t35 (cl (not @p_27) (not @p_6) @p_26) :rule equiv_pos2)
(step t36 (cl @p_31) :rule hole :args ("TRUST_THEORY_REWRITE" @p_31 3 7))
(step t37 (cl (= @p_6 @p_29)) :rule cong :premises (t36))
(step t38 (cl @p_30) :rule hole :args ("TRUST_THEORY_REWRITE" @p_30 1 7))
(step t39 (cl @p_27) :rule trans :premises (t37 t38))
(step t40 (cl @p_26) :rule resolution :premises (t35 t39 a4))
(step t41 (cl (not (! (= @p_4 @p_23) :named @p_24)) @p_25 @p_23) :rule equiv_pos2)
(step t42 (cl @p_24) :rule hole :args ("TRUST_THEORY_REWRITE" @p_24 3 7))
(step t43 (cl @p_23) :rule resolution :premises (t41 t42 a3))
(step t44 (cl (not @p_21) (not @p_3) @p_20) :rule equiv_pos2)
(step t45 (cl @p_21) :rule hole :args ("TRUST_THEORY_REWRITE" @p_21 3 7))
(step t46 (cl @p_20) :rule resolution :premises (t44 t45 a2))
(step t47 (cl (not @p_16) (not @p_2) @p_15) :rule equiv_pos2)
(step t48 (cl @p_16) :rule hole :args ("TRUST_THEORY_REWRITE" @p_16 3 7))
(step t49 (cl @p_15) :rule resolution :premises (t47 t48 a1))
(step t50 (cl (not @p_11) (not @p_1) @p_10) :rule equiv_pos2)
(step t51 (cl @p_11) :rule hole :args ("TRUST_THEORY_REWRITE" @p_11 3 7))
(step t52 (cl @p_10) :rule resolution :premises (t50 t51 a0))
(step t53 (cl) :rule resolution :premises (t34 t40 t43 t46 t49 t52))
)
