{
  "case": "V2_chain_support7",
  "ir_source": "ir/V2_chain_support7.json",
  "ir_sha256": "sha256:92281c9d3e90c46d88a61ab3db6c786c6a83008fb2ff04d27ce2ff28d8c053db",
  "final_ir_sha256": "sha256:92281c9d3e90c46d88a61ab3db6c786c6a83008fb2ff04d27ce2ff28d8c053db",
  "pipeline": {
    "trace_is_identity": true,
    "entries": [
      { "pass": "propositional_simplification", "outcome": "no_op" },
      { "pass": "definition_unfolding", "outcome": "no_op" }
    ],
    "rewrite_trace_hash": "sha256:6e82ec6cdecf83e282ea5423ce958856997199568196185bdbf1d22b479281d2"
  },
  "fragment": "LIA",
  "hypotheses_in_final_ir": 6,
  "farkas_compiled_inputs": [
    { "name": "h1", "compiled": "Le(x0 + -x1 <= 0)" },
    { "name": "h2", "compiled": "Le(x1 + -x2 <= 0)" },
    { "name": "h3", "compiled": "Le(x2 + -x3 <= 0)" },
    { "name": "h4", "compiled": "Le(x3 + -x4 <= 0)" },
    { "name": "h5", "compiled": "Le(x4 + -x5 <= 0)" },
    { "name": "h6", "compiled": "Le(x5 <= 0)" },
    { "name": "neg_goal", "compiled": "Le(-x0 + 1 <= 0)" }
  ],
  "hypotheses_not_compilable": [],
  "witness_existence_probe": {
    "status": "witness_exists",
    "support": 7,
    "max_abs_coefficient": "1",
    "witness": {
      "coefficients": [
        { "hypothesis": "h1", "coefficient": "1" },
        { "hypothesis": "h2", "coefficient": "1" },
        { "hypothesis": "h3", "coefficient": "1" },
        { "hypothesis": "h4", "coefficient": "1" },
        { "hypothesis": "h5", "coefficient": "1" },
        { "hypothesis": "h6", "coefficient": "1" },
        { "hypothesis": "neg_goal", "coefficient": "1" }
      ]
    },
    "farkas_verify": { "verdict": "verified" }
  },
  "backends": {
    "z3": {
      "smtlib_logic": "QF_LIA",
      "solver_response": "unsat",
      "solver_ms": 9,
      "proof_body_present": true,
      "proof_bytes": 1265,
      "native_extraction": {
        "attempted": true,
        "result": "ok",
        "ms": 0,
        "witness": {
          "coefficients": [
            { "hypothesis": "h6", "coefficient": "1" },
            { "hypothesis": "h4", "coefficient": "1" },
            { "hypothesis": "h3", "coefficient": "1" },
            { "hypothesis": "h2", "coefficient": "1" },
            { "hypothesis": "neg_goal", "coefficient": "1" },
            { "hypothesis": "h1", "coefficient": "1" },
            { "hypothesis": "h5", "coefficient": "1" }
          ]
        },
        "farkas_verify": { "verdict": "verified" }
      },
      "fallback_search": {
        "route": "bounded_enumeration",
        "bounded_enumeration": {
          "result": "ok",
          "ms": 3,
          "witness": {
            "coefficients": [
              { "hypothesis": "h1", "coefficient": "1" },
              { "hypothesis": "h2", "coefficient": "1" },
              { "hypothesis": "h3", "coefficient": "1" },
              { "hypothesis": "h4", "coefficient": "1" },
              { "hypothesis": "h5", "coefficient": "1" },
              { "hypothesis": "h6", "coefficient": "1" },
              { "hypothesis": "neg_goal", "coefficient": "1" }
            ]
          },
          "farkas_verify": { "verdict": "verified" }
        },
        "exact_recovery": {
          "result": "error",
          "ms": 0,
          "kind": "exact_search_exhausted",
          "detail": "exact recovery examined 98 support set(s) of size <= 4 and found no Farkas witness: on every one the variable-cancellation system was either full rank (only the zero multiplier) or rank-deficient by more than one (no extreme ray has exactly that support), or the ray it pinned failed the sign or contradiction condition"
        }
      }
    },
    "cvc5": {
      "smtlib_logic": "QF_LIA",
      "solver_response": "unsat",
      "solver_ms": 7,
      "proof_body_present": true,
      "proof_bytes": 15486,
      "native_extraction": {
        "attempted": true,
        "result": "error",
        "ms": 0,
        "kind": "no_la_generic",
        "detail": "no la_generic step in proof"
      },
      "case_split_extraction": "error: no_la_generic",
      "fallback_search": {
        "route": "bounded_enumeration",
        "bounded_enumeration": {
          "result": "ok",
          "ms": 2,
          "witness": {
            "coefficients": [
              { "hypothesis": "h1", "coefficient": "1" },
              { "hypothesis": "h2", "coefficient": "1" },
              { "hypothesis": "h3", "coefficient": "1" },
              { "hypothesis": "h4", "coefficient": "1" },
              { "hypothesis": "h5", "coefficient": "1" },
              { "hypothesis": "h6", "coefficient": "1" },
              { "hypothesis": "neg_goal", "coefficient": "1" }
            ]
          },
          "farkas_verify": { "verdict": "verified" }
        },
        "exact_recovery": {
          "result": "error",
          "ms": 0,
          "kind": "exact_search_exhausted",
          "detail": "exact recovery examined 98 support set(s) of size <= 4 and found no Farkas witness: on every one the variable-cancellation system was either full rank (only the zero multiplier) or rank-deficient by more than one (no extreme ray has exactly that support), or the ray it pinned failed the sign or contradiction condition"
        }
      }
    },
    "cvc4": {
      "smtlib_logic": "QF_LIA",
      "solver_response": "unsat",
      "solver_ms": 4,
      "proof_body_present": false,
      "native_extraction": "cvc4 has no proof-trace path (adapter goes straight to the internal closer)",
      "fallback_search": {
        "route": "bounded_enumeration",
        "bounded_enumeration": {
          "result": "ok",
          "ms": 3,
          "witness": {
            "coefficients": [
              { "hypothesis": "h1", "coefficient": "1" },
              { "hypothesis": "h2", "coefficient": "1" },
              { "hypothesis": "h3", "coefficient": "1" },
              { "hypothesis": "h4", "coefficient": "1" },
              { "hypothesis": "h5", "coefficient": "1" },
              { "hypothesis": "h6", "coefficient": "1" },
              { "hypothesis": "neg_goal", "coefficient": "1" }
            ]
          },
          "farkas_verify": { "verdict": "verified" }
        },
        "exact_recovery": {
          "result": "error",
          "ms": 0,
          "kind": "exact_search_exhausted",
          "detail": "exact recovery examined 98 support set(s) of size <= 4 and found no Farkas witness: on every one the variable-cancellation system was either full rank (only the zero multiplier) or rank-deficient by more than one (no extreme ray has exactly that support), or the ray it pinned failed the sign or contradiction condition"
        }
      }
    }
  },
  "adapter_minted": {
    "z3": {
      "outcome": "cert",
      "cert": {
        "tier": 1,
        "format": "farkas",
        "payload": {
          "witness_kind": "farkas",
          "witness_data": {
            "coefficients": [
              { "hypothesis": "h6", "coefficient": "1" },
              { "hypothesis": "h4", "coefficient": "1" },
              { "hypothesis": "h3", "coefficient": "1" },
              { "hypothesis": "h2", "coefficient": "1" },
              { "hypothesis": "neg_goal", "coefficient": "1" },
              { "hypothesis": "h1", "coefficient": "1" },
              { "hypothesis": "h5", "coefficient": "1" }
            ]
          }
        }
      }
    },
    "cvc5": {
      "outcome": "cert",
      "cert": {
        "tier": 3,
        "format": "alethe-2024",
        "payload": { "payload": "other" }
      }
    },
    "cvc4": {
      "outcome": "cert",
      "cert": {
        "tier": 1,
        "format": "farkas",
        "payload": {
          "witness_kind": "farkas",
          "witness_data": {
            "coefficients": [
              { "hypothesis": "h1", "coefficient": "1" },
              { "hypothesis": "h2", "coefficient": "1" },
              { "hypothesis": "h3", "coefficient": "1" },
              { "hypothesis": "h4", "coefficient": "1" },
              { "hypothesis": "h5", "coefficient": "1" },
              { "hypothesis": "h6", "coefficient": "1" },
              { "hypothesis": "neg_goal", "coefficient": "1" }
            ]
          }
        }
      }
    }
  },
  "fallback_bound_sweep": {
    "smallest_successful_bound": 3,
    "ms": 3,
    "witness": {
      "coefficients": [
        { "hypothesis": "h1", "coefficient": "1" },
        { "hypothesis": "h2", "coefficient": "1" },
        { "hypothesis": "h3", "coefficient": "1" },
        { "hypothesis": "h4", "coefficient": "1" },
        { "hypothesis": "h5", "coefficient": "1" },
        { "hypothesis": "h6", "coefficient": "1" },
        { "hypothesis": "neg_goal", "coefficient": "1" }
      ]
    }
  }
}
