pb_dump_ir: wrote ir/B1_true_2p21.json | hypotheses=3 fragment=LIA | skipped_locals=[g_hi — data local at an undeclarable type (ZMod P)] | nat_atoms=[_pb_atom_0] | numeral_defs=[RmsNorm.P=18446744069414584321]
ir/B1_true_2p21.dump.lean:18:2: warning: 'pb_dump_ir"ir/B1_true_2p21.json"' tactic does nothing

Note: This linter can be disabled with `set_option linter.unusedTactic false`
cumulative profiling times:
	attribute application 0.0139ms
	elaboration 3.83ms
	fix level params 0.0165ms
	instantiate metavars 0.0365ms
	interpretation 0.115ms
	linting 16.7ms
	module linting 0.0013ms
	overlappingInstancesLinter 0.659ms
	parsing 0.381ms
	process pre-definitions 0.302ms
	share common exprs 0.0723ms
	tactic execution 14.3ms
	tacticAnalysis 1.74ms
	type checking 10.1ms
	typeclass inference 17ms
PEAK_RSS_BYTES=703770624
EXIT=0 WALL=4.2s CAP=8G
