pb_dump_ir: wrote ir/B2_false_2p22.json | hypotheses=3 fragment=LIA | skipped_locals=[g_hi — data local at an undeclarable type (ZMod P)] | nat_atoms=[_pb_atom_0] | numeral_defs=[RmsNorm.P=18446744069414584321]
ir/B2_false_2p22.dump.lean:16:0: warning: declaration uses `sorry`
ir/B2_false_2p22.dump.lean:18:2: warning: 'pb_dump_ir"ir/B2_false_2p22.json"' tactic does nothing

Note: This linter can be disabled with `set_option linter.unusedTactic false`
cumulative profiling times:
	attribute application 0.00794ms
	elaboration 3.01ms
	fix level params 0.0114ms
	instantiate metavars 0.0113ms
	interpretation 0.0971ms
	linting 15.3ms
	module linting 0.00107ms
	overlappingInstancesLinter 0.627ms
	parsing 0.333ms
	process pre-definitions 0.17ms
	share common exprs 0.0457ms
	tactic execution 9.53ms
	tacticAnalysis 1.78ms
	type checking 0.248ms
	typeclass inference 4.67ms
PEAK_RSS_BYTES=702439424
EXIT=0 WALL=4.6s CAP=8G
