pb_dump_ir: wrote ir/B3_false_wide_bound.json | hypotheses=3 fragment=LIA | skipped_locals=[g_hi — data local at an undeclarable type (ZMod P)] | nat_atoms=[_pb_atom_0] | numeral_defs=[RmsNorm.P=18446744069414584321]
ir/B3_false_wide_bound.dump.lean:16:0: warning: declaration uses `sorry`
ir/B3_false_wide_bound.dump.lean:18:2: warning: 'pb_dump_ir"ir/B3_false_wide_bound.json"' tactic does nothing

Note: This linter can be disabled with `set_option linter.unusedTactic false`
cumulative profiling times:
	attribute application 0.0122ms
	elaboration 2.89ms
	fix level params 0.0107ms
	instantiate metavars 0.00853ms
	interpretation 0.149ms
	linting 14.8ms
	module linting 0.000942ms
	overlappingInstancesLinter 1.04ms
	parsing 0.403ms
	process pre-definitions 0.2ms
	share common exprs 0.0411ms
	tactic execution 6.54ms
	tacticAnalysis 1.99ms
	type checking 0.442ms
	typeclass inference 4.1ms
PEAK_RSS_BYTES=703590400
EXIT=0 WALL=4.1s CAP=8G
