pb_dump_ir: wrote ir/C1_coef_1.json | hypotheses=3 fragment=LIA | skipped_locals=[g_hi — data local at an undeclarable type (ZMod P)] | nat_atoms=[_pb_atom_0] | numeral_defs=[RmsNorm.P=18446744069414584321]
ir/C1_coef_1.dump.lean:18:2: warning: 'pb_dump_ir"ir/C1_coef_1.json"' tactic does nothing

Note: This linter can be disabled with `set_option linter.unusedTactic false`
cumulative profiling times:
	attribute application 0.0139ms
	elaboration 17.1ms
	fix level params 0.0163ms
	instantiate metavars 0.0455ms
	interpretation 3.28ms
	linting 47.9ms
	module linting 0.00217ms
	overlappingInstancesLinter 0.963ms
	parsing 0.551ms
	process pre-definitions 0.242ms
	share common exprs 0.0535ms
	tactic execution 48.7ms
	tacticAnalysis 12.7ms
	type checking 17.3ms
	typeclass inference 24.1ms
PEAK_RSS_BYTES=675241984
EXIT=0 WALL=8.5s CAP=8G
