pb_dump_ir: wrote ir/C7_coef_2p10.json | hypotheses=3 fragment=LIA | skipped_locals=[g_hi — data local at an undeclarable type (ZMod P)] | nat_atoms=[_pb_atom_0] | numeral_defs=[RmsNorm.P=18446744069414584321]
ir/C7_coef_2p10.dump.lean:18:2: warning: 'pb_dump_ir"ir/C7_coef_2p10.json"' tactic does nothing

Note: This linter can be disabled with `set_option linter.unusedTactic false`
cumulative profiling times:
	attribute application 0.00754ms
	elaboration 2.66ms
	fix level params 0.0102ms
	instantiate metavars 0.0166ms
	interpretation 0.108ms
	linting 14.4ms
	module linting 0.0011ms
	overlappingInstancesLinter 0.535ms
	parsing 0.313ms
	process pre-definitions 0.121ms
	share common exprs 0.0436ms
	tactic execution 14ms
	tacticAnalysis 2.54ms
	type checking 6.09ms
	typeclass inference 9.15ms
PEAK_RSS_BYTES=705470464
EXIT=0 WALL=4.3s CAP=8G
