pb_dump_ir: wrote ir/O6_E4.json | hypotheses=10 fragment=LIA | skipped_locals=[] | nat_atoms=[_pb_atom_0, _pb_atom_1] | numeral_defs=[RmsNorm.P=18446744069414584321]
ir/O6_E4.dump.lean:20:2: warning: 'pb_dump_ir"ir/O6_E4.json"' tactic does nothing

Note: This linter can be disabled with `set_option linter.unusedTactic false`
cumulative profiling times:
	attribute application 0.0072ms
	elaboration 8.82ms
	fix level params 0.0125ms
	instantiate metavars 0.0296ms
	interpretation 0.133ms
	linting 15.7ms
	module linting 0.00103ms
	overlappingInstancesLinter 0.637ms
	parsing 0.521ms
	process pre-definitions 0.127ms
	share common exprs 0.0569ms
	tactic execution 10.3ms
	tacticAnalysis 5.02ms
	type checking 12.3ms
	typeclass inference 31.1ms
PEAK_RSS_BYTES=706822144
EXIT=0 WALL=4.1s CAP=8G
