pb_dump_ir: wrote ir/P1_decimal_coef.json | hypotheses=3 fragment=LIA | skipped_locals=[g_hi — data local at an undeclarable type (ZMod P)] | nat_atoms=[_pb_atom_0] | numeral_defs=[RmsNorm.P=18446744069414584321]
ir/P1_decimal_coef.dump.lean:18:2: warning: 'pb_dump_ir"ir/P1_decimal_coef.json"' tactic does nothing

Note: This linter can be disabled with `set_option linter.unusedTactic false`
cumulative profiling times:
	attribute application 0.00698ms
	elaboration 2.28ms
	fix level params 0.0172ms
	instantiate metavars 0.0141ms
	interpretation 0.182ms
	linting 18.6ms
	module linting 0.000862ms
	overlappingInstancesLinter 0.732ms
	parsing 0.219ms
	process pre-definitions 0.105ms
	share common exprs 0.0315ms
	tactic execution 11.7ms
	tacticAnalysis 2.01ms
	type checking 5.98ms
	typeclass inference 9.73ms
PEAK_RSS_BYTES=703574016
EXIT=0 WALL=4.2s CAP=8G
