pb_dump_ir: wrote ir/P2_operand_order.json | hypotheses=3 fragment=LIA | skipped_locals=[g_hi — data local at an undeclarable type (ZMod P)] | nat_atoms=[_pb_atom_0] | numeral_defs=[RmsNorm.P=18446744069414584321]
ir/P2_operand_order.dump.lean:18:2: warning: 'pb_dump_ir"ir/P2_operand_order.json"' tactic does nothing

Note: This linter can be disabled with `set_option linter.unusedTactic false`
cumulative profiling times:
	attribute application 0.00837ms
	elaboration 2.74ms
	fix level params 0.0126ms
	instantiate metavars 0.0184ms
	interpretation 0.109ms
	linting 15.7ms
	module linting 0.00112ms
	overlappingInstancesLinter 0.554ms
	parsing 0.248ms
	process pre-definitions 0.155ms
	share common exprs 0.0473ms
	tactic execution 12ms
	tacticAnalysis 3.2ms
	type checking 6.19ms
	typeclass inference 8.91ms
PEAK_RSS_BYTES=703651840
EXIT=0 WALL=4.1s CAP=8G
